../Core/Inc/MFRC522.h:177:9:spi_transfer	32	static
../Core/Inc/MFRC522.h:186:6:writeRegister	16	static
../Core/Inc/MFRC522.h:195:6:readRegister	24	static
../Core/Inc/MFRC522.h:209:6:writeData	32	static
../Core/Inc/MFRC522.h:224:6:readData	48	static
../Core/Inc/MFRC522.h:268:6:Write_MFRC522	16	static
../Core/Inc/MFRC522.h:278:7:Read_MFRC522	24	static
../Core/Inc/MFRC522.h:296:6:MFRC522_Reset	8	static
../Core/Inc/MFRC522.h:320:6:MFRC522_Init	8	static
../Core/Inc/MFRC522.h:349:6:AntennaOn	8	static
../Core/Inc/MFRC522.h:363:6:SetBitMask	24	static
../Core/Inc/MFRC522.h:384:7:MFRC522_Request	32	static
../Core/Inc/MFRC522.h:415:7:MFRC522_ToCard	48	static
../Core/Inc/MFRC522.h:538:6:ClearBitMask	24	static
../Core/Inc/MFRC522.h:555:7:MFRC522_Anticoll	32	static
../Core/Inc/MFRC522.h:601:7:MFRC522_Read	32	static
../Core/Inc/MFRC522.h:626:7:MFRC522_Write	56	static
../Core/Inc/MFRC522.h:671:6:CalulateCRC	40	static
../Core/Inc/MFRC522.h:712:7:MFRC522_SelectTag	48	static
../Core/Inc/MFRC522.h:755:7:MFRC522_Auth	56	static
../Core/Inc/MFRC522.h:797:6:MFRC522_Halt	32	static
../Core/Inc/MFRC522.h:819:6:AntennaOff	8	static
../Core/Src/main.c:86:5:main	496	static
../Core/Src/main.c:404:6:SystemClock_Config	88	static
../Core/Src/main.c:451:13:MX_I2C1_Init	8	static
../Core/Src/main.c:485:13:MX_SPI1_Init	8	static
../Core/Src/main.c:523:13:MX_UART4_Init	8	static
../Core/Src/main.c:556:13:MX_GPIO_Init	40	static
../Core/Src/main.c:584:6:Error_Handler	4	static,ignoring_inline_asm
