Archive member included to satisfy reference by file (symbol)

c:/users/muzaffer/desktop/gcc-arm-none-eabi-10-2020-q4-major/bin/../lib/gcc/arm-none-eabi/10.2.1/thumb/v7e-m/nofp\libgcc.a(_arm_muldf3.o)
                              CMakeFiles/rfid.elf.dir/Core/Src/ssd1306.c.obj (__aeabi_dmul)
c:/users/muzaffer/desktop/gcc-arm-none-eabi-10-2020-q4-major/bin/../lib/gcc/arm-none-eabi/10.2.1/thumb/v7e-m/nofp\libgcc.a(_arm_mulsf3.o)
                              CMakeFiles/rfid.elf.dir/Core/Src/ssd1306.c.obj (__aeabi_fmul)
c:/users/muzaffer/desktop/gcc-arm-none-eabi-10-2020-q4-major/bin/../lib/gcc/arm-none-eabi/10.2.1/thumb/v7e-m/nofp\libgcc.a(_arm_addsubdf3.o)
                              CMakeFiles/rfid.elf.dir/Core/Src/ssd1306_tests.c.obj (__aeabi_ui2d)
c:/users/muzaffer/desktop/gcc-arm-none-eabi-10-2020-q4-major/bin/../lib/gcc/arm-none-eabi/10.2.1/thumb/v7e-m/nofp\libgcc.a(_arm_muldivdf3.o)
                              CMakeFiles/rfid.elf.dir/Core/Src/ssd1306.c.obj (__aeabi_ddiv)
c:/users/muzaffer/desktop/gcc-arm-none-eabi-10-2020-q4-major/bin/../lib/gcc/arm-none-eabi/10.2.1/thumb/v7e-m/nofp\libgcc.a(_arm_fixdfsi.o)
                              CMakeFiles/rfid.elf.dir/Core/Src/ssd1306.c.obj (__aeabi_d2iz)
c:/users/muzaffer/desktop/gcc-arm-none-eabi-10-2020-q4-major/bin/../lib/gcc/arm-none-eabi/10.2.1/thumb/v7e-m/nofp\libgcc.a(_arm_truncdfsf2.o)
                              CMakeFiles/rfid.elf.dir/Core/Src/ssd1306.c.obj (__aeabi_d2f)
c:/users/muzaffer/desktop/gcc-arm-none-eabi-10-2020-q4-major/bin/../lib/gcc/arm-none-eabi/10.2.1/thumb/v7e-m/nofp\libgcc.a(_arm_addsubsf3.o)
                              CMakeFiles/rfid.elf.dir/Core/Src/ssd1306.c.obj (__aeabi_ui2f)
c:/users/muzaffer/desktop/gcc-arm-none-eabi-10-2020-q4-major/bin/../lib/gcc/arm-none-eabi/10.2.1/thumb/v7e-m/nofp\libgcc.a(_arm_muldivsf3.o)
                              CMakeFiles/rfid.elf.dir/Core/Src/ssd1306.c.obj (__aeabi_fdiv)
c:/users/muzaffer/desktop/gcc-arm-none-eabi-10-2020-q4-major/bin/../lib/gcc/arm-none-eabi/10.2.1/thumb/v7e-m/nofp\libgcc.a(_aeabi_uldivmod.o)
                              CMakeFiles/rfid.elf.dir/Drivers/STM32F4xx_HAL_Driver/Src/stm32f4xx_hal_rcc.c.obj (__aeabi_uldivmod)
c:/users/muzaffer/desktop/gcc-arm-none-eabi-10-2020-q4-major/bin/../lib/gcc/arm-none-eabi/10.2.1/thumb/v7e-m/nofp\libgcc.a(_udivmoddi4.o)
                              c:/users/muzaffer/desktop/gcc-arm-none-eabi-10-2020-q4-major/bin/../lib/gcc/arm-none-eabi/10.2.1/thumb/v7e-m/nofp\libgcc.a(_aeabi_uldivmod.o) (__udivmoddi4)
c:/users/muzaffer/desktop/gcc-arm-none-eabi-10-2020-q4-major/bin/../lib/gcc/arm-none-eabi/10.2.1/thumb/v7e-m/nofp\libgcc.a(_dvmd_tls.o)
                              c:/users/muzaffer/desktop/gcc-arm-none-eabi-10-2020-q4-major/bin/../lib/gcc/arm-none-eabi/10.2.1/thumb/v7e-m/nofp\libgcc.a(_aeabi_uldivmod.o) (__aeabi_ldiv0)
c:/users/muzaffer/desktop/gcc-arm-none-eabi-10-2020-q4-major/bin/../lib/gcc/arm-none-eabi/10.2.1/../../../../arm-none-eabi/lib/thumb/v7e-m/nofp\libg.a(lib_a-errno.o)
                              CMakeFiles/rfid.elf.dir/Core/Src/syscalls.c.obj (__errno)
c:/users/muzaffer/desktop/gcc-arm-none-eabi-10-2020-q4-major/bin/../lib/gcc/arm-none-eabi/10.2.1/../../../../arm-none-eabi/lib/thumb/v7e-m/nofp\libg.a(lib_a-exit.o)
                              c:/users/muzaffer/desktop/gcc-arm-none-eabi-10-2020-q4-major/bin/../lib/gcc/arm-none-eabi/10.2.1/../../../../arm-none-eabi/lib/thumb/v7e-m/nofp/crt0.o (exit)
c:/users/muzaffer/desktop/gcc-arm-none-eabi-10-2020-q4-major/bin/../lib/gcc/arm-none-eabi/10.2.1/../../../../arm-none-eabi/lib/thumb/v7e-m/nofp\libg.a(lib_a-impure.o)
                              c:/users/muzaffer/desktop/gcc-arm-none-eabi-10-2020-q4-major/bin/../lib/gcc/arm-none-eabi/10.2.1/../../../../arm-none-eabi/lib/thumb/v7e-m/nofp\libg.a(lib_a-exit.o) (_global_impure_ptr)
c:/users/muzaffer/desktop/gcc-arm-none-eabi-10-2020-q4-major/bin/../lib/gcc/arm-none-eabi/10.2.1/../../../../arm-none-eabi/lib/thumb/v7e-m/nofp\libg.a(lib_a-init.o)
                              c:/users/muzaffer/desktop/gcc-arm-none-eabi-10-2020-q4-major/bin/../lib/gcc/arm-none-eabi/10.2.1/../../../../arm-none-eabi/lib/thumb/v7e-m/nofp/crt0.o (__libc_init_array)
c:/users/muzaffer/desktop/gcc-arm-none-eabi-10-2020-q4-major/bin/../lib/gcc/arm-none-eabi/10.2.1/../../../../arm-none-eabi/lib/thumb/v7e-m/nofp\libg.a(lib_a-memcpy.o)
                              CMakeFiles/rfid.elf.dir/Core/Src/ssd1306.c.obj (memcpy)
c:/users/muzaffer/desktop/gcc-arm-none-eabi-10-2020-q4-major/bin/../lib/gcc/arm-none-eabi/10.2.1/../../../../arm-none-eabi/lib/thumb/v7e-m/nofp\libg.a(lib_a-memmove.o)
                              CMakeFiles/rfid.elf.dir/Core/Src/ssd1306_tests.c.obj (memmove)
c:/users/muzaffer/desktop/gcc-arm-none-eabi-10-2020-q4-major/bin/../lib/gcc/arm-none-eabi/10.2.1/../../../../arm-none-eabi/lib/thumb/v7e-m/nofp\libg.a(lib_a-memset.o)
[...]
Memory Configuration

Name             Origin             Length             Attributes
CCMRAM           0x10000000         0x00010000         xrw
RAM              0x20000000         0x00020000         xrw
FLASH            0x08000000         0x00100000         xr
*default*        0x00000000         0xffffffff

Linker script and memory map

LOAD c:/users/muzaffer/desktop/gcc-arm-none-eabi-10-2020-q4-major/bin/../lib/gcc/arm-none-eabi/10.2.1/thumb/v7e-m/nofp/crti.o
LOAD c:/users/muzaffer/desktop/gcc-arm-none-eabi-10-2020-q4-major/bin/../lib/gcc/arm-none-eabi/10.2.1/thumb/v7e-m/nofp/crtbegin.o
LOAD c:/users/muzaffer/desktop/gcc-arm-none-eabi-10-2020-q4-major/bin/../lib/gcc/arm-none-eabi/10.2.1/../../../../arm-none-eabi/lib/thumb/v7e-m/nofp/crt0.o
LOAD CMakeFiles/rfid.elf.dir/Core/Src/main.c.obj
LOAD CMakeFiles/rfid.elf.dir/Core/Src/ssd1306.c.obj
LOAD CMakeFiles/rfid.elf.dir/Core/Src/ssd1306_fonts.c.obj
LOAD CMakeFiles/rfid.elf.dir/Core/Src/ssd1306_tests.c.obj
LOAD CMakeFiles/rfid.elf.dir/Core/Src/stm32f4xx_hal_msp.c.obj
LOAD CMakeFiles/rfid.elf.dir/Core/Src/stm32f4xx_it.c.obj
LOAD CMakeFiles/rfid.elf.dir/Core/Src/syscalls.c.obj
LOAD CMakeFiles/rfid.elf.dir/Core/Src/sysmem.c.obj
LOAD CMakeFiles/rfid.elf.dir/Core/Src/system_stm32f4xx.c.obj
LOAD CMakeFiles/rfid.elf.dir/Core/Startup/startup_stm32f407vgtx.s.obj
LOAD CMakeFiles/rfid.elf.dir/Drivers/STM32F4xx_HAL_Driver/Src/stm32f4xx_hal.c.obj
LOAD CMakeFiles/rfid.elf.dir/Drivers/STM32F4xx_HAL_Driver/Src/stm32f4xx_hal_cortex.c.obj
LOAD CMakeFiles/rfid.elf.dir/Drivers/STM32F4xx_HAL_Driver/Src/stm32f4xx_hal_dma.c.obj
LOAD CMakeFiles/rfid.elf.dir/Drivers/STM32F4xx_HAL_Driver/Src/stm32f4xx_hal_dma_ex.c.obj
LOAD CMakeFiles/rfid.elf.dir/Drivers/STM32F4xx_HAL_Driver/Src/stm32f4xx_hal_exti.c.obj
LOAD CMakeFiles/rfid.elf.dir/Drivers/STM32F4xx_HAL_Driver/Src/stm32f4xx_hal_flash.c.obj
LOAD CMakeFiles/rfid.elf.dir/Drivers/STM32F4xx_HAL_Driver/Src/stm32f4xx_hal_flash_ex.c.obj
LOAD CMakeFiles/rfid.elf.dir/Drivers/STM32F4xx_HAL_Driver/Src/stm32f4xx_hal_flash_ramfunc.c.obj
LOAD CMakeFiles/rfid.elf.dir/Drivers/STM32F4xx_HAL_Driver/Src/stm32f4xx_hal_gpio.c.obj
LOAD CMakeFiles/rfid.elf.dir/Drivers/STM32F4xx_HAL_Driver/Src/stm32f4xx_hal_i2c.c.obj
LOAD CMakeFiles/rfid.elf.dir/Drivers/STM32F4xx_HAL_Driver/Src/stm32f4xx_hal_i2c_ex.c.obj
LOAD CMakeFiles/rfid.elf.dir/Drivers/STM32F4xx_HAL_Driver/Src/stm32f4xx_hal_pwr.c.obj
LOAD CMakeFiles/rfid.elf.dir/Drivers/STM32F4xx_HAL_Driver/Src/stm32f4xx_hal_pwr_ex.c.obj
LOAD CMakeFiles/rfid.elf.dir/Drivers/STM32F4xx_HAL_Driver/Src/stm32f4xx_hal_rcc.c.obj
LOAD CMakeFiles/rfid.elf.dir/Drivers/STM32F4xx_HAL_Driver/Src/stm32f4xx_hal_rcc_ex.c.obj
LOAD CMakeFiles/rfid.elf.dir/Drivers/STM32F4xx_HAL_Driver/Src/stm32f4xx_hal_spi.c.obj
LOAD CMakeFiles/rfid.elf.dir/Drivers/STM32F4xx_HAL_Driver/Src/stm32f4xx_hal_tim.c.obj
LOAD CMakeFiles/rfid.elf.dir/Drivers/STM32F4xx_HAL_Driver/Src/stm32f4xx_hal_tim_ex.c.obj
START GROUP
LOAD c:/users/muzaffer/desktop/gcc-arm-none-eabi-10-2020-q4-major/bin/../lib/gcc/arm-none-eabi/10.2.1/thumb/v7e-m/nofp\libgcc.a
LOAD c:/users/muzaffer/desktop/gcc-arm-none-eabi-10-2020-q4-major/bin/../lib/gcc/arm-none-eabi/10.2.1/../../../../arm-none-eabi/lib/thumb/v7e-m/nofp\libg.a
LOAD c:/users/muzaffer/desktop/gcc-arm-none-eabi-10-2020-q4-major/bin/../lib/gcc/arm-none-eabi/10.2.1/../../../../arm-none-eabi/lib/thumb/v7e-m/nofp\libc.a
END GROUP
LOAD c:/users/muzaffer/desktop/gcc-arm-none-eabi-10-2020-q4-major/bin/../lib/gcc/arm-none-eabi/10.2.1/thumb/v7e-m/nofp/crtend.o
LOAD c:/users/muzaffer/desktop/gcc-arm-none-eabi-10-2020-q4-major/bin/../lib/gcc/arm-none-eabi/10.2.1/thumb/v7e-m/nofp/crtn.o
                0x20020000                _estack = (ORIGIN (RAM) + LENGTH (RAM))
                0x00000200                _Min_Heap_Size = 0x200
                0x00000400                _Min_Stack_Size = 0x400

.isr_vector     0x08000000      0x188
                0x08000000                . = ALIGN (0x4)
 *(.isr_vector)
 .isr_vector    0x08000000      0x188 CMakeFiles/rfid.elf.dir/Core/Startup/startup_stm32f407vgtx.s.obj
                0x08000000                g_pfnVectors
                0x08000188                . = ALIGN (0x4)

.text           0x080001c0     0x845c
                0x080001c0                . = ALIGN (0x4)
 *(.text)
 .text          0x080001c0       0x40 c:/users/muzaffer/desktop/gcc-arm-none-eabi-10-2020-q4-major/bin/../lib/gcc/arm-none-eabi/10.2.1/thumb/v7e-m/nofp/crtbegin.o
 .text          0x08000200      0x378 c:/users/muzaffer/desktop/gcc-arm-none-eabi-10-2020-q4-major/bin/../lib/gcc/arm-none-eabi/10.2.1/thumb/v7e-m/nofp\libgcc.a(_arm_addsubdf3.o)
                0x08000200                __aeabi_drsub
                0x08000208                __aeabi_dsub
                0x08000208                __subdf3
                0x0800020c                __aeabi_dadd
                0x0800020c                __adddf3
                0x08000484                __floatunsidf
                0x08000484                __aeabi_ui2d
                0x080004a4                __floatsidf
                0x080004a4                __aeabi_i2d
                0x080004c8                __aeabi_f2d
                0x080004c8                __extendsfdf2
                0x0800050c                __floatundidf
                0x0800050c                __aeabi_ul2d
                0x0800051c                __floatdidf
                0x0800051c                __aeabi_l2d
 .text          0x08000578      0x424 c:/users/muzaffer/desktop/gcc-arm-none-eabi-10-2020-q4-major/bin/../lib/gcc/arm-none-eabi/10.2.1/thumb/v7e-m/nofp\libgcc.a(_arm_muldivdf3.o)
                0x08000578                __aeabi_dmul
                0x08000578                __muldf3
                0x080007cc                __divdf3
                0x080007cc                __aeabi_ddiv
 .text          0x0800099c       0x50 c:/users/muzaffer/desktop/gcc-arm-none-eabi-10-2020-q4-major/bin/../lib/gcc/arm-none-eabi/10.2.1/thumb/v7e-m/nofp\libgcc.a(_arm_fixdfsi.o)
                0x0800099c                __aeabi_d2iz
                0x0800099c                __fixdfsi
 .text          0x080009ec       0x30 c:/users/muzaffer/desktop/gcc-arm-none-eabi-10-2020-q4-major/bin/../lib/gcc/arm-none-eabi/10.2.1/thumb/v7e-m/nofp\libgcc.a(_aeabi_uldivmod.o)
                0x080009ec                __aeabi_uldivmod
 .text          0x08000a1c      0x2d0 c:/users/muzaffer/desktop/gcc-arm-none-eabi-10-2020-q4-major/bin/../lib/gcc/arm-none-eabi/10.2.1/thumb/v7e-m/nofp\libgcc.a(_udivmoddi4.o)
                0x08000a1c                __udivmoddi4
 .text          0x08000cec        0x4 c:/users/muzaffer/desktop/gcc-arm-none-eabi-10-2020-q4-major/bin/../lib/gcc/arm-none-eabi/10.2.1/thumb/v7e-m/nofp\libgcc.a(_dvmd_tls.o)
                0x08000cec                __aeabi_idiv0
                0x08000cec                __aeabi_ldiv0
 .text          0x08000cf0      0x134 c:/users/muzaffer/desktop/gcc-arm-none-eabi-10-2020-q4-major/bin/../lib/gcc/arm-none-eabi/10.2.1/../../../../arm-none-eabi/lib/thumb/v7e-m/nofp\libg.a(lib_a-memcpy.o)
                0x08000cf0                memcpy
 *fill*         0x08000e24        0xc 
 .text          0x08000e30       0xa0 c:/users/muzaffer/desktop/gcc-arm-none-eabi-10-2020-q4-major/bin/../lib/gcc/arm-none-eabi/10.2.1/../../../../arm-none-eabi/lib/thumb/v7e-m/nofp\libg.a(lib_a-memchr.o)
                0x08000e30                memchr
 *fill*         0x08000ed0       0x30 
 .text          0x08000f00       0xdc c:/users/muzaffer/desktop/gcc-arm-none-eabi-10-2020-q4-major/bin/../lib/gcc/arm-none-eabi/10.2.1/../../../../arm-none-eabi/lib/thumb/v7e-m/nofp\libg.a(lib_a-strlen.o)
                0x08000f00                strlen
 .text          0x08000fdc      0x110 c:/users/muzaffer/desktop/gcc-arm-none-eabi-10-2020-q4-major/bin/../lib/gcc/arm-none-eabi/10.2.1/thumb/v7e-m/nofp\libgcc.a(_arm_cmpdf2.o)
                0x08000fdc                __gtdf2
                0x08000fdc                __gedf2
                0x08000fe4                __ltdf2
                0x08000fe4                __ledf2
                0x08000fec                __nedf2
                0x08000fec                __eqdf2
                0x08000fec                __cmpdf2
                0x08001068                __aeabi_cdrcmple
                0x08001078                __aeabi_cdcmpeq
                0x08001078                __aeabi_cdcmple
                0x08001088                __aeabi_dcmpeq
                0x0800109c                __aeabi_dcmplt
                0x080010b0                __aeabi_dcmple
                0x080010c4                __aeabi_dcmpge
                0x080010d8                __aeabi_dcmpgt
 .text          0x080010ec       0x2c c:/users/muzaffer/desktop/gcc-arm-none-eabi-10-2020-q4-major/bin/../lib/gcc/arm-none-eabi/10.2.1/thumb/v7e-m/nofp\libgcc.a(_arm_unorddf2.o)
                0x080010ec                __unorddf2
                0x080010ec                __aeabi_dcmpun
 *(.text*)
 .text.MX_GPIO_Init
                0x08001118       0x54 CMakeFiles/rfid.elf.dir/Core/Src/main.c.obj
 .text.spi_transfer
                0x0800116c       0x2c CMakeFiles/rfid.elf.dir/Core/Src/main.c.obj
                0x0800116c                spi_transfer
 .text.Write_MFRC522
                0x08001198       0x2c CMakeFiles/rfid.elf.dir/Core/Src/main.c.obj
                0x08001198                Write_MFRC522
 .text.Read_MFRC522
                0x080011c4       0x30 CMakeFiles/rfid.elf.dir/Core/Src/main.c.obj
                0x080011c4                Read_MFRC522
 .text.MFRC522_Reset
                0x080011f4        0xc CMakeFiles/rfid.elf.dir/Core/Src/main.c.obj
                0x080011f4                MFRC522_Reset
 .text.SetBitMask
                0x08001200       0x18 CMakeFiles/rfid.elf.dir/Core/Src/main.c.obj
                0x08001200                SetBitMask
 .text.AntennaOn
                0x08001218        0xc CMakeFiles/rfid.elf.dir/Core/Src/main.c.obj
                0x08001218                AntennaOn
 .text.MFRC522_Init
                0x08001224       0x3c CMakeFiles/rfid.elf.dir/Core/Src/main.c.obj
                0x08001224                MFRC522_Init
 .text.ClearBitMask
                0x08001260       0x18 CMakeFiles/rfid.elf.dir/Core/Src/main.c.obj
                0x08001260                ClearBitMask
 .text.MFRC522_ToCard
                0x08001278      0x106 CMakeFiles/rfid.elf.dir/Core/Src/main.c.obj
                0x08001278                MFRC522_ToCard
 .text.MFRC522_Request
                0x0800137e       0x34 CMakeFiles/rfid.elf.dir/Core/Src/main.c.obj
                0x0800137e                MFRC522_Request
 .text.MFRC522_Anticoll
                0x080013b2       0x4a CMakeFiles/rfid.elf.dir/Core/Src/main.c.obj
                0x080013b2                MFRC522_Anticoll
 .text.Error_Handler
                0x080013fc        0x4 CMakeFiles/rfid.elf.dir/Core/Src/main.c.obj
                0x080013fc                Error_Handler
 .text.MX_SPI1_Init
                0x08001400       0x40 CMakeFiles/rfid.elf.dir/Core/Src/main.c.obj
 .text.MX_I2C1_Init
                0x08001440       0x38 CMakeFiles/rfid.elf.dir/Core/Src/main.c.obj
 .text.SystemClock_Config
                0x08001478       0xa4 CMakeFiles/rfid.elf.dir/Core/Src/main.c.obj
                0x08001478                SystemClock_Config
 .text.main     0x0800151c       0x60 CMakeFiles/rfid.elf.dir/Core/Src/main.c.obj
                0x0800151c                main
 .text.HAL_MspInit
                0x0800157c       0x40 CMakeFiles/rfid.elf.dir/Core/Src/stm32f4xx_hal_msp.c.obj
                0x0800157c                HAL_MspInit
 .text.HAL_I2C_MspInit
                0x080015bc       0x70 CMakeFiles/rfid.elf.dir/Core/Src/stm32f4xx_hal_msp.c.obj
                0x080015bc                HAL_I2C_MspInit
 .text.HAL_SPI_MspInit
                0x0800162c       0x70 CMakeFiles/rfid.elf.dir/Core/Src/stm32f4xx_hal_msp.c.obj
                0x0800162c                HAL_SPI_MspInit
 .text.NMI_Handler
                0x0800169c        0x2 CMakeFiles/rfid.elf.dir/Core/Src/stm32f4xx_it.c.obj
                0x0800169c                NMI_Handler
 .text.HardFault_Handler
                0x0800169e        0x2 CMakeFiles/rfid.elf.dir/Core/Src/stm32f4xx_it.c.obj
                0x0800169e                HardFault_Handler
 .text.MemManage_Handler
                0x080016a0        0x2 CMakeFiles/rfid.elf.dir/Core/Src/stm32f4xx_it.c.obj
                0x080016a0                MemManage_Handler
 .text.BusFault_Handler
                0x080016a2        0x2 CMakeFiles/rfid.elf.dir/Core/Src/stm32f4xx_it.c.obj
                0x080016a2                BusFault_Handler
 .text.UsageFault_Handler
                0x080016a4        0x2 CMakeFiles/rfid.elf.dir/Core/Src/stm32f4xx_it.c.obj
                0x080016a4                UsageFault_Handler
 .text.SVC_Handler
                0x080016a6        0x2 CMakeFiles/rfid.elf.dir/Core/Src/stm32f4xx_it.c.obj
                0x080016a6                SVC_Handler
 .text.DebugMon_Handler
                0x080016a8        0x2 CMakeFiles/rfid.elf.dir/Core/Src/stm32f4xx_it.c.obj
                0x080016a8                DebugMon_Handler
 .text.PendSV_Handler
                0x080016aa        0x2 CMakeFiles/rfid.elf.dir/Core/Src/stm32f4xx_it.c.obj
                0x080016aa                PendSV_Handler
 .text.SysTick_Handler
                0x080016ac        0x8 CMakeFiles/rfid.elf.dir/Core/Src/stm32f4xx_it.c.obj
                0x080016ac                SysTick_Handler
 .text._getpid  0x080016b4        0x4 CMakeFiles/rfid.elf.dir/Core/Src/syscalls.c.obj
                0x080016b4                _getpid
 .text._kill    0x080016b8       0x10 CMakeFiles/rfid.elf.dir/Core/Src/syscalls.c.obj
                0x080016b8                _kill
 .text._exit    0x080016c8        0xc CMakeFiles/rfid.elf.dir/Core/Src/syscalls.c.obj
                0x080016c8                _exit
 .text._read    0x080016d4       0x20 CMakeFiles/rfid.elf.dir/Core/Src/syscalls.c.obj
                0x080016d4                _read
 .text._write   0x080016f4       0x1c CMakeFiles/rfid.elf.dir/Core/Src/syscalls.c.obj
                0x080016f4                _write
 .text._close   0x08001710        0x6 CMakeFiles/rfid.elf.dir/Core/Src/syscalls.c.obj
                0x08001710                _close
 .text._fstat   0x08001716        0xa CMakeFiles/rfid.elf.dir/Core/Src/syscalls.c.obj
                0x08001716                _fstat
 .text._isatty  0x08001720        0x4 CMakeFiles/rfid.elf.dir/Core/Src/syscalls.c.obj
                0x08001720                _isatty
 .text._lseek   0x08001724        0x4 CMakeFiles/rfid.elf.dir/Core/Src/syscalls.c.obj
                0x08001724                _lseek
 .text._sbrk    0x08001728       0x48 CMakeFiles/rfid.elf.dir/Core/Src/sysmem.c.obj
                0x08001728                _sbrk
 .text.SystemInit
                0x08001770        0x2 CMakeFiles/rfid.elf.dir/Core/Src/system_stm32f4xx.c.obj
                0x08001770                SystemInit
 *fill*         0x08001772        0x2 
 .text.Reset_Handler
                0x08001774       0x50 CMakeFiles/rfid.elf.dir/Core/Startup/startup_stm32f407vgtx.s.obj
                0x08001774                Reset_Handler
 .text.Default_Handler
                0x080017c4        0x2 CMakeFiles/rfid.elf.dir/Core/Startup/startup_stm32f407vgtx.s.obj
                0x080017c4                RTC_Alarm_IRQHandler
                0x080017c4                HASH_RNG_IRQHandler
                0x080017c4                EXTI2_IRQHandler
                0x080017c4                TIM8_CC_IRQHandler
                0x080017c4                TIM1_CC_IRQHandler
                0x080017c4                DMA2_Stream5_IRQHandler
                0x080017c4                DMA1_Stream5_IRQHandler
                0x080017c4                PVD_IRQHandler
                0x080017c4                SDIO_IRQHandler
                0x080017c4                TAMP_STAMP_IRQHandler
                0x080017c4                CAN2_RX1_IRQHandler
                0x080017c4                EXTI3_IRQHandler
                0x080017c4                TIM8_TRG_COM_TIM14_IRQHandler
                0x080017c4                TIM1_UP_TIM10_IRQHandler
                0x080017c4                TIM8_UP_TIM13_IRQHandler
                0x080017c4                I2C3_ER_IRQHandler
                0x080017c4                EXTI0_IRQHandler
                0x080017c4                I2C2_EV_IRQHandler
                0x080017c4                DMA1_Stream2_IRQHandler
                0x080017c4                CAN1_RX0_IRQHandler
                0x080017c4                FPU_IRQHandler
                0x080017c4                OTG_HS_WKUP_IRQHandler
                0x080017c4                CAN2_SCE_IRQHandler
                0x080017c4                DMA2_Stream2_IRQHandler
                0x080017c4                SPI1_IRQHandler
                0x080017c4                TIM6_DAC_IRQHandler
                0x080017c4                TIM1_BRK_TIM9_IRQHandler
                0x080017c4                DCMI_IRQHandler
                0x080017c4                CAN2_RX0_IRQHandler
                0x080017c4                DMA2_Stream3_IRQHandler
                0x080017c4                USART6_IRQHandler
                0x080017c4                USART3_IRQHandler
                0x080017c4                CAN1_RX1_IRQHandler
                0x080017c4                UART5_IRQHandler
                0x080017c4                DMA2_Stream0_IRQHandler
                0x080017c4                TIM4_IRQHandler
                0x080017c4                I2C1_EV_IRQHandler
                0x080017c4                DMA1_Stream6_IRQHandler
                0x080017c4                DMA1_Stream1_IRQHandler
                0x080017c4                UART4_IRQHandler
                0x080017c4                TIM3_IRQHandler
                0x080017c4                RCC_IRQHandler
                0x080017c4                TIM8_BRK_TIM12_IRQHandler
                0x080017c4                Default_Handler
                0x080017c4                EXTI15_10_IRQHandler
                0x080017c4                ADC_IRQHandler
                0x080017c4                DMA1_Stream7_IRQHandler
                0x080017c4                TIM7_IRQHandler
                0x080017c4                CAN2_TX_IRQHandler
                0x080017c4                TIM5_IRQHandler
                0x080017c4                DMA2_Stream7_IRQHandler
                0x080017c4                I2C3_EV_IRQHandler
                0x080017c4                EXTI9_5_IRQHandler
                0x080017c4                RTC_WKUP_IRQHandler
                0x080017c4                ETH_WKUP_IRQHandler
                0x080017c4                SPI2_IRQHandler
                0x080017c4                OTG_HS_EP1_IN_IRQHandler
                0x080017c4                DMA1_Stream0_IRQHandler
                0x080017c4                CAN1_TX_IRQHandler
                0x080017c4                EXTI4_IRQHandler
                0x080017c4                FSMC_IRQHandler
                0x080017c4                ETH_IRQHandler
                0x080017c4                OTG_HS_EP1_OUT_IRQHandler
                0x080017c4                WWDG_IRQHandler
                0x080017c4                TIM2_IRQHandler
                0x080017c4                OTG_FS_WKUP_IRQHandler
                0x080017c4                TIM1_TRG_COM_TIM11_IRQHandler
                0x080017c4                OTG_HS_IRQHandler
                0x080017c4                EXTI1_IRQHandler
                0x080017c4                USART2_IRQHandler
                0x080017c4                I2C2_ER_IRQHandler
                0x080017c4                DMA2_Stream1_IRQHandler
                0x080017c4                CAN1_SCE_IRQHandler
                0x080017c4                FLASH_IRQHandler
                0x080017c4                DMA2_Stream4_IRQHandler
                0x080017c4                USART1_IRQHandler
                0x080017c4                OTG_FS_IRQHandler
                0x080017c4                SPI3_IRQHandler
                0x080017c4                DMA1_Stream4_IRQHandler
                0x080017c4                I2C1_ER_IRQHandler
                0x080017c4                DMA2_Stream6_IRQHandler
                0x080017c4                DMA1_Stream3_IRQHandler
 *fill*         0x080017c6        0x2 
 .text.HAL_InitTick
                0x080017c8       0x4c CMakeFiles/rfid.elf.dir/Drivers/STM32F4xx_HAL_Driver/Src/stm32f4xx_hal.c.obj
                0x080017c8                HAL_InitTick
 .text.HAL_Init
                0x08001814       0x34 CMakeFiles/rfid.elf.dir/Drivers/STM32F4xx_HAL_Driver/Src/stm32f4xx_hal.c.obj
                0x08001814                HAL_Init
 .text.HAL_IncTick
                0x08001848       0x18 CMakeFiles/rfid.elf.dir/Drivers/STM32F4xx_HAL_Driver/Src/stm32f4xx_hal.c.obj
                0x08001848                HAL_IncTick
 .text.HAL_GetTick
                0x08001860        0xc CMakeFiles/rfid.elf.dir/Drivers/STM32F4xx_HAL_Driver/Src/stm32f4xx_hal.c.obj
                0x08001860                HAL_GetTick
 .text.HAL_NVIC_SetPriorityGrouping
                0x0800186c       0x24 CMakeFiles/rfid.elf.dir/Drivers/STM32F4xx_HAL_Driver/Src/stm32f4xx_hal_cortex.c.obj
                0x0800186c                HAL_NVIC_SetPriorityGrouping
 .text.HAL_NVIC_SetPriority
                0x08001890       0x70 CMakeFiles/rfid.elf.dir/Drivers/STM32F4xx_HAL_Driver/Src/stm32f4xx_hal_cortex.c.obj
                0x08001890                HAL_NVIC_SetPriority
 .text.HAL_SYSTICK_Config
                0x08001900       0x28 CMakeFiles/rfid.elf.dir/Drivers/STM32F4xx_HAL_Driver/Src/stm32f4xx_hal_cortex.c.obj
                0x08001900                HAL_SYSTICK_Config
 .text.HAL_GPIO_Init
                0x08001928      0x1e4 CMakeFiles/rfid.elf.dir/Drivers/STM32F4xx_HAL_Driver/Src/stm32f4xx_hal_gpio.c.obj
                0x08001928                HAL_GPIO_Init
 .text.HAL_GPIO_WritePin
                0x08001b0c        0xc CMakeFiles/rfid.elf.dir/Drivers/STM32F4xx_HAL_Driver/Src/stm32f4xx_hal_gpio.c.obj
                0x08001b0c                HAL_GPIO_WritePin
 .text.HAL_I2C_Init
                0x08001b18      0x1bc CMakeFiles/rfid.elf.dir/Drivers/STM32F4xx_HAL_Driver/Src/stm32f4xx_hal_i2c.c.obj
                0x08001b18                HAL_I2C_Init
 .text.HAL_RCC_OscConfig
                0x08001cd4      0x3f8 CMakeFiles/rfid.elf.dir/Drivers/STM32F4xx_HAL_Driver/Src/stm32f4xx_hal_rcc.c.obj
                0x08001cd4                HAL_RCC_OscConfig
 .text.HAL_RCC_GetSysClockFreq
                0x080020cc       0xd4 CMakeFiles/rfid.elf.dir/Drivers/STM32F4xx_HAL_Driver/Src/stm32f4xx_hal_rcc.c.obj
                0x080020cc                HAL_RCC_GetSysClockFreq
 .text.HAL_RCC_ClockConfig
                0x080021a0      0x160 CMakeFiles/rfid.elf.dir/Drivers/STM32F4xx_HAL_Driver/Src/stm32f4xx_hal_rcc.c.obj
                0x080021a0                HAL_RCC_ClockConfig
 .text.HAL_RCC_GetHCLKFreq
                0x08002300        0xc CMakeFiles/rfid.elf.dir/Drivers/STM32F4xx_HAL_Driver/Src/stm32f4xx_hal_rcc.c.obj
                0x08002300                HAL_RCC_GetHCLKFreq
 .text.HAL_RCC_GetPCLK1Freq
                0x0800230c       0x20 CMakeFiles/rfid.elf.dir/Drivers/STM32F4xx_HAL_Driver/Src/stm32f4xx_hal_rcc.c.obj
                0x0800230c                HAL_RCC_GetPCLK1Freq
 .text.SPI_WaitFlagStateUntilTimeout
                0x0800232c       0xd4 CMakeFiles/rfid.elf.dir/Drivers/STM32F4xx_HAL_Driver/Src/stm32f4xx_hal_spi.c.obj
 .text.SPI_EndRxTxTransaction
                0x08002400       0x68 CMakeFiles/rfid.elf.dir/Drivers/STM32F4xx_HAL_Driver/Src/stm32f4xx_hal_spi.c.obj
 .text.HAL_SPI_Init
                0x08002468       0xbe CMakeFiles/rfid.elf.dir/Drivers/STM32F4xx_HAL_Driver/Src/stm32f4xx_hal_spi.c.obj
                0x08002468                HAL_SPI_Init
 .text.HAL_SPI_TransmitReceive
                0x08002526      0x238 CMakeFiles/rfid.elf.dir/Drivers/STM32F4xx_HAL_Driver/Src/stm32f4xx_hal_spi.c.obj
                0x08002526                HAL_SPI_TransmitReceive
 *fill*         0x0800275e        0x2 
 .text.__errno  0x08002760        0xc c:/users/muzaffer/desktop/gcc-arm-none-eabi-10-2020-q4-major/bin/../lib/gcc/arm-none-eabi/10.2.1/../../../../arm-none-eabi/lib/thumb/v7e-m/nofp\libg.a(lib_a-errno.o)
                0x08002760                __errno
 .text.__libc_init_array
                0x0800276c       0x48 c:/users/muzaffer/desktop/gcc-arm-none-eabi-10-2020-q4-major/bin/../lib/gcc/arm-none-eabi/10.2.1/../../../../arm-none-eabi/lib/thumb/v7e-m/nofp\libg.a(lib_a-init.o)
                0x0800276c                __libc_init_array
 .text.memmove  0x080027b4       0xf8 c:/users/muzaffer/desktop/gcc-arm-none-eabi-10-2020-q4-major/bin/../lib/gcc/arm-none-eabi/10.2.1/../../../../arm-none-eabi/lib/thumb/v7e-m/nofp\libg.a(lib_a-memmove.o)
                0x080027b4                memmove
 .text.memset   0x080028ac       0xa4 c:/users/muzaffer/desktop/gcc-arm-none-eabi-10-2020-q4-major/bin/../lib/gcc/arm-none-eabi/10.2.1/../../../../arm-none-eabi/lib/thumb/v7e-m/nofp\libg.a(lib_a-memset.o)
                0x080028ac                memset
 .text.sprintf  0x08002950       0x40 c:/users/muzaffer/desktop/gcc-arm-none-eabi-10-2020-q4-major/bin/../lib/gcc/arm-none-eabi/10.2.1/../../../../arm-none-eabi/lib/thumb/v7e-m/nofp\libg.a(lib_a-sprintf.o)
                0x08002950                sprintf
 .text._svfprintf_r
                0x08002990     0x1a3c c:/users/muzaffer/desktop/gcc-arm-none-eabi-10-2020-q4-major/bin/../lib/gcc/arm-none-eabi/10.2.1/../../../../arm-none-eabi/lib/thumb/v7e-m/nofp\libg.a(lib_a-svfprintf.o)
                0x08002990                _svfprintf_r
 .text.startup.register_fini
                0x080043cc       0x14 c:/users/muzaffer/desktop/gcc-arm-none-eabi-10-2020-q4-major/bin/../lib/gcc/arm-none-eabi/10.2.1/../../../../arm-none-eabi/lib/thumb/v7e-m/nofp\libg.a(lib_a-__call_atexit.o)
 .text.atexit   0x080043e0        0xc c:/users/muzaffer/desktop/gcc-arm-none-eabi-10-2020-q4-major/bin/../lib/gcc/arm-none-eabi/10.2.1/../../../../arm-none-eabi/lib/thumb/v7e-m/nofp\libg.a(lib_a-atexit.o)
                0x080043e0                atexit
 .text.quorem   0x080043ec      0x124 c:/users/muzaffer/desktop/gcc-arm-none-eabi-10-2020-q4-major/bin/../lib/gcc/arm-none-eabi/10.2.1/../../../../arm-none-eabi/lib/thumb/v7e-m/nofp\libg.a(lib_a-dtoa.o)
 .text._dtoa_r  0x08004510      0xec4 c:/users/muzaffer/desktop/gcc-arm-none-eabi-10-2020-q4-major/bin/../lib/gcc/arm-none-eabi/10.2.1/../../../../arm-none-eabi/lib/thumb/v7e-m/nofp\libg.a(lib_a-dtoa.o)
                0x08004510                _dtoa_r
 .text.__libc_fini_array
                0x080053d4       0x2c c:/users/muzaffer/desktop/gcc-arm-none-eabi-10-2020-q4-major/bin/../lib/gcc/arm-none-eabi/10.2.1/../../../../arm-none-eabi/lib/thumb/v7e-m/nofp\libg.a(lib_a-fini.o)
                0x080053d4                __libc_fini_array
 .text._malloc_trim_r
                0x08005400       0xa0 c:/users/muzaffer/desktop/gcc-arm-none-eabi-10-2020-q4-major/bin/../lib/gcc/arm-none-eabi/10.2.1/../../../../arm-none-eabi/lib/thumb/v7e-m/nofp\libg.a(lib_a-freer.o)
                0x08005400                _malloc_trim_r
 .text._free_r  0x080054a0      0x20c c:/users/muzaffer/desktop/gcc-arm-none-eabi-10-2020-q4-major/bin/../lib/gcc/arm-none-eabi/10.2.1/../../../../arm-none-eabi/lib/thumb/v7e-m/nofp\libg.a(lib_a-freer.o)
                0x080054a0                _free_r
 .text._localeconv_r
                0x080056ac        0x8 c:/users/muzaffer/desktop/gcc-arm-none-eabi-10-2020-q4-major/bin/../lib/gcc/arm-none-eabi/10.2.1/../../../../arm-none-eabi/lib/thumb/v7e-m/nofp\libg.a(lib_a-localeconv.o)
                0x080056ac                _localeconv_r
 .text.__retarget_lock_init_recursive
                0x080056b4        0x4 c:/users/muzaffer/desktop/gcc-arm-none-eabi-10-2020-q4-major/bin/../lib/gcc/arm-none-eabi/10.2.1/../../../../arm-none-eabi/lib/thumb/v7e-m/nofp\libg.a(lib_a-lock.o)
                0x080056b4                __retarget_lock_init_recursive
 .text.__retarget_lock_close_recursive
                0x080056b8        0x4 c:/users/muzaffer/desktop/gcc-arm-none-eabi-10-2020-q4-major/bin/../lib/gcc/arm-none-eabi/10.2.1/../../../../arm-none-eabi/lib/thumb/v7e-m/nofp\libg.a(lib_a-lock.o)
                0x080056b8                __retarget_lock_close_recursive
 .text.__retarget_lock_acquire_recursive
                0x080056bc        0x4 c:/users/muzaffer/desktop/gcc-arm-none-eabi-10-2020-q4-major/bin/../lib/gcc/arm-none-eabi/10.2.1/../../../../arm-none-eabi/lib/thumb/v7e-m/nofp\libg.a(lib_a-lock.o)
                0x080056bc                __retarget_lock_acquire_recursive
 .text.__retarget_lock_release_recursive
                0x080056c0        0x4 c:/users/muzaffer/desktop/gcc-arm-none-eabi-10-2020-q4-major/bin/../lib/gcc/arm-none-eabi/10.2.1/../../../../arm-none-eabi/lib/thumb/v7e-m/nofp\libg.a(lib_a-lock.o)
                0x080056c0                __retarget_lock_release_recursive
 .text._malloc_r
                0x080056c4      0x560 c:/users/muzaffer/desktop/gcc-arm-none-eabi-10-2020-q4-major/bin/../lib/gcc/arm-none-eabi/10.2.1/../../../../arm-none-eabi/lib/thumb/v7e-m/nofp\libg.a(lib_a-mallocr.o)
                0x080056c4                _malloc_r
 .text.__malloc_lock
                0x08005c24        0xc c:/users/muzaffer/desktop/gcc-arm-none-eabi-10-2020-q4-major/bin/../lib/gcc/arm-none-eabi/10.2.1/../../../../arm-none-eabi/lib/thumb/v7e-m/nofp\libg.a(lib_a-mlock.o)
                0x08005c24                __malloc_lock
 .text.__malloc_unlock
                0x08005c30        0xc c:/users/muzaffer/desktop/gcc-arm-none-eabi-10-2020-q4-major/bin/../lib/gcc/arm-none-eabi/10.2.1/../../../../arm-none-eabi/lib/thumb/v7e-m/nofp\libg.a(lib_a-mlock.o)
                0x08005c30                __malloc_unlock
 .text._Balloc  0x08005c3c       0x4c c:/users/muzaffer/desktop/gcc-arm-none-eabi-10-2020-q4-major/bin/../lib/gcc/arm-none-eabi/10.2.1/../../../../arm-none-eabi/lib/thumb/v7e-m/nofp\libg.a(lib_a-mprec.o)
                0x08005c3c                _Balloc
 .text._Bfree   0x08005c88       0x14 c:/users/muzaffer/desktop/gcc-arm-none-eabi-10-2020-q4-major/bin/../lib/gcc/arm-none-eabi/10.2.1/../../../../arm-none-eabi/lib/thumb/v7e-m/nofp\libg.a(lib_a-mprec.o)
                0x08005c88                _Bfree
 .text.__multadd
                0x08005c9c       0xa0 c:/users/muzaffer/desktop/gcc-arm-none-eabi-10-2020-q4-major/bin/../lib/gcc/arm-none-eabi/10.2.1/../../../../arm-none-eabi/lib/thumb/v7e-m/nofp\libg.a(lib_a-mprec.o)
                0x08005c9c                __multadd
 .text.__hi0bits
                0x08005d3c       0x40 c:/users/muzaffer/desktop/gcc-arm-none-eabi-10-2020-q4-major/bin/../lib/gcc/arm-none-eabi/10.2.1/../../../../arm-none-eabi/lib/thumb/v7e-m/nofp\libg.a(lib_a-mprec.o)
                0x08005d3c                __hi0bits
 .text.__lo0bits
                0x08005d7c       0x5c c:/users/muzaffer/desktop/gcc-arm-none-eabi-10-2020-q4-major/bin/../lib/gcc/arm-none-eabi/10.2.1/../../../../arm-none-eabi/lib/thumb/v7e-m/nofp\libg.a(lib_a-mprec.o)
                0x08005d7c                __lo0bits
 .text.__i2b    0x08005dd8       0x5c c:/users/muzaffer/desktop/gcc-arm-none-eabi-10-2020-q4-major/bin/../lib/gcc/arm-none-eabi/10.2.1/../../../../arm-none-eabi/lib/thumb/v7e-m/nofp\libg.a(lib_a-mprec.o)
                0x08005dd8                __i2b
 .text.__multiply
                0x08005e34      0x15c c:/users/muzaffer/desktop/gcc-arm-none-eabi-10-2020-q4-major/bin/../lib/gcc/arm-none-eabi/10.2.1/../../../../arm-none-eabi/lib/thumb/v7e-m/nofp\libg.a(lib_a-mprec.o)
                0x08005e34                __multiply
 .text.__pow5mult
                0x08005f90       0xc0 c:/users/muzaffer/desktop/gcc-arm-none-eabi-10-2020-q4-major/bin/../lib/gcc/arm-none-eabi/10.2.1/../../../../arm-none-eabi/lib/thumb/v7e-m/nofp\libg.a(lib_a-mprec.o)
                0x08005f90                __pow5mult
 .text.__lshift
                0x08006050       0xf0 c:/users/muzaffer/desktop/gcc-arm-none-eabi-10-2020-q4-major/bin/../lib/gcc/arm-none-eabi/10.2.1/../../../../arm-none-eabi/lib/thumb/v7e-m/nofp\libg.a(lib_a-mprec.o)
                0x08006050                __lshift
 .text.__mcmp   0x08006140       0x40 c:/users/muzaffer/desktop/gcc-arm-none-eabi-10-2020-q4-major/bin/../lib/gcc/arm-none-eabi/10.2.1/../../../../arm-none-eabi/lib/thumb/v7e-m/nofp\libg.a(lib_a-mprec.o)
                0x08006140                __mcmp
 .text.__mdiff  0x08006180      0x14c c:/users/muzaffer/desktop/gcc-arm-none-eabi-10-2020-q4-major/bin/../lib/gcc/arm-none-eabi/10.2.1/../../../../arm-none-eabi/lib/thumb/v7e-m/nofp\libg.a(lib_a-mprec.o)
                0x08006180                __mdiff
 .text.__d2b    0x080062cc       0xc4 c:/users/muzaffer/desktop/gcc-arm-none-eabi-10-2020-q4-major/bin/../lib/gcc/arm-none-eabi/10.2.1/../../../../arm-none-eabi/lib/thumb/v7e-m/nofp\libg.a(lib_a-mprec.o)
                0x080062cc                __d2b
 .text.frexp    0x08006390       0x70 c:/users/muzaffer/desktop/gcc-arm-none-eabi-10-2020-q4-major/bin/../lib/gcc/arm-none-eabi/10.2.1/../../../../arm-none-eabi/lib/thumb/v7e-m/nofp\libg.a(lib_a-s_frexp.o)
                0x08006390                frexp
 .text._sbrk_r  0x08006400       0x24 c:/users/muzaffer/desktop/gcc-arm-none-eabi-10-2020-q4-major/bin/../lib/gcc/arm-none-eabi/10.2.1/../../../../arm-none-eabi/lib/thumb/v7e-m/nofp\libg.a(lib_a-sbrkr.o)
                0x08006400                _sbrk_r
 .text.strncpy  0x08006424       0x64 c:/users/muzaffer/desktop/gcc-arm-none-eabi-10-2020-q4-major/bin/../lib/gcc/arm-none-eabi/10.2.1/../../../../arm-none-eabi/lib/thumb/v7e-m/nofp\libg.a(lib_a-strncpy.o)
                0x08006424                strncpy
 .text.__ssprint_r
                0x08006488       0xf8 c:/users/muzaffer/desktop/gcc-arm-none-eabi-10-2020-q4-major/bin/../lib/gcc/arm-none-eabi/10.2.1/../../../../arm-none-eabi/lib/thumb/v7e-m/nofp\libg.a(lib_a-svfiprintf.o)
                0x08006488                __ssprint_r
 .text.__register_exitproc
                0x08006580       0x8c c:/users/muzaffer/desktop/gcc-arm-none-eabi-10-2020-q4-major/bin/../lib/gcc/arm-none-eabi/10.2.1/../../../../arm-none-eabi/lib/thumb/v7e-m/nofp\libg.a(lib_a-__atexit.o)
                0x08006580                __register_exitproc
 .text.__assert_func
                0x0800660c       0x40 c:/users/muzaffer/desktop/gcc-arm-none-eabi-10-2020-q4-major/bin/../lib/gcc/arm-none-eabi/10.2.1/../../../../arm-none-eabi/lib/thumb/v7e-m/nofp\libg.a(lib_a-assert.o)
                0x0800660c                __assert_func
 .text._calloc_r
                0x0800664c       0x60 c:/users/muzaffer/desktop/gcc-arm-none-eabi-10-2020-q4-major/bin/../lib/gcc/arm-none-eabi/10.2.1/../../../../arm-none-eabi/lib/thumb/v7e-m/nofp\libg.a(lib_a-callocr.o)
                0x0800664c                _calloc_r
 .text.fiprintf
                0x080066ac       0x28 c:/users/muzaffer/desktop/gcc-arm-none-eabi-10-2020-q4-major/bin/../lib/gcc/arm-none-eabi/10.2.1/../../../../arm-none-eabi/lib/thumb/v7e-m/nofp\libg.a(lib_a-fiprintf.o)
                0x080066ac                fiprintf
 .text.__locale_mb_cur_max
                0x080066d4        0xc c:/users/muzaffer/desktop/gcc-arm-none-eabi-10-2020-q4-major/bin/../lib/gcc/arm-none-eabi/10.2.1/../../../../arm-none-eabi/lib/thumb/v7e-m/nofp\libg.a(lib_a-locale.o)
                0x080066d4                __locale_mb_cur_max
 .text.__ascii_mbtowc
                0x080066e0       0x2c c:/users/muzaffer/desktop/gcc-arm-none-eabi-10-2020-q4-major/bin/../lib/gcc/arm-none-eabi/10.2.1/../../../../arm-none-eabi/lib/thumb/v7e-m/nofp\libg.a(lib_a-mbtowc_r.o)
                0x080066e0                __ascii_mbtowc
 .text._realloc_r
                0x0800670c      0x3d8 c:/users/muzaffer/desktop/gcc-arm-none-eabi-10-2020-q4-major/bin/../lib/gcc/arm-none-eabi/10.2.1/../../../../arm-none-eabi/lib/thumb/v7e-m/nofp\libg.a(lib_a-reallocr.o)
                0x0800670c                _realloc_r
 .text.__sprint_r.part.0
                0x08006ae4       0x78 c:/users/muzaffer/desktop/gcc-arm-none-eabi-10-2020-q4-major/bin/../lib/gcc/arm-none-eabi/10.2.1/../../../../arm-none-eabi/lib/thumb/v7e-m/nofp\libg.a(lib_a-vfiprintf.o)
 .text._vfiprintf_r
                0x08006b5c      0xd94 c:/users/muzaffer/desktop/gcc-arm-none-eabi-10-2020-q4-major/bin/../lib/gcc/arm-none-eabi/10.2.1/../../../../arm-none-eabi/lib/thumb/v7e-m/nofp\libg.a(lib_a-vfiprintf.o)
                0x08006b5c                _vfiprintf_r
 .text.__sbprintf
                0x080078f0       0x80 c:/users/muzaffer/desktop/gcc-arm-none-eabi-10-2020-q4-major/bin/../lib/gcc/arm-none-eabi/10.2.1/../../../../arm-none-eabi/lib/thumb/v7e-m/nofp\libg.a(lib_a-vfiprintf.o)
 .text.__ascii_wctomb
                0x08007970       0x1c c:/users/muzaffer/desktop/gcc-arm-none-eabi-10-2020-q4-major/bin/../lib/gcc/arm-none-eabi/10.2.1/../../../../arm-none-eabi/lib/thumb/v7e-m/nofp\libg.a(lib_a-wctomb_r.o)
                0x08007970                __ascii_wctomb
 .text.__swsetup_r
                0x0800798c       0xd4 c:/users/muzaffer/desktop/gcc-arm-none-eabi-10-2020-q4-major/bin/../lib/gcc/arm-none-eabi/10.2.1/../../../../arm-none-eabi/lib/thumb/v7e-m/nofp\libg.a(lib_a-wsetup.o)
                0x0800798c                __swsetup_r
 .text.abort    0x08007a60       0x10 c:/users/muzaffer/desktop/gcc-arm-none-eabi-10-2020-q4-major/bin/../lib/gcc/arm-none-eabi/10.2.1/../../../../arm-none-eabi/lib/thumb/v7e-m/nofp\libg.a(lib_a-abort.o)
                0x08007a60                abort
 .text.__sflush_r
                0x08007a70      0x120 c:/users/muzaffer/desktop/gcc-arm-none-eabi-10-2020-q4-major/bin/../lib/gcc/arm-none-eabi/10.2.1/../../../../arm-none-eabi/lib/thumb/v7e-m/nofp\libg.a(lib_a-fflush.o)
                0x08007a70                __sflush_r
 .text._fflush_r
                0x08007b90       0x5c c:/users/muzaffer/desktop/gcc-arm-none-eabi-10-2020-q4-major/bin/../lib/gcc/arm-none-eabi/10.2.1/../../../../arm-none-eabi/lib/thumb/v7e-m/nofp\libg.a(lib_a-fflush.o)
                0x08007b90                _fflush_r
 .text._cleanup_r
                0x08007bec        0xc c:/users/muzaffer/desktop/gcc-arm-none-eabi-10-2020-q4-major/bin/../lib/gcc/arm-none-eabi/10.2.1/../../../../arm-none-eabi/lib/thumb/v7e-m/nofp\libg.a(lib_a-findfp.o)
                0x08007bec                _cleanup_r
 .text.__sinit  0x08007bf8      0x10c c:/users/muzaffer/desktop/gcc-arm-none-eabi-10-2020-q4-major/bin/../lib/gcc/arm-none-eabi/10.2.1/../../../../arm-none-eabi/lib/thumb/v7e-m/nofp\libg.a(lib_a-findfp.o)
                0x08007bf8                __sinit
 .text.__sfp_lock_acquire
                0x08007d04        0xc c:/users/muzaffer/desktop/gcc-arm-none-eabi-10-2020-q4-major/bin/../lib/gcc/arm-none-eabi/10.2.1/../../../../arm-none-eabi/lib/thumb/v7e-m/nofp\libg.a(lib_a-findfp.o)
                0x08007d04                __sfp_lock_acquire
 .text.__sfp_lock_release
                0x08007d10        0xc c:/users/muzaffer/desktop/gcc-arm-none-eabi-10-2020-q4-major/bin/../lib/gcc/arm-none-eabi/10.2.1/../../../../arm-none-eabi/lib/thumb/v7e-m/nofp\libg.a(lib_a-findfp.o)
                0x08007d10                __sfp_lock_release
 .text.__fputwc
                0x08007d1c       0xa8 c:/users/muzaffer/desktop/gcc-arm-none-eabi-10-2020-q4-major/bin/../lib/gcc/arm-none-eabi/10.2.1/../../../../arm-none-eabi/lib/thumb/v7e-m/nofp\libg.a(lib_a-fputwc.o)
                0x08007d1c                __fputwc
 .text._fputwc_r
                0x08007dc4       0x68 c:/users/muzaffer/desktop/gcc-arm-none-eabi-10-2020-q4-major/bin/../lib/gcc/arm-none-eabi/10.2.1/../../../../arm-none-eabi/lib/thumb/v7e-m/nofp\libg.a(lib_a-fputwc.o)
                0x08007dc4                _fputwc_r
 .text.__sfvwrite_r
                0x08007e2c      0x2e8 c:/users/muzaffer/desktop/gcc-arm-none-eabi-10-2020-q4-major/bin/../lib/gcc/arm-none-eabi/10.2.1/../../../../arm-none-eabi/lib/thumb/v7e-m/nofp\libg.a(lib_a-fvwrite.o)
                0x08007e2c                __sfvwrite_r
 .text._fwalk_reent
                0x08008114       0x48 c:/users/muzaffer/desktop/gcc-arm-none-eabi-10-2020-q4-major/bin/../lib/gcc/arm-none-eabi/10.2.1/../../../../arm-none-eabi/lib/thumb/v7e-m/nofp\libg.a(lib_a-fwalk.o)
                0x08008114                _fwalk_reent
 .text.__smakebuf_r
                0x0800815c       0xe0 c:/users/muzaffer/desktop/gcc-arm-none-eabi-10-2020-q4-major/bin/../lib/gcc/arm-none-eabi/10.2.1/../../../../arm-none-eabi/lib/thumb/v7e-m/nofp\libg.a(lib_a-makebuf.o)
                0x0800815c                __smakebuf_r
 .text.raise    0x0800823c       0x5c c:/users/muzaffer/desktop/gcc-arm-none-eabi-10-2020-q4-major/bin/../lib/gcc/arm-none-eabi/10.2.1/../../../../arm-none-eabi/lib/thumb/v7e-m/nofp\libg.a(lib_a-signal.o)
                0x0800823c                raise
 .text._kill_r  0x08008298       0x2c c:/users/muzaffer/desktop/gcc-arm-none-eabi-10-2020-q4-major/bin/../lib/gcc/arm-none-eabi/10.2.1/../../../../arm-none-eabi/lib/thumb/v7e-m/nofp\libg.a(lib_a-signalr.o)
                0x08008298                _kill_r
 .text._getpid_r
                0x080082c4        0x4 c:/users/muzaffer/desktop/gcc-arm-none-eabi-10-2020-q4-major/bin/../lib/gcc/arm-none-eabi/10.2.1/../../../../arm-none-eabi/lib/thumb/v7e-m/nofp\libg.a(lib_a-signalr.o)
                0x080082c4                _getpid_r
 .text.__sread  0x080082c8       0x24 c:/users/muzaffer/desktop/gcc-arm-none-eabi-10-2020-q4-major/bin/../lib/gcc/arm-none-eabi/10.2.1/../../../../arm-none-eabi/lib/thumb/v7e-m/nofp\libg.a(lib_a-stdio.o)
                0x080082c8                __sread
 .text.__swrite
                0x080082ec       0x40 c:/users/muzaffer/desktop/gcc-arm-none-eabi-10-2020-q4-major/bin/../lib/gcc/arm-none-eabi/10.2.1/../../../../arm-none-eabi/lib/thumb/v7e-m/nofp\libg.a(lib_a-stdio.o)
                0x080082ec                __swrite
 .text.__sseek  0x0800832c       0x20 c:/users/muzaffer/desktop/gcc-arm-none-eabi-10-2020-q4-major/bin/../lib/gcc/arm-none-eabi/10.2.1/../../../../arm-none-eabi/lib/thumb/v7e-m/nofp\libg.a(lib_a-stdio.o)
                0x0800832c                __sseek
 .text.__sclose
                0x0800834c        0x8 c:/users/muzaffer/desktop/gcc-arm-none-eabi-10-2020-q4-major/bin/../lib/gcc/arm-none-eabi/10.2.1/../../../../arm-none-eabi/lib/thumb/v7e-m/nofp\libg.a(lib_a-stdio.o)
                0x0800834c                __sclose
 .text.__swbuf_r
                0x08008354       0xb0 c:/users/muzaffer/desktop/gcc-arm-none-eabi-10-2020-q4-major/bin/../lib/gcc/arm-none-eabi/10.2.1/../../../../arm-none-eabi/lib/thumb/v7e-m/nofp\libg.a(lib_a-wbuf.o)
                0x08008354                __swbuf_r
 .text._wcrtomb_r
                0x08008404       0x3c c:/users/muzaffer/desktop/gcc-arm-none-eabi-10-2020-q4-major/bin/../lib/gcc/arm-none-eabi/10.2.1/../../../../arm-none-eabi/lib/thumb/v7e-m/nofp\libg.a(lib_a-wcrtomb.o)
                0x08008404                _wcrtomb_r
 .text._write_r
                0x08008440       0x2c c:/users/muzaffer/desktop/gcc-arm-none-eabi-10-2020-q4-major/bin/../lib/gcc/arm-none-eabi/10.2.1/../../../../arm-none-eabi/lib/thumb/v7e-m/nofp\libg.a(lib_a-writer.o)
                0x08008440                _write_r
 .text._close_r
                0x0800846c       0x24 c:/users/muzaffer/desktop/gcc-arm-none-eabi-10-2020-q4-major/bin/../lib/gcc/arm-none-eabi/10.2.1/../../../../arm-none-eabi/lib/thumb/v7e-m/nofp\libg.a(lib_a-closer.o)
                0x0800846c                _close_r
 .text._fclose_r
                0x08008490       0xcc c:/users/muzaffer/desktop/gcc-arm-none-eabi-10-2020-q4-major/bin/../lib/gcc/arm-none-eabi/10.2.1/../../../../arm-none-eabi/lib/thumb/v7e-m/nofp\libg.a(lib_a-fclose.o)
                0x08008490                _fclose_r
 .text._fstat_r
                0x0800855c       0x2c c:/users/muzaffer/desktop/gcc-arm-none-eabi-10-2020-q4-major/bin/../lib/gcc/arm-none-eabi/10.2.1/../../../../arm-none-eabi/lib/thumb/v7e-m/nofp\libg.a(lib_a-fstatr.o)
                0x0800855c                _fstat_r
 .text._isatty_r
                0x08008588       0x24 c:/users/muzaffer/desktop/gcc-arm-none-eabi-10-2020-q4-major/bin/../lib/gcc/arm-none-eabi/10.2.1/../../../../arm-none-eabi/lib/thumb/v7e-m/nofp\libg.a(lib_a-isattyr.o)
                0x08008588                _isatty_r
 .text._lseek_r
                0x080085ac       0x2c c:/users/muzaffer/desktop/gcc-arm-none-eabi-10-2020-q4-major/bin/../lib/gcc/arm-none-eabi/10.2.1/../../../../arm-none-eabi/lib/thumb/v7e-m/nofp\libg.a(lib_a-lseekr.o)
                0x080085ac                _lseek_r
 .text._read_r  0x080085d8       0x2c c:/users/muzaffer/desktop/gcc-arm-none-eabi-10-2020-q4-major/bin/../lib/gcc/arm-none-eabi/10.2.1/../../../../arm-none-eabi/lib/thumb/v7e-m/nofp\libg.a(lib_a-readr.o)
                0x080085d8                _read_r
 *(.glue_7)
 .glue_7        0x08008604        0x0 linker stubs
 *(.glue_7t)
 .glue_7t       0x08008604        0x0 linker stubs
 *(.eh_frame)
 .eh_frame      0x08008604        0x0 c:/users/muzaffer/desktop/gcc-arm-none-eabi-10-2020-q4-major/bin/../lib/gcc/arm-none-eabi/10.2.1/thumb/v7e-m/nofp/crtbegin.o
 *(.init)
 .init          0x08008604        0x4 c:/users/muzaffer/desktop/gcc-arm-none-eabi-10-2020-q4-major/bin/../lib/gcc/arm-none-eabi/10.2.1/thumb/v7e-m/nofp/crti.o
                0x08008604                _init
 .init          0x08008608        0x8 c:/users/muzaffer/desktop/gcc-arm-none-eabi-10-2020-q4-major/bin/../lib/gcc/arm-none-eabi/10.2.1/thumb/v7e-m/nofp/crtn.o
 *(.fini)
 .fini          0x08008610        0x4 c:/users/muzaffer/desktop/gcc-arm-none-eabi-10-2020-q4-major/bin/../lib/gcc/arm-none-eabi/10.2.1/thumb/v7e-m/nofp/crti.o
                0x08008610                _fini
 .fini          0x08008614        0x8 c:/users/muzaffer/desktop/gcc-arm-none-eabi-10-2020-q4-major/bin/../lib/gcc/arm-none-eabi/10.2.1/thumb/v7e-m/nofp/crtn.o
                0x0800861c                . = ALIGN (0x4)
                0x0800861c                _etext = .

.vfp11_veneer   0x0800861c        0x0
 .vfp11_veneer  0x0800861c        0x0 linker stubs

.v4_bx          0x0800861c        0x0
 .v4_bx         0x0800861c        0x0 linker stubs

.iplt           0x0800861c        0x0
 .iplt          0x0800861c        0x0 c:/users/muzaffer/desktop/gcc-arm-none-eabi-10-2020-q4-major/bin/../lib/gcc/arm-none-eabi/10.2.1/thumb/v7e-m/nofp/crtbegin.o

.rodata         0x08008620      0x428
                0x08008620                . = ALIGN (0x4)
 *(.rodata)
 *(.rodata*)
 .rodata.main.str1.4
                0x08008620       0x12 CMakeFiles/rfid.elf.dir/Core/Src/main.c.obj
 *fill*         0x08008632        0x2 
 .rodata.AHBPrescTable
                0x08008634       0x10 CMakeFiles/rfid.elf.dir/Core/Src/system_stm32f4xx.c.obj
                0x08008634                AHBPrescTable
 .rodata.APBPrescTable
                0x08008644        0x8 CMakeFiles/rfid.elf.dir/Core/Src/system_stm32f4xx.c.obj
                0x08008644                APBPrescTable
 .rodata._global_impure_ptr
                0x0800864c        0x4 c:/users/muzaffer/desktop/gcc-arm-none-eabi-10-2020-q4-major/bin/../lib/gcc/arm-none-eabi/10.2.1/../../../../arm-none-eabi/lib/thumb/v7e-m/nofp\libg.a(lib_a-impure.o)
                0x0800864c                _global_impure_ptr
 .rodata._svfprintf_r.str1.4
                0x08008650       0x42 c:/users/muzaffer/desktop/gcc-arm-none-eabi-10-2020-q4-major/bin/../lib/gcc/arm-none-eabi/10.2.1/../../../../arm-none-eabi/lib/thumb/v7e-m/nofp\libg.a(lib_a-svfprintf.o)
 *fill*         0x08008692        0x2 
 .rodata.blanks.1
                0x08008694       0x10 c:/users/muzaffer/desktop/gcc-arm-none-eabi-10-2020-q4-major/bin/../lib/gcc/arm-none-eabi/10.2.1/../../../../arm-none-eabi/lib/thumb/v7e-m/nofp\libg.a(lib_a-svfprintf.o)
 .rodata.zeroes.0
                0x080086a4       0x10 c:/users/muzaffer/desktop/gcc-arm-none-eabi-10-2020-q4-major/bin/../lib/gcc/arm-none-eabi/10.2.1/../../../../arm-none-eabi/lib/thumb/v7e-m/nofp\libg.a(lib_a-svfprintf.o)
 .rodata._dtoa_r.str1.4
                0x080086b4       0xa1 c:/users/muzaffer/desktop/gcc-arm-none-eabi-10-2020-q4-major/bin/../lib/gcc/arm-none-eabi/10.2.1/../../../../arm-none-eabi/lib/thumb/v7e-m/nofp\libg.a(lib_a-dtoa.o)
                                 0xa5 (size before relaxing)
 *fill*         0x08008755        0x3 
 .rodata.__multadd.str1.4
                0x08008758       0x7e c:/users/muzaffer/desktop/gcc-arm-none-eabi-10-2020-q4-major/bin/../lib/gcc/arm-none-eabi/10.2.1/../../../../arm-none-eabi/lib/thumb/v7e-m/nofp\libg.a(lib_a-mprec.o)
                                 0x92 (size before relaxing)
 *fill*         0x080087d6        0x2 
 .rodata.__mprec_bigtens
                0x080087d8       0x28 c:/users/muzaffer/desktop/gcc-arm-none-eabi-10-2020-q4-major/bin/../lib/gcc/arm-none-eabi/10.2.1/../../../../arm-none-eabi/lib/thumb/v7e-m/nofp\libg.a(lib_a-mprec.o)
                0x080087d8                __mprec_bigtens
 .rodata.__mprec_tens
                0x08008800       0xc8 c:/users/muzaffer/desktop/gcc-arm-none-eabi-10-2020-q4-major/bin/../lib/gcc/arm-none-eabi/10.2.1/../../../../arm-none-eabi/lib/thumb/v7e-m/nofp\libg.a(lib_a-mprec.o)
                0x08008800                __mprec_tens
 .rodata.p05.0  0x080088c8        0xc c:/users/muzaffer/desktop/gcc-arm-none-eabi-10-2020-q4-major/bin/../lib/gcc/arm-none-eabi/10.2.1/../../../../arm-none-eabi/lib/thumb/v7e-m/nofp\libg.a(lib_a-mprec.o)
 .rodata.__assert_func.str1.4
                0x080088d4       0x3f c:/users/muzaffer/desktop/gcc-arm-none-eabi-10-2020-q4-major/bin/../lib/gcc/arm-none-eabi/10.2.1/../../../../arm-none-eabi/lib/thumb/v7e-m/nofp\libg.a(lib_a-assert.o)
                                 0x43 (size before relaxing)
 *fill*         0x08008913        0x1 
 .rodata._setlocale_r.str1.4
                0x08008914        0xa c:/users/muzaffer/desktop/gcc-arm-none-eabi-10-2020-q4-major/bin/../lib/gcc/arm-none-eabi/10.2.1/../../../../arm-none-eabi/lib/thumb/v7e-m/nofp\libg.a(lib_a-locale.o)
                                  0xd (size before relaxing)
 *fill*         0x0800891e        0x2 
 .rodata.str1.4
                0x08008920        0x2 c:/users/muzaffer/desktop/gcc-arm-none-eabi-10-2020-q4-major/bin/../lib/gcc/arm-none-eabi/10.2.1/../../../../arm-none-eabi/lib/thumb/v7e-m/nofp\libg.a(lib_a-locale.o)
 .rodata._vfiprintf_r.str1.4
                0x08008922       0x2f c:/users/muzaffer/desktop/gcc-arm-none-eabi-10-2020-q4-major/bin/../lib/gcc/arm-none-eabi/10.2.1/../../../../arm-none-eabi/lib/thumb/v7e-m/nofp\libg.a(lib_a-vfiprintf.o)
 *fill*         0x08008922        0x2 
 .rodata.blanks.1
                0x08008924       0x10 c:/users/muzaffer/desktop/gcc-arm-none-eabi-10-2020-q4-major/bin/../lib/gcc/arm-none-eabi/10.2.1/../../../../arm-none-eabi/lib/thumb/v7e-m/nofp\libg.a(lib_a-vfiprintf.o)
 .rodata.zeroes.0
                0x08008934       0x10 c:/users/muzaffer/desktop/gcc-arm-none-eabi-10-2020-q4-major/bin/../lib/gcc/arm-none-eabi/10.2.1/../../../../arm-none-eabi/lib/thumb/v7e-m/nofp\libg.a(lib_a-vfiprintf.o)
 .rodata._ctype_
                0x08008944      0x101 c:/users/muzaffer/desktop/gcc-arm-none-eabi-10-2020-q4-major/bin/../lib/gcc/arm-none-eabi/10.2.1/../../../../arm-none-eabi/lib/thumb/v7e-m/nofp\libg.a(lib_a-ctype_.o)
                0x08008944                _ctype_
                0x08008a48                . = ALIGN (0x4)
 *fill*         0x08008a45        0x3 

.ARM.extab      0x08008a48        0x0
                0x08008a48                . = ALIGN (0x4)
 *(.ARM.extab* .gnu.linkonce.armextab.*)
                0x08008a48                . = ALIGN (0x4)

.ARM            0x08008a48        0x8
                0x08008a48                . = ALIGN (0x4)
                0x08008a48                __exidx_start = .
 *(.ARM.exidx*)
 .ARM.exidx     0x08008a48        0x8 c:/users/muzaffer/desktop/gcc-arm-none-eabi-10-2020-q4-major/bin/../lib/gcc/arm-none-eabi/10.2.1/thumb/v7e-m/nofp\libgcc.a(_udivmoddi4.o)
                0x08008a50                __exidx_end = .
                0x08008a50                . = ALIGN (0x4)

.rel.dyn        0x08008a50        0x0
 .rel.iplt      0x08008a50        0x0 c:/users/muzaffer/desktop/gcc-arm-none-eabi-10-2020-q4-major/bin/../lib/gcc/arm-none-eabi/10.2.1/thumb/v7e-m/nofp/crtbegin.o

.preinit_array  0x08008a50        0x0
                0x08008a50                . = ALIGN (0x4)
                0x08008a50                PROVIDE (__preinit_array_start = .)
 *(.preinit_array*)
                0x08008a50                PROVIDE (__preinit_array_end = .)
                0x08008a50                . = ALIGN (0x4)

.init_array     0x08008a50        0x8
                0x08008a50                . = ALIGN (0x4)
                0x08008a50                PROVIDE (__init_array_start = .)
 *(SORT_BY_NAME(.init_array.*))
 .init_array.00000
                0x08008a50        0x4 c:/users/muzaffer/desktop/gcc-arm-none-eabi-10-2020-q4-major/bin/../lib/gcc/arm-none-eabi/10.2.1/../../../../arm-none-eabi/lib/thumb/v7e-m/nofp\libg.a(lib_a-__call_atexit.o)
 *(.init_array*)
 .init_array    0x08008a54        0x4 c:/users/muzaffer/desktop/gcc-arm-none-eabi-10-2020-q4-major/bin/../lib/gcc/arm-none-eabi/10.2.1/thumb/v7e-m/nofp/crtbegin.o
                0x08008a58                PROVIDE (__init_array_end = .)
                0x08008a58                . = ALIGN (0x4)

.fini_array     0x08008a58        0x4
                0x08008a58                . = ALIGN (0x4)
                0x08008a58                PROVIDE (__fini_array_start = .)
 *(SORT_BY_NAME(.fini_array.*))
 *(.fini_array*)
 .fini_array    0x08008a58        0x4 c:/users/muzaffer/desktop/gcc-arm-none-eabi-10-2020-q4-major/bin/../lib/gcc/arm-none-eabi/10.2.1/thumb/v7e-m/nofp/crtbegin.o
                0x08008a5c                PROVIDE (__fini_array_end = .)
                0x08008a5c                . = ALIGN (0x4)
                0x08008a5c                _sidata = LOADADDR (.data)

.data           0x20000000      0x9b8 load address 0x08008a5c
                0x20000000                . = ALIGN (0x4)
                0x20000000                _sdata = .
 *(.data)
 *(.data*)
 .data.SystemCoreClock
                0x20000000        0x4 CMakeFiles/rfid.elf.dir/Core/Src/system_stm32f4xx.c.obj
                0x20000000                SystemCoreClock
 .data.uwTickFreq
                0x20000004        0x1 CMakeFiles/rfid.elf.dir/Drivers/STM32F4xx_HAL_Driver/Src/stm32f4xx_hal.c.obj
                0x20000004                uwTickFreq
 *fill*         0x20000005        0x3 
 .data.uwTickPrio
                0x20000008        0x4 CMakeFiles/rfid.elf.dir/Drivers/STM32F4xx_HAL_Driver/Src/stm32f4xx_hal.c.obj
                0x20000008                uwTickPrio
 .data._impure_ptr
                0x2000000c        0x4 c:/users/muzaffer/desktop/gcc-arm-none-eabi-10-2020-q4-major/bin/../lib/gcc/arm-none-eabi/10.2.1/../../../../arm-none-eabi/lib/thumb/v7e-m/nofp\libg.a(lib_a-impure.o)
                0x2000000c                _impure_ptr
 .data.impure_data
                0x20000010      0x428 c:/users/muzaffer/desktop/gcc-arm-none-eabi-10-2020-q4-major/bin/../lib/gcc/arm-none-eabi/10.2.1/../../../../arm-none-eabi/lib/thumb/v7e-m/nofp\libg.a(lib_a-impure.o)
 .data.__atexit_recursive_mutex
                0x20000438        0x4 c:/users/muzaffer/desktop/gcc-arm-none-eabi-10-2020-q4-major/bin/../lib/gcc/arm-none-eabi/10.2.1/../../../../arm-none-eabi/lib/thumb/v7e-m/nofp\libg.a(lib_a-__call_atexit.o)
                0x20000438                __atexit_recursive_mutex
 .data.__malloc_av_
                0x2000043c      0x408 c:/users/muzaffer/desktop/gcc-arm-none-eabi-10-2020-q4-major/bin/../lib/gcc/arm-none-eabi/10.2.1/../../../../arm-none-eabi/lib/thumb/v7e-m/nofp\libg.a(lib_a-mallocr.o)
                0x2000043c                __malloc_av_
 .data.__malloc_sbrk_base
                0x20000844        0x4 c:/users/muzaffer/desktop/gcc-arm-none-eabi-10-2020-q4-major/bin/../lib/gcc/arm-none-eabi/10.2.1/../../../../arm-none-eabi/lib/thumb/v7e-m/nofp\libg.a(lib_a-mallocr.o)
                0x20000844                __malloc_sbrk_base
 .data.__malloc_trim_threshold
                0x20000848        0x4 c:/users/muzaffer/desktop/gcc-arm-none-eabi-10-2020-q4-major/bin/../lib/gcc/arm-none-eabi/10.2.1/../../../../arm-none-eabi/lib/thumb/v7e-m/nofp\libg.a(lib_a-mallocr.o)
                0x20000848                __malloc_trim_threshold
 .data.__global_locale
                0x2000084c      0x16c c:/users/muzaffer/desktop/gcc-arm-none-eabi-10-2020-q4-major/bin/../lib/gcc/arm-none-eabi/10.2.1/../../../../arm-none-eabi/lib/thumb/v7e-m/nofp\libg.a(lib_a-locale.o)
                0x2000084c                __global_locale
 *(.RamFunc)
 *(.RamFunc*)
                0x200009b8                . = ALIGN (0x4)
                0x200009b8                _edata = .
                0x08009414                _siccmram = LOADADDR (.ccmram)

.igot.plt       0x200009b8        0x0 load address 0x08009414
 .igot.plt      0x200009b8        0x0 c:/users/muzaffer/desktop/gcc-arm-none-eabi-10-2020-q4-major/bin/../lib/gcc/arm-none-eabi/10.2.1/thumb/v7e-m/nofp/crtbegin.o

.ccmram         0x10000000        0x0 load address 0x08009414
                0x10000000                . = ALIGN (0x4)
                0x10000000                _sccmram = .
 *(.ccmram)
 *(.ccmram*)
                0x10000000                . = ALIGN (0x4)
                0x10000000                _eccmram = .
                0x10000000                . = ALIGN (0x4)

.bss            0x200009b8      0x118
                0x200009b8                _sbss = .
                0x200009b8                __bss_start__ = _sbss
 *(.bss)
 .bss           0x200009b8       0x1c c:/users/muzaffer/desktop/gcc-arm-none-eabi-10-2020-q4-major/bin/../lib/gcc/arm-none-eabi/10.2.1/thumb/v7e-m/nofp/crtbegin.o
 *(.bss*)
 .bss.hi2c1     0x200009d4       0x54 CMakeFiles/rfid.elf.dir/Core/Src/main.c.obj
                0x200009d4                hi2c1
 .bss.hspi1     0x20000a28       0x58 CMakeFiles/rfid.elf.dir/Core/Src/main.c.obj
                0x20000a28                hspi1
 .bss.__sbrk_heap_end
                0x20000a80        0x4 CMakeFiles/rfid.elf.dir/Core/Src/sysmem.c.obj
 .bss.uwTick    0x20000a84        0x4 CMakeFiles/rfid.elf.dir/Drivers/STM32F4xx_HAL_Driver/Src/stm32f4xx_hal.c.obj
                0x20000a84                uwTick
 .bss.__lock___atexit_recursive_mutex
                0x20000a88        0x1 c:/users/muzaffer/desktop/gcc-arm-none-eabi-10-2020-q4-major/bin/../lib/gcc/arm-none-eabi/10.2.1/../../../../arm-none-eabi/lib/thumb/v7e-m/nofp\libg.a(lib_a-lock.o)
                0x20000a88                __lock___atexit_recursive_mutex
 *fill*         0x20000a89        0x3 
 .bss.__lock___malloc_recursive_mutex
                0x20000a8c        0x1 c:/users/muzaffer/desktop/gcc-arm-none-eabi-10-2020-q4-major/bin/../lib/gcc/arm-none-eabi/10.2.1/../../../../arm-none-eabi/lib/thumb/v7e-m/nofp\libg.a(lib_a-lock.o)
                0x20000a8c                __lock___malloc_recursive_mutex
 *fill*         0x20000a8d        0x3 
 .bss.__lock___sfp_recursive_mutex
                0x20000a90        0x1 c:/users/muzaffer/desktop/gcc-arm-none-eabi-10-2020-q4-major/bin/../lib/gcc/arm-none-eabi/10.2.1/../../../../arm-none-eabi/lib/thumb/v7e-m/nofp\libg.a(lib_a-lock.o)
                0x20000a90                __lock___sfp_recursive_mutex
 *fill*         0x20000a91        0x3 
 .bss.__lock___sinit_recursive_mutex
                0x20000a94        0x1 c:/users/muzaffer/desktop/gcc-arm-none-eabi-10-2020-q4-major/bin/../lib/gcc/arm-none-eabi/10.2.1/../../../../arm-none-eabi/lib/thumb/v7e-m/nofp\libg.a(lib_a-lock.o)
                0x20000a94                __lock___sinit_recursive_mutex
 *fill*         0x20000a95        0x3 
 .bss.__malloc_current_mallinfo
                0x20000a98       0x28 c:/users/muzaffer/desktop/gcc-arm-none-eabi-10-2020-q4-major/bin/../lib/gcc/arm-none-eabi/10.2.1/../../../../arm-none-eabi/lib/thumb/v7e-m/nofp\libg.a(lib_a-mallocr.o)
                0x20000a98                __malloc_current_mallinfo
 .bss.__malloc_max_sbrked_mem
                0x20000ac0        0x4 c:/users/muzaffer/desktop/gcc-arm-none-eabi-10-2020-q4-major/bin/../lib/gcc/arm-none-eabi/10.2.1/../../../../arm-none-eabi/lib/thumb/v7e-m/nofp\libg.a(lib_a-mallocr.o)
                0x20000ac0                __malloc_max_sbrked_mem
 .bss.__malloc_max_total_mem
                0x20000ac4        0x4 c:/users/muzaffer/desktop/gcc-arm-none-eabi-10-2020-q4-major/bin/../lib/gcc/arm-none-eabi/10.2.1/../../../../arm-none-eabi/lib/thumb/v7e-m/nofp\libg.a(lib_a-mallocr.o)
                0x20000ac4                __malloc_max_total_mem
 .bss.__malloc_top_pad
                0x20000ac8        0x4 c:/users/muzaffer/desktop/gcc-arm-none-eabi-10-2020-q4-major/bin/../lib/gcc/arm-none-eabi/10.2.1/../../../../arm-none-eabi/lib/thumb/v7e-m/nofp\libg.a(lib_a-mallocr.o)
                0x20000ac8                __malloc_top_pad
 .bss.errno     0x20000acc        0x4 c:/users/muzaffer/desktop/gcc-arm-none-eabi-10-2020-q4-major/bin/../lib/gcc/arm-none-eabi/10.2.1/../../../../arm-none-eabi/lib/thumb/v7e-m/nofp\libg.a(lib_a-reent.o)
                0x20000acc                errno
 *(COMMON)
                0x20000ad0                . = ALIGN (0x4)
                0x20000ad0                _ebss = .
                0x20000ad0                __bss_end__ = _ebss

._user_heap_stack
                0x20000ad0      0x600
                0x20000ad0                . = ALIGN (0x8)
                [!provide]                PROVIDE (end = .)
                0x20000ad0                PROVIDE (_end = .)
                0x20000cd0                . = (. + _Min_Heap_Size)
 *fill*         0x20000ad0      0x200 
                0x200010d0                . = (. + _Min_Stack_Size)
 *fill*         0x20000cd0      0x400 
                0x200010d0                . = ALIGN (0x8)

/DISCARD/
 libc.a(*)
 libm.a(*)
 libgcc.a(*)

.ARM.attributes
                0x00000000       0x2a
 *(.ARM.attributes)
 .ARM.attributes
                0x00000000       0x1e c:/users/muzaffer/desktop/gcc-arm-none-eabi-10-2020-q4-major/bin/../lib/gcc/arm-none-eabi/10.2.1/thumb/v7e-m/nofp/crti.o
 .ARM.attributes
                0x0000001e       0x2e c:/users/muzaffer/desktop/gcc-arm-none-eabi-10-2020-q4-major/bin/../lib/gcc/arm-none-eabi/10.2.1/thumb/v7e-m/nofp/crtbegin.o
 .ARM.attributes
                0x0000004c       0x2e CMakeFiles/rfid.elf.dir/Core/Src/main.c.obj
 .ARM.attributes
                0x0000007a       0x2e CMakeFiles/rfid.elf.dir/Core/Src/stm32f4xx_hal_msp.c.obj
 .ARM.attributes
                0x000000a8       0x2e CMakeFiles/rfid.elf.dir/Core/Src/stm32f4xx_it.c.obj
 .ARM.attributes
                0x000000d6       0x2e CMakeFiles/rfid.elf.dir/Core/Src/syscalls.c.obj
 .ARM.attributes
                0x00000104       0x2e CMakeFiles/rfid.elf.dir/Core/Src/sysmem.c.obj
 .ARM.attributes
                0x00000132       0x2e CMakeFiles/rfid.elf.dir/Core/Src/system_stm32f4xx.c.obj
 .ARM.attributes
                0x00000160       0x21 CMakeFiles/rfid.elf.dir/Core/Startup/startup_stm32f407vgtx.s.obj
 .ARM.attributes
                0x00000181       0x2e CMakeFiles/rfid.elf.dir/Drivers/STM32F4xx_HAL_Driver/Src/stm32f4xx_hal.c.obj
 .ARM.attributes
                0x000001af       0x2e CMakeFiles/rfid.elf.dir/Drivers/STM32F4xx_HAL_Driver/Src/stm32f4xx_hal_cortex.c.obj
 .ARM.attributes
                0x000001dd       0x2e CMakeFiles/rfid.elf.dir/Drivers/STM32F4xx_HAL_Driver/Src/stm32f4xx_hal_gpio.c.obj
 .ARM.attributes
                0x0000020b       0x2e CMakeFiles/rfid.elf.dir/Drivers/STM32F4xx_HAL_Driver/Src/stm32f4xx_hal_i2c.c.obj
 .ARM.attributes
                0x00000239       0x2e CMakeFiles/rfid.elf.dir/Drivers/STM32F4xx_HAL_Driver/Src/stm32f4xx_hal_rcc.c.obj
 .ARM.attributes
                0x00000267       0x2e CMakeFiles/rfid.elf.dir/Drivers/STM32F4xx_HAL_Driver/Src/stm32f4xx_hal_spi.c.obj
 .ARM.attributes
                0x00000295       0x1e c:/users/muzaffer/desktop/gcc-arm-none-eabi-10-2020-q4-major/bin/../lib/gcc/arm-none-eabi/10.2.1/thumb/v7e-m/nofp\libgcc.a(_arm_addsubdf3.o)
 .ARM.attributes
                0x000002b3       0x1e c:/users/muzaffer/desktop/gcc-arm-none-eabi-10-2020-q4-major/bin/../lib/gcc/arm-none-eabi/10.2.1/thumb/v7e-m/nofp\libgcc.a(_arm_muldivdf3.o)
 .ARM.attributes
                0x000002d1       0x1e c:/users/muzaffer/desktop/gcc-arm-none-eabi-10-2020-q4-major/bin/../lib/gcc/arm-none-eabi/10.2.1/thumb/v7e-m/nofp\libgcc.a(_arm_fixdfsi.o)
 .ARM.attributes
                0x000002ef       0x1e c:/users/muzaffer/desktop/gcc-arm-none-eabi-10-2020-q4-major/bin/../lib/gcc/arm-none-eabi/10.2.1/thumb/v7e-m/nofp\libgcc.a(_aeabi_uldivmod.o)
 .ARM.attributes
                0x0000030d       0x2e c:/users/muzaffer/desktop/gcc-arm-none-eabi-10-2020-q4-major/bin/../lib/gcc/arm-none-eabi/10.2.1/thumb/v7e-m/nofp\libgcc.a(_udivmoddi4.o)
 .ARM.attributes
                0x0000033b       0x1e c:/users/muzaffer/desktop/gcc-arm-none-eabi-10-2020-q4-major/bin/../lib/gcc/arm-none-eabi/10.2.1/thumb/v7e-m/nofp\libgcc.a(_dvmd_tls.o)
 .ARM.attributes
                0x00000359       0x2e c:/users/muzaffer/desktop/gcc-arm-none-eabi-10-2020-q4-major/bin/../lib/gcc/arm-none-eabi/10.2.1/../../../../arm-none-eabi/lib/thumb/v7e-m/nofp\libg.a(lib_a-errno.o)
 .ARM.attributes
                0x00000387       0x2e c:/users/muzaffer/desktop/gcc-arm-none-eabi-10-2020-q4-major/bin/../lib/gcc/arm-none-eabi/10.2.1/../../../../arm-none-eabi/lib/thumb/v7e-m/nofp\libg.a(lib_a-impure.o)
 .ARM.attributes
                0x000003b5       0x2e c:/users/muzaffer/desktop/gcc-arm-none-eabi-10-2020-q4-major/bin/../lib/gcc/arm-none-eabi/10.2.1/../../../../arm-none-eabi/lib/thumb/v7e-m/nofp\libg.a(lib_a-init.o)
 .ARM.attributes
                0x000003e3       0x1c c:/users/muzaffer/desktop/gcc-arm-none-eabi-10-2020-q4-major/bin/../lib/gcc/arm-none-eabi/10.2.1/../../../../arm-none-eabi/lib/thumb/v7e-m/nofp\libg.a(lib_a-memcpy.o)
 .ARM.attributes
                0x000003ff       0x2e c:/users/muzaffer/desktop/gcc-arm-none-eabi-10-2020-q4-major/bin/../lib/gcc/arm-none-eabi/10.2.1/../../../../arm-none-eabi/lib/thumb/v7e-m/nofp\libg.a(lib_a-memmove.o)
 .ARM.attributes
                0x0000042d       0x2e c:/users/muzaffer/desktop/gcc-arm-none-eabi-10-2020-q4-major/bin/../lib/gcc/arm-none-eabi/10.2.1/../../../../arm-none-eabi/lib/thumb/v7e-m/nofp\libg.a(lib_a-memset.o)
 .ARM.attributes
                0x0000045b       0x2e c:/users/muzaffer/desktop/gcc-arm-none-eabi-10-2020-q4-major/bin/../lib/gcc/arm-none-eabi/10.2.1/../../../../arm-none-eabi/lib/thumb/v7e-m/nofp\libg.a(lib_a-sprintf.o)
 .ARM.attributes
                0x00000489       0x2e c:/users/muzaffer/desktop/gcc-arm-none-eabi-10-2020-q4-major/bin/../lib/gcc/arm-none-eabi/10.2.1/../../../../arm-none-eabi/lib/thumb/v7e-m/nofp\libg.a(lib_a-svfprintf.o)
 .ARM.attributes
                0x000004b7       0x2e c:/users/muzaffer/desktop/gcc-arm-none-eabi-10-2020-q4-major/bin/../lib/gcc/arm-none-eabi/10.2.1/../../../../arm-none-eabi/lib/thumb/v7e-m/nofp\libg.a(lib_a-__call_atexit.o)
 .ARM.attributes
                0x000004e5       0x2e c:/users/muzaffer/desktop/gcc-arm-none-eabi-10-2020-q4-major/bin/../lib/gcc/arm-none-eabi/10.2.1/../../../../arm-none-eabi/lib/thumb/v7e-m/nofp\libg.a(lib_a-atexit.o)
 .ARM.attributes
                0x00000513       0x2e c:/users/muzaffer/desktop/gcc-arm-none-eabi-10-2020-q4-major/bin/../lib/gcc/arm-none-eabi/10.2.1/../../../../arm-none-eabi/lib/thumb/v7e-m/nofp\libg.a(lib_a-dtoa.o)
 .ARM.attributes
                0x00000541       0x2e c:/users/muzaffer/desktop/gcc-arm-none-eabi-10-2020-q4-major/bin/../lib/gcc/arm-none-eabi/10.2.1/../../../../arm-none-eabi/lib/thumb/v7e-m/nofp\libg.a(lib_a-fini.o)
 .ARM.attributes
                0x0000056f       0x2e c:/users/muzaffer/desktop/gcc-arm-none-eabi-10-2020-q4-major/bin/../lib/gcc/arm-none-eabi/10.2.1/../../../../arm-none-eabi/lib/thumb/v7e-m/nofp\libg.a(lib_a-freer.o)
 .ARM.attributes
                0x0000059d       0x2e c:/users/muzaffer/desktop/gcc-arm-none-eabi-10-2020-q4-major/bin/../lib/gcc/arm-none-eabi/10.2.1/../../../../arm-none-eabi/lib/thumb/v7e-m/nofp\libg.a(lib_a-localeconv.o)
 .ARM.attributes
                0x000005cb       0x2e c:/users/muzaffer/desktop/gcc-arm-none-eabi-10-2020-q4-major/bin/../lib/gcc/arm-none-eabi/10.2.1/../../../../arm-none-eabi/lib/thumb/v7e-m/nofp\libg.a(lib_a-lock.o)
 .ARM.attributes
                0x000005f9       0x2e c:/users/muzaffer/desktop/gcc-arm-none-eabi-10-2020-q4-major/bin/../lib/gcc/arm-none-eabi/10.2.1/../../../../arm-none-eabi/lib/thumb/v7e-m/nofp\libg.a(lib_a-mallocr.o)
 .ARM.attributes
                0x00000627       0x1c c:/users/muzaffer/desktop/gcc-arm-none-eabi-10-2020-q4-major/bin/../lib/gcc/arm-none-eabi/10.2.1/../../../../arm-none-eabi/lib/thumb/v7e-m/nofp\libg.a(lib_a-memchr.o)
 .ARM.attributes
                0x00000643       0x2e c:/users/muzaffer/desktop/gcc-arm-none-eabi-10-2020-q4-major/bin/../lib/gcc/arm-none-eabi/10.2.1/../../../../arm-none-eabi/lib/thumb/v7e-m/nofp\libg.a(lib_a-mlock.o)
 .ARM.attributes
                0x00000671       0x2e c:/users/muzaffer/desktop/gcc-arm-none-eabi-10-2020-q4-major/bin/../lib/gcc/arm-none-eabi/10.2.1/../../../../arm-none-eabi/lib/thumb/v7e-m/nofp\libg.a(lib_a-mprec.o)
 .ARM.attributes
                0x0000069f       0x2e c:/users/muzaffer/desktop/gcc-arm-none-eabi-10-2020-q4-major/bin/../lib/gcc/arm-none-eabi/10.2.1/../../../../arm-none-eabi/lib/thumb/v7e-m/nofp\libg.a(lib_a-s_frexp.o)
 .ARM.attributes
                0x000006cd       0x2e c:/users/muzaffer/desktop/gcc-arm-none-eabi-10-2020-q4-major/bin/../lib/gcc/arm-none-eabi/10.2.1/../../../../arm-none-eabi/lib/thumb/v7e-m/nofp\libg.a(lib_a-sbrkr.o)
 .ARM.attributes
                0x000006fb       0x1c c:/users/muzaffer/desktop/gcc-arm-none-eabi-10-2020-q4-major/bin/../lib/gcc/arm-none-eabi/10.2.1/../../../../arm-none-eabi/lib/thumb/v7e-m/nofp\libg.a(lib_a-strlen.o)
 .ARM.attributes
                0x00000717       0x2e c:/users/muzaffer/desktop/gcc-arm-none-eabi-10-2020-q4-major/bin/../lib/gcc/arm-none-eabi/10.2.1/../../../../arm-none-eabi/lib/thumb/v7e-m/nofp\libg.a(lib_a-strncpy.o)
 .ARM.attributes
                0x00000745       0x2e c:/users/muzaffer/desktop/gcc-arm-none-eabi-10-2020-q4-major/bin/../lib/gcc/arm-none-eabi/10.2.1/../../../../arm-none-eabi/lib/thumb/v7e-m/nofp\libg.a(lib_a-svfiprintf.o)
 .ARM.attributes
                0x00000773       0x2e c:/users/muzaffer/desktop/gcc-arm-none-eabi-10-2020-q4-major/bin/../lib/gcc/arm-none-eabi/10.2.1/../../../../arm-none-eabi/lib/thumb/v7e-m/nofp\libg.a(lib_a-__atexit.o)
 .ARM.attributes
                0x000007a1       0x2e c:/users/muzaffer/desktop/gcc-arm-none-eabi-10-2020-q4-major/bin/../lib/gcc/arm-none-eabi/10.2.1/../../../../arm-none-eabi/lib/thumb/v7e-m/nofp\libg.a(lib_a-assert.o)
 .ARM.attributes
                0x000007cf       0x2e c:/users/muzaffer/desktop/gcc-arm-none-eabi-10-2020-q4-major/bin/../lib/gcc/arm-none-eabi/10.2.1/../../../../arm-none-eabi/lib/thumb/v7e-m/nofp\libg.a(lib_a-callocr.o)
 .ARM.attributes
                0x000007fd       0x2e c:/users/muzaffer/desktop/gcc-arm-none-eabi-10-2020-q4-major/bin/../lib/gcc/arm-none-eabi/10.2.1/../../../../arm-none-eabi/lib/thumb/v7e-m/nofp\libg.a(lib_a-fiprintf.o)
 .ARM.attributes
                0x0000082b       0x2e c:/users/muzaffer/desktop/gcc-arm-none-eabi-10-2020-q4-major/bin/../lib/gcc/arm-none-eabi/10.2.1/../../../../arm-none-eabi/lib/thumb/v7e-m/nofp\libg.a(lib_a-locale.o)
 .ARM.attributes
                0x00000859       0x2e c:/users/muzaffer/desktop/gcc-arm-none-eabi-10-2020-q4-major/bin/../lib/gcc/arm-none-eabi/10.2.1/../../../../arm-none-eabi/lib/thumb/v7e-m/nofp\libg.a(lib_a-mbtowc_r.o)
 .ARM.attributes
                0x00000887       0x2e c:/users/muzaffer/desktop/gcc-arm-none-eabi-10-2020-q4-major/bin/../lib/gcc/arm-none-eabi/10.2.1/../../../../arm-none-eabi/lib/thumb/v7e-m/nofp\libg.a(lib_a-reallocr.o)
 .ARM.attributes
                0x000008b5       0x2e c:/users/muzaffer/desktop/gcc-arm-none-eabi-10-2020-q4-major/bin/../lib/gcc/arm-none-eabi/10.2.1/../../../../arm-none-eabi/lib/thumb/v7e-m/nofp\libg.a(lib_a-reent.o)
 .ARM.attributes
                0x000008e3       0x2e c:/users/muzaffer/desktop/gcc-arm-none-eabi-10-2020-q4-major/bin/../lib/gcc/arm-none-eabi/10.2.1/../../../../arm-none-eabi/lib/thumb/v7e-m/nofp\libg.a(lib_a-vfiprintf.o)
 .ARM.attributes
                0x00000911       0x2e c:/users/muzaffer/desktop/gcc-arm-none-eabi-10-2020-q4-major/bin/../lib/gcc/arm-none-eabi/10.2.1/../../../../arm-none-eabi/lib/thumb/v7e-m/nofp\libg.a(lib_a-wctomb_r.o)
 .ARM.attributes
                0x0000093f       0x2e c:/users/muzaffer/desktop/gcc-arm-none-eabi-10-2020-q4-major/bin/../lib/gcc/arm-none-eabi/10.2.1/../../../../arm-none-eabi/lib/thumb/v7e-m/nofp\libg.a(lib_a-wsetup.o)
 .ARM.attributes
                0x0000096d       0x2e c:/users/muzaffer/desktop/gcc-arm-none-eabi-10-2020-q4-major/bin/../lib/gcc/arm-none-eabi/10.2.1/../../../../arm-none-eabi/lib/thumb/v7e-m/nofp\libg.a(lib_a-abort.o)
 .ARM.attributes
                0x0000099b       0x2e c:/users/muzaffer/desktop/gcc-arm-none-eabi-10-2020-q4-major/bin/../lib/gcc/arm-none-eabi/10.2.1/../../../../arm-none-eabi/lib/thumb/v7e-m/nofp\libg.a(lib_a-ctype_.o)
 .ARM.attributes
                0x000009c9       0x2e c:/users/muzaffer/desktop/gcc-arm-none-eabi-10-2020-q4-major/bin/../lib/gcc/arm-none-eabi/10.2.1/../../../../arm-none-eabi/lib/thumb/v7e-m/nofp\libg.a(lib_a-fflush.o)
 .ARM.attributes
                0x000009f7       0x2e c:/users/muzaffer/desktop/gcc-arm-none-eabi-10-2020-q4-major/bin/../lib/gcc/arm-none-eabi/10.2.1/../../../../arm-none-eabi/lib/thumb/v7e-m/nofp\libg.a(lib_a-findfp.o)
 .ARM.attributes
                0x00000a25       0x2e c:/users/muzaffer/desktop/gcc-arm-none-eabi-10-2020-q4-major/bin/../lib/gcc/arm-none-eabi/10.2.1/../../../../arm-none-eabi/lib/thumb/v7e-m/nofp\libg.a(lib_a-fputwc.o)
 .ARM.attributes
                0x00000a53       0x2e c:/users/muzaffer/desktop/gcc-arm-none-eabi-10-2020-q4-major/bin/../lib/gcc/arm-none-eabi/10.2.1/../../../../arm-none-eabi/lib/thumb/v7e-m/nofp\libg.a(lib_a-fvwrite.o)
 .ARM.attributes
                0x00000a81       0x2e c:/users/muzaffer/desktop/gcc-arm-none-eabi-10-2020-q4-major/bin/../lib/gcc/arm-none-eabi/10.2.1/../../../../arm-none-eabi/lib/thumb/v7e-m/nofp\libg.a(lib_a-fwalk.o)
 .ARM.attributes
                0x00000aaf       0x2e c:/users/muzaffer/desktop/gcc-arm-none-eabi-10-2020-q4-major/bin/../lib/gcc/arm-none-eabi/10.2.1/../../../../arm-none-eabi/lib/thumb/v7e-m/nofp\libg.a(lib_a-makebuf.o)
 .ARM.attributes
                0x00000add       0x2e c:/users/muzaffer/desktop/gcc-arm-none-eabi-10-2020-q4-major/bin/../lib/gcc/arm-none-eabi/10.2.1/../../../../arm-none-eabi/lib/thumb/v7e-m/nofp\libg.a(lib_a-signal.o)
 .ARM.attributes
                0x00000b0b       0x2e c:/users/muzaffer/desktop/gcc-arm-none-eabi-10-2020-q4-major/bin/../lib/gcc/arm-none-eabi/10.2.1/../../../../arm-none-eabi/lib/thumb/v7e-m/nofp\libg.a(lib_a-signalr.o)
 .ARM.attributes
                0x00000b39       0x2e c:/users/muzaffer/desktop/gcc-arm-none-eabi-10-2020-q4-major/bin/../lib/gcc/arm-none-eabi/10.2.1/../../../../arm-none-eabi/lib/thumb/v7e-m/nofp\libg.a(lib_a-stdio.o)
 .ARM.attributes
                0x00000b67       0x2e c:/users/muzaffer/desktop/gcc-arm-none-eabi-10-2020-q4-major/bin/../lib/gcc/arm-none-eabi/10.2.1/../../../../arm-none-eabi/lib/thumb/v7e-m/nofp\libg.a(lib_a-wbuf.o)
 .ARM.attributes
                0x00000b95       0x2e c:/users/muzaffer/desktop/gcc-arm-none-eabi-10-2020-q4-major/bin/../lib/gcc/arm-none-eabi/10.2.1/../../../../arm-none-eabi/lib/thumb/v7e-m/nofp\libg.a(lib_a-wcrtomb.o)
 .ARM.attributes
                0x00000bc3       0x2e c:/users/muzaffer/desktop/gcc-arm-none-eabi-10-2020-q4-major/bin/../lib/gcc/arm-none-eabi/10.2.1/../../../../arm-none-eabi/lib/thumb/v7e-m/nofp\libg.a(lib_a-writer.o)
 .ARM.attributes
                0x00000bf1       0x2e c:/users/muzaffer/desktop/gcc-arm-none-eabi-10-2020-q4-major/bin/../lib/gcc/arm-none-eabi/10.2.1/../../../../arm-none-eabi/lib/thumb/v7e-m/nofp\libg.a(lib_a-closer.o)
 .ARM.attributes
                0x00000c1f       0x2e c:/users/muzaffer/desktop/gcc-arm-none-eabi-10-2020-q4-major/bin/../lib/gcc/arm-none-eabi/10.2.1/../../../../arm-none-eabi/lib/thumb/v7e-m/nofp\libg.a(lib_a-fclose.o)
 .ARM.attributes
                0x00000c4d       0x2e c:/users/muzaffer/desktop/gcc-arm-none-eabi-10-2020-q4-major/bin/../lib/gcc/arm-none-eabi/10.2.1/../../../../arm-none-eabi/lib/thumb/v7e-m/nofp\libg.a(lib_a-fstatr.o)
 .ARM.attributes
                0x00000c7b       0x2e c:/users/muzaffer/desktop/gcc-arm-none-eabi-10-2020-q4-major/bin/../lib/gcc/arm-none-eabi/10.2.1/../../../../arm-none-eabi/lib/thumb/v7e-m/nofp\libg.a(lib_a-isattyr.o)
 .ARM.attributes
                0x00000ca9       0x2e c:/users/muzaffer/desktop/gcc-arm-none-eabi-10-2020-q4-major/bin/../lib/gcc/arm-none-eabi/10.2.1/../../../../arm-none-eabi/lib/thumb/v7e-m/nofp\libg.a(lib_a-lseekr.o)
 .ARM.attributes
                0x00000cd7       0x2e c:/users/muzaffer/desktop/gcc-arm-none-eabi-10-2020-q4-major/bin/../lib/gcc/arm-none-eabi/10.2.1/../../../../arm-none-eabi/lib/thumb/v7e-m/nofp\libg.a(lib_a-readr.o)
 .ARM.attributes
                0x00000d05       0x1e c:/users/muzaffer/desktop/gcc-arm-none-eabi-10-2020-q4-major/bin/../lib/gcc/arm-none-eabi/10.2.1/thumb/v7e-m/nofp\libgcc.a(_arm_cmpdf2.o)
 .ARM.attributes
                0x00000d23       0x1e c:/users/muzaffer/desktop/gcc-arm-none-eabi-10-2020-q4-major/bin/../lib/gcc/arm-none-eabi/10.2.1/thumb/v7e-m/nofp\libgcc.a(_arm_unorddf2.o)
 .ARM.attributes
                0x00000d41       0x1e c:/users/muzaffer/desktop/gcc-arm-none-eabi-10-2020-q4-major/bin/../lib/gcc/arm-none-eabi/10.2.1/thumb/v7e-m/nofp/crtn.o
OUTPUT(rfid.elf elf32-littlearm)
LOAD linker stubs
LOAD c:/users/muzaffer/desktop/gcc-arm-none-eabi-10-2020-q4-major/bin/../lib/gcc/arm-none-eabi/10.2.1/../../../../arm-none-eabi/lib/thumb/v7e-m/nofp\libc.a
LOAD c:/users/muzaffer/desktop/gcc-arm-none-eabi-10-2020-q4-major/bin/../lib/gcc/arm-none-eabi/10.2.1/../../../../arm-none-eabi/lib/thumb/v7e-m/nofp\libm.a
LOAD c:/users/muzaffer/desktop/gcc-arm-none-eabi-10-2020-q4-major/bin/../lib/gcc/arm-none-eabi/10.2.1/thumb/v7e-m/nofp\libgcc.a

.debug_info     0x00000000     0xc093
 .debug_info    0x00000000     0x2005 CMakeFiles/rfid.elf.dir/Core/Src/main.c.obj
 .debug_info    0x00002005      0xd88 CMakeFiles/rfid.elf.dir/Core/Src/stm32f4xx_hal_msp.c.obj
 .debug_info    0x00002d8d      0x12f CMakeFiles/rfid.elf.dir/Core/Src/stm32f4xx_it.c.obj
 .debug_info    0x00002ebc      0x7af CMakeFiles/rfid.elf.dir/Core/Src/syscalls.c.obj
 .debug_info    0x0000366b      0x174 CMakeFiles/rfid.elf.dir/Core/Src/sysmem.c.obj
 .debug_info    0x000037df      0x37d CMakeFiles/rfid.elf.dir/Core/Src/system_stm32f4xx.c.obj
 .debug_info    0x00003b5c       0x22 CMakeFiles/rfid.elf.dir/Core/Startup/startup_stm32f407vgtx.s.obj
 .debug_info    0x00003b7e      0x9f0 CMakeFiles/rfid.elf.dir/Drivers/STM32F4xx_HAL_Driver/Src/stm32f4xx_hal.c.obj
 .debug_info    0x0000456e     0x1098 CMakeFiles/rfid.elf.dir/Drivers/STM32F4xx_HAL_Driver/Src/stm32f4xx_hal_cortex.c.obj
 .debug_info    0x00005606      0x7b0 CMakeFiles/rfid.elf.dir/Drivers/STM32F4xx_HAL_Driver/Src/stm32f4xx_hal_gpio.c.obj
 .debug_info    0x00005db6     0x3944 CMakeFiles/rfid.elf.dir/Drivers/STM32F4xx_HAL_Driver/Src/stm32f4xx_hal_i2c.c.obj
 .debug_info    0x000096fa      0xb03 CMakeFiles/rfid.elf.dir/Drivers/STM32F4xx_HAL_Driver/Src/stm32f4xx_hal_rcc.c.obj
 .debug_info    0x0000a1fd     0x1e96 CMakeFiles/rfid.elf.dir/Drivers/STM32F4xx_HAL_Driver/Src/stm32f4xx_hal_spi.c.obj

.debug_abbrev   0x00000000     0x1837
 .debug_abbrev  0x00000000      0x3a8 CMakeFiles/rfid.elf.dir/Core/Src/main.c.obj
 .debug_abbrev  0x000003a8      0x1a6 CMakeFiles/rfid.elf.dir/Core/Src/stm32f4xx_hal_msp.c.obj
 .debug_abbrev  0x0000054e       0x7e CMakeFiles/rfid.elf.dir/Core/Src/stm32f4xx_it.c.obj
 .debug_abbrev  0x000005cc      0x1a3 CMakeFiles/rfid.elf.dir/Core/Src/syscalls.c.obj
 .debug_abbrev  0x0000076f       0xe7 CMakeFiles/rfid.elf.dir/Core/Src/sysmem.c.obj
 .debug_abbrev  0x00000856      0x119 CMakeFiles/rfid.elf.dir/Core/Src/system_stm32f4xx.c.obj
 .debug_abbrev  0x0000096f       0x12 CMakeFiles/rfid.elf.dir/Core/Startup/startup_stm32f407vgtx.s.obj
 .debug_abbrev  0x00000981      0x206 CMakeFiles/rfid.elf.dir/Drivers/STM32F4xx_HAL_Driver/Src/stm32f4xx_hal.c.obj
 .debug_abbrev  0x00000b87      0x36a CMakeFiles/rfid.elf.dir/Drivers/STM32F4xx_HAL_Driver/Src/stm32f4xx_hal_cortex.c.obj
 .debug_abbrev  0x00000ef1      0x1ef CMakeFiles/rfid.elf.dir/Drivers/STM32F4xx_HAL_Driver/Src/stm32f4xx_hal_gpio.c.obj
 .debug_abbrev  0x000010e0      0x27f CMakeFiles/rfid.elf.dir/Drivers/STM32F4xx_HAL_Driver/Src/stm32f4xx_hal_i2c.c.obj
 .debug_abbrev  0x0000135f      0x28a CMakeFiles/rfid.elf.dir/Drivers/STM32F4xx_HAL_Driver/Src/stm32f4xx_hal_rcc.c.obj
 .debug_abbrev  0x000015e9      0x24e CMakeFiles/rfid.elf.dir/Drivers/STM32F4xx_HAL_Driver/Src/stm32f4xx_hal_spi.c.obj

.debug_loc      0x00000000     0x857c
 .debug_loc     0x00000000      0xc3c CMakeFiles/rfid.elf.dir/Core/Src/main.c.obj
 .debug_loc     0x00000c3c       0xeb CMakeFiles/rfid.elf.dir/Core/Src/stm32f4xx_hal_msp.c.obj
 .debug_loc     0x00000d27      0x3c5 CMakeFiles/rfid.elf.dir/Core/Src/syscalls.c.obj
 .debug_loc     0x000010ec       0x64 CMakeFiles/rfid.elf.dir/Core/Src/sysmem.c.obj
 .debug_loc     0x00001150      0x158 CMakeFiles/rfid.elf.dir/Core/Src/system_stm32f4xx.c.obj
 .debug_loc     0x000012a8      0x141 CMakeFiles/rfid.elf.dir/Drivers/STM32F4xx_HAL_Driver/Src/stm32f4xx_hal.c.obj
 .debug_loc     0x000013e9      0x744 CMakeFiles/rfid.elf.dir/Drivers/STM32F4xx_HAL_Driver/Src/stm32f4xx_hal_cortex.c.obj
 .debug_loc     0x00001b2d      0x520 CMakeFiles/rfid.elf.dir/Drivers/STM32F4xx_HAL_Driver/Src/stm32f4xx_hal_gpio.c.obj
 .debug_loc     0x0000204d     0x41b6 CMakeFiles/rfid.elf.dir/Drivers/STM32F4xx_HAL_Driver/Src/stm32f4xx_hal_i2c.c.obj
 .debug_loc     0x00006203      0x58c CMakeFiles/rfid.elf.dir/Drivers/STM32F4xx_HAL_Driver/Src/stm32f4xx_hal_rcc.c.obj
 .debug_loc     0x0000678f     0x1ded CMakeFiles/rfid.elf.dir/Drivers/STM32F4xx_HAL_Driver/Src/stm32f4xx_hal_spi.c.obj

.debug_aranges  0x00000000      0x998
 .debug_aranges
                0x00000000       0xf8 CMakeFiles/rfid.elf.dir/Core/Src/main.c.obj
 .debug_aranges
                0x000000f8       0x40 CMakeFiles/rfid.elf.dir/Core/Src/stm32f4xx_hal_msp.c.obj
 .debug_aranges
                0x00000138       0x60 CMakeFiles/rfid.elf.dir/Core/Src/stm32f4xx_it.c.obj
 .debug_aranges
                0x00000198       0xa8 CMakeFiles/rfid.elf.dir/Core/Src/syscalls.c.obj
 .debug_aranges
                0x00000240       0x20 CMakeFiles/rfid.elf.dir/Core/Src/sysmem.c.obj
 .debug_aranges
                0x00000260       0x28 CMakeFiles/rfid.elf.dir/Core/Src/system_stm32f4xx.c.obj
 .debug_aranges
                0x00000288       0x28 CMakeFiles/rfid.elf.dir/Core/Startup/startup_stm32f407vgtx.s.obj
 .debug_aranges
                0x000002b0       0xf0 CMakeFiles/rfid.elf.dir/Drivers/STM32F4xx_HAL_Driver/Src/stm32f4xx_hal.c.obj
 .debug_aranges
                0x000003a0       0xa8 CMakeFiles/rfid.elf.dir/Drivers/STM32F4xx_HAL_Driver/Src/stm32f4xx_hal_cortex.c.obj
 .debug_aranges
                0x00000448       0x58 CMakeFiles/rfid.elf.dir/Drivers/STM32F4xx_HAL_Driver/Src/stm32f4xx_hal_gpio.c.obj
 .debug_aranges
                0x000004a0      0x2a0 CMakeFiles/rfid.elf.dir/Drivers/STM32F4xx_HAL_Driver/Src/stm32f4xx_hal_i2c.c.obj
 .debug_aranges
                0x00000740       0x88 CMakeFiles/rfid.elf.dir/Drivers/STM32F4xx_HAL_Driver/Src/stm32f4xx_hal_rcc.c.obj
 .debug_aranges
                0x000007c8      0x1d0 CMakeFiles/rfid.elf.dir/Drivers/STM32F4xx_HAL_Driver/Src/stm32f4xx_hal_spi.c.obj

.debug_ranges   0x00000000      0x978
 .debug_ranges  0x00000000      0x100 CMakeFiles/rfid.elf.dir/Core/Src/main.c.obj
 .debug_ranges  0x00000100       0x30 CMakeFiles/rfid.elf.dir/Core/Src/stm32f4xx_hal_msp.c.obj
 .debug_ranges  0x00000130       0x50 CMakeFiles/rfid.elf.dir/Core/Src/stm32f4xx_it.c.obj
 .debug_ranges  0x00000180       0x98 CMakeFiles/rfid.elf.dir/Core/Src/syscalls.c.obj
 .debug_ranges  0x00000218       0x10 CMakeFiles/rfid.elf.dir/Core/Src/sysmem.c.obj
 .debug_ranges  0x00000228       0x18 CMakeFiles/rfid.elf.dir/Core/Src/system_stm32f4xx.c.obj
 .debug_ranges  0x00000240       0x20 CMakeFiles/rfid.elf.dir/Core/Startup/startup_stm32f407vgtx.s.obj
 .debug_ranges  0x00000260       0xe0 CMakeFiles/rfid.elf.dir/Drivers/STM32F4xx_HAL_Driver/Src/stm32f4xx_hal.c.obj
 .debug_ranges  0x00000340       0xf8 CMakeFiles/rfid.elf.dir/Drivers/STM32F4xx_HAL_Driver/Src/stm32f4xx_hal_cortex.c.obj
 .debug_ranges  0x00000438       0x48 CMakeFiles/rfid.elf.dir/Drivers/STM32F4xx_HAL_Driver/Src/stm32f4xx_hal_gpio.c.obj
 .debug_ranges  0x00000480      0x2a8 CMakeFiles/rfid.elf.dir/Drivers/STM32F4xx_HAL_Driver/Src/stm32f4xx_hal_i2c.c.obj
 .debug_ranges  0x00000728       0x90 CMakeFiles/rfid.elf.dir/Drivers/STM32F4xx_HAL_Driver/Src/stm32f4xx_hal_rcc.c.obj
 .debug_ranges  0x000007b8      0x1c0 CMakeFiles/rfid.elf.dir/Drivers/STM32F4xx_HAL_Driver/Src/stm32f4xx_hal_spi.c.obj

.debug_line     0x00000000     0xb897
 .debug_line    0x00000000      0xf57 CMakeFiles/rfid.elf.dir/Core/Src/main.c.obj
 .debug_line    0x00000f57      0x3b3 CMakeFiles/rfid.elf.dir/Core/Src/stm32f4xx_hal_msp.c.obj
 .debug_line    0x0000130a      0x1c1 CMakeFiles/rfid.elf.dir/Core/Src/stm32f4xx_it.c.obj
 .debug_line    0x000014cb      0x426 CMakeFiles/rfid.elf.dir/Core/Src/syscalls.c.obj
 .debug_line    0x000018f1      0x205 CMakeFiles/rfid.elf.dir/Core/Src/sysmem.c.obj
 .debug_line    0x00001af6      0x281 CMakeFiles/rfid.elf.dir/Core/Src/system_stm32f4xx.c.obj
 .debug_line    0x00001d77       0xaa CMakeFiles/rfid.elf.dir/Core/Startup/startup_stm32f407vgtx.s.obj
 .debug_line    0x00001e21      0x60d CMakeFiles/rfid.elf.dir/Drivers/STM32F4xx_HAL_Driver/Src/stm32f4xx_hal.c.obj
 .debug_line    0x0000242e      0x820 CMakeFiles/rfid.elf.dir/Drivers/STM32F4xx_HAL_Driver/Src/stm32f4xx_hal_cortex.c.obj
 .debug_line    0x00002c4e      0x764 CMakeFiles/rfid.elf.dir/Drivers/STM32F4xx_HAL_Driver/Src/stm32f4xx_hal_gpio.c.obj
 .debug_line    0x000033b2     0x53e6 CMakeFiles/rfid.elf.dir/Drivers/STM32F4xx_HAL_Driver/Src/stm32f4xx_hal_i2c.c.obj
 .debug_line    0x00008798      0xb93 CMakeFiles/rfid.elf.dir/Drivers/STM32F4xx_HAL_Driver/Src/stm32f4xx_hal_rcc.c.obj
 .debug_line    0x0000932b     0x256c CMakeFiles/rfid.elf.dir/Drivers/STM32F4xx_HAL_Driver/Src/stm32f4xx_hal_spi.c.obj

.debug_str      0x00000000     0x31b0
 .debug_str     0x00000000      0xdde CMakeFiles/rfid.elf.dir/Core/Src/main.c.obj
                                0xee8 (size before relaxing)
 .debug_str     0x00000dde       0xc9 CMakeFiles/rfid.elf.dir/Core/Src/stm32f4xx_hal_msp.c.obj
                                0xaa1 (size before relaxing)
 .debug_str     0x00000ea7       0xd9 CMakeFiles/rfid.elf.dir/Core/Src/stm32f4xx_it.c.obj
                                0x265 (size before relaxing)
 .debug_str     0x00000f80      0x23a CMakeFiles/rfid.elf.dir/Core/Src/syscalls.c.obj
                                0x42f (size before relaxing)
 .debug_str     0x000011ba       0x97 CMakeFiles/rfid.elf.dir/Core/Src/sysmem.c.obj
                                0x25b (size before relaxing)
 .debug_str     0x00001251       0xa9 CMakeFiles/rfid.elf.dir/Core/Src/system_stm32f4xx.c.obj
                                0x357 (size before relaxing)
 .debug_str     0x000012fa       0x58 CMakeFiles/rfid.elf.dir/Core/Startup/startup_stm32f407vgtx.s.obj
                                 0x8f (size before relaxing)
 .debug_str     0x00001352      0x85a CMakeFiles/rfid.elf.dir/Drivers/STM32F4xx_HAL_Driver/Src/stm32f4xx_hal.c.obj
                                0xb90 (size before relaxing)
 .debug_str     0x00001bac      0x4d4 CMakeFiles/rfid.elf.dir/Drivers/STM32F4xx_HAL_Driver/Src/stm32f4xx_hal_cortex.c.obj
                                0xc62 (size before relaxing)
 .debug_str     0x00002080      0x14a CMakeFiles/rfid.elf.dir/Drivers/STM32F4xx_HAL_Driver/Src/stm32f4xx_hal_gpio.c.obj
                                0x516 (size before relaxing)
 .debug_str     0x000021ca      0x915 CMakeFiles/rfid.elf.dir/Drivers/STM32F4xx_HAL_Driver/Src/stm32f4xx_hal_i2c.c.obj
                               0x1066 (size before relaxing)
 .debug_str     0x00002adf      0x1a6 CMakeFiles/rfid.elf.dir/Drivers/STM32F4xx_HAL_Driver/Src/stm32f4xx_hal_rcc.c.obj
                                0x73c (size before relaxing)
 .debug_str     0x00002c85      0x52b CMakeFiles/rfid.elf.dir/Drivers/STM32F4xx_HAL_Driver/Src/stm32f4xx_hal_spi.c.obj
                                0xc30 (size before relaxing)

.comment        0x00000000       0x4d
 .comment       0x00000000       0x4d CMakeFiles/rfid.elf.dir/Core/Src/main.c.obj
                                 0x4e (size before relaxing)
 .comment       0x0000004d       0x4e CMakeFiles/rfid.elf.dir/Core/Src/stm32f4xx_hal_msp.c.obj
 .comment       0x0000004d       0x4e CMakeFiles/rfid.elf.dir/Core/Src/stm32f4xx_it.c.obj
 .comment       0x0000004d       0x4e CMakeFiles/rfid.elf.dir/Core/Src/syscalls.c.obj
 .comment       0x0000004d       0x4e CMakeFiles/rfid.elf.dir/Core/Src/sysmem.c.obj
 .comment       0x0000004d       0x4e CMakeFiles/rfid.elf.dir/Core/Src/system_stm32f4xx.c.obj
 .comment       0x0000004d       0x4e CMakeFiles/rfid.elf.dir/Drivers/STM32F4xx_HAL_Driver/Src/stm32f4xx_hal.c.obj
 .comment       0x0000004d       0x4e CMakeFiles/rfid.elf.dir/Drivers/STM32F4xx_HAL_Driver/Src/stm32f4xx_hal_cortex.c.obj
 .comment       0x0000004d       0x4e CMakeFiles/rfid.elf.dir/Drivers/STM32F4xx_HAL_Driver/Src/stm32f4xx_hal_gpio.c.obj
 .comment       0x0000004d       0x4e CMakeFiles/rfid.elf.dir/Drivers/STM32F4xx_HAL_Driver/Src/stm32f4xx_hal_i2c.c.obj
 .comment       0x0000004d       0x4e CMakeFiles/rfid.elf.dir/Drivers/STM32F4xx_HAL_Driver/Src/stm32f4xx_hal_rcc.c.obj
 .comment       0x0000004d       0x4e CMakeFiles/rfid.elf.dir/Drivers/STM32F4xx_HAL_Driver/Src/stm32f4xx_hal_spi.c.obj

.debug_frame    0x00000000     0x3064
 .debug_frame   0x00000000      0x324 CMakeFiles/rfid.elf.dir/Core/Src/main.c.obj
 .debug_frame   0x00000324       0xa0 CMakeFiles/rfid.elf.dir/Core/Src/stm32f4xx_hal_msp.c.obj
 .debug_frame   0x000003c4       0xa8 CMakeFiles/rfid.elf.dir/Core/Src/stm32f4xx_it.c.obj
 .debug_frame   0x0000046c      0x190 CMakeFiles/rfid.elf.dir/Core/Src/syscalls.c.obj
 .debug_frame   0x000005fc       0x28 CMakeFiles/rfid.elf.dir/Core/Src/sysmem.c.obj
 .debug_frame   0x00000624       0x30 CMakeFiles/rfid.elf.dir/Core/Src/system_stm32f4xx.c.obj
 .debug_frame   0x00000654      0x1ec CMakeFiles/rfid.elf.dir/Drivers/STM32F4xx_HAL_Driver/Src/stm32f4xx_hal.c.obj
 .debug_frame   0x00000840      0x148 CMakeFiles/rfid.elf.dir/Drivers/STM32F4xx_HAL_Driver/Src/stm32f4xx_hal_cortex.c.obj
 .debug_frame   0x00000988       0xd8 CMakeFiles/rfid.elf.dir/Drivers/STM32F4xx_HAL_Driver/Src/stm32f4xx_hal_gpio.c.obj
 .debug_frame   0x00000a60      0x970 CMakeFiles/rfid.elf.dir/Drivers/STM32F4xx_HAL_Driver/Src/stm32f4xx_hal_i2c.c.obj
 .debug_frame   0x000013d0      0x16c CMakeFiles/rfid.elf.dir/Drivers/STM32F4xx_HAL_Driver/Src/stm32f4xx_hal_rcc.c.obj
 .debug_frame   0x0000153c      0x5a4 CMakeFiles/rfid.elf.dir/Drivers/STM32F4xx_HAL_Driver/Src/stm32f4xx_hal_spi.c.obj
 .debug_frame   0x00001ae0       0xac c:/users/muzaffer/desktop/gcc-arm-none-eabi-10-2020-q4-major/bin/../lib/gcc/arm-none-eabi/10.2.1/thumb/v7e-m/nofp\libgcc.a(_arm_addsubdf3.o)
 .debug_frame   0x00001b8c       0x50 c:/users/muzaffer/desktop/gcc-arm-none-eabi-10-2020-q4-major/bin/../lib/gcc/arm-none-eabi/10.2.1/thumb/v7e-m/nofp\libgcc.a(_arm_muldivdf3.o)
 .debug_frame   0x00001bdc       0x24 c:/users/muzaffer/desktop/gcc-arm-none-eabi-10-2020-q4-major/bin/../lib/gcc/arm-none-eabi/10.2.1/thumb/v7e-m/nofp\libgcc.a(_arm_fixdfsi.o)
 .debug_frame   0x00001c00       0x2c c:/users/muzaffer/desktop/gcc-arm-none-eabi-10-2020-q4-major/bin/../lib/gcc/arm-none-eabi/10.2.1/thumb/v7e-m/nofp\libgcc.a(_aeabi_uldivmod.o)
 .debug_frame   0x00001c2c       0x34 c:/users/muzaffer/desktop/gcc-arm-none-eabi-10-2020-q4-major/bin/../lib/gcc/arm-none-eabi/10.2.1/thumb/v7e-m/nofp\libgcc.a(_udivmoddi4.o)
 .debug_frame   0x00001c60       0x20 c:/users/muzaffer/desktop/gcc-arm-none-eabi-10-2020-q4-major/bin/../lib/gcc/arm-none-eabi/10.2.1/../../../../arm-none-eabi/lib/thumb/v7e-m/nofp\libg.a(lib_a-errno.o)
 .debug_frame   0x00001c80       0x2c c:/users/muzaffer/desktop/gcc-arm-none-eabi-10-2020-q4-major/bin/../lib/gcc/arm-none-eabi/10.2.1/../../../../arm-none-eabi/lib/thumb/v7e-m/nofp\libg.a(lib_a-init.o)
 .debug_frame   0x00001cac       0x40 c:/users/muzaffer/desktop/gcc-arm-none-eabi-10-2020-q4-major/bin/../lib/gcc/arm-none-eabi/10.2.1/../../../../arm-none-eabi/lib/thumb/v7e-m/nofp\libg.a(lib_a-memmove.o)
 .debug_frame   0x00001cec       0x2c c:/users/muzaffer/desktop/gcc-arm-none-eabi-10-2020-q4-major/bin/../lib/gcc/arm-none-eabi/10.2.1/../../../../arm-none-eabi/lib/thumb/v7e-m/nofp\libg.a(lib_a-memset.o)
 .debug_frame   0x00001d18       0x74 c:/users/muzaffer/desktop/gcc-arm-none-eabi-10-2020-q4-major/bin/../lib/gcc/arm-none-eabi/10.2.1/../../../../arm-none-eabi/lib/thumb/v7e-m/nofp\libg.a(lib_a-sprintf.o)
 .debug_frame   0x00001d8c       0x44 c:/users/muzaffer/desktop/gcc-arm-none-eabi-10-2020-q4-major/bin/../lib/gcc/arm-none-eabi/10.2.1/../../../../arm-none-eabi/lib/thumb/v7e-m/nofp\libg.a(lib_a-svfprintf.o)
 .debug_frame   0x00001dd0       0x5c c:/users/muzaffer/desktop/gcc-arm-none-eabi-10-2020-q4-major/bin/../lib/gcc/arm-none-eabi/10.2.1/../../../../arm-none-eabi/lib/thumb/v7e-m/nofp\libg.a(lib_a-__call_atexit.o)
 .debug_frame   0x00001e2c       0x20 c:/users/muzaffer/desktop/gcc-arm-none-eabi-10-2020-q4-major/bin/../lib/gcc/arm-none-eabi/10.2.1/../../../../arm-none-eabi/lib/thumb/v7e-m/nofp\libg.a(lib_a-atexit.o)
 .debug_frame   0x00001e4c       0x8c c:/users/muzaffer/desktop/gcc-arm-none-eabi-10-2020-q4-major/bin/../lib/gcc/arm-none-eabi/10.2.1/../../../../arm-none-eabi/lib/thumb/v7e-m/nofp\libg.a(lib_a-dtoa.o)
 .debug_frame   0x00001ed8       0x34 c:/users/muzaffer/desktop/gcc-arm-none-eabi-10-2020-q4-major/bin/../lib/gcc/arm-none-eabi/10.2.1/../../../../arm-none-eabi/lib/thumb/v7e-m/nofp\libg.a(lib_a-fini.o)