Archive member included to satisfy reference by file (symbol)

c:/users/muzaffer/desktop/gcc-arm-none-eabi-10-2020-q4-major/bin/../lib/gcc/arm-none-eabi/10.2.1/thumb/v7e-m/nofp\libgcc.a(_arm_muldf3.o)
                              CMakeFiles/rfid.elf.dir/Core/Src/ssd1306.c.obj (__aeabi_dmul)
c:/users/muzaffer/desktop/gcc-arm-none-eabi-10-2020-q4-major/bin/../lib/gcc/arm-none-eabi/10.2.1/thumb/v7e-m/nofp\libgcc.a(_arm_mulsf3.o)
                              CMakeFiles/rfid.elf.dir/Core/Src/ssd1306.c.obj (__aeabi_fmul)
c:/users/muzaffer/desktop/gcc-arm-none-eabi-10-2020-q4-major/bin/../lib/gcc/arm-none-eabi/10.2.1/thumb/v7e-m/nofp\libgcc.a(_arm_addsubdf3.o)
                              CMakeFiles/rfid.elf.dir/Core/Src/ssd1306_tests.c.obj (__aeabi_ui2d)
c:/users/muzaffer/desktop/gcc-arm-none-eabi-10-2020-q4-major/bin/../lib/gcc/arm-none-eabi/10.2.1/thumb/v7e-m/nofp\libgcc.a(_arm_muldivdf3.o)
                              CMakeFiles/rfid.elf.dir/Core/Src/ssd1306.c.obj (__aeabi_ddiv)
c:/users/muzaffer/desktop/gcc-arm-none-eabi-10-2020-q4-major/bin/../lib/gcc/arm-none-eabi/10.2.1/thumb/v7e-m/nofp\libgcc.a(_arm_fixdfsi.o)
                              CMakeFiles/rfid.elf.dir/Core/Src/ssd1306.c.obj (__aeabi_d2iz)
c:/users/muzaffer/desktop/gcc-arm-none-eabi-10-2020-q4-major/bin/../lib/gcc/arm-none-eabi/10.2.1/thumb/v7e-m/nofp\libgcc.a(_arm_truncdfsf2.o)
                              CMakeFiles/rfid.elf.dir/Core/Src/ssd1306.c.obj (__aeabi_d2f)
c:/users/muzaffer/desktop/gcc-arm-none-eabi-10-2020-q4-major/bin/../lib/gcc/arm-none-eabi/10.2.1/thumb/v7e-m/nofp\libgcc.a(_arm_addsubsf3.o)
                              CMakeFiles/rfid.elf.dir/Core/Src/ssd1306.c.obj (__aeabi_ui2f)
c:/users/muzaffer/desktop/gcc-arm-none-eabi-10-2020-q4-major/bin/../lib/gcc/arm-none-eabi/10.2.1/thumb/v7e-m/nofp\libgcc.a(_arm_muldivsf3.o)
                              CMakeFiles/rfid.elf.dir/Core/Src/ssd1306.c.obj (__aeabi_fdiv)
c:/users/muzaffer/desktop/gcc-arm-none-eabi-10-2020-q4-major/bin/../lib/gcc/arm-none-eabi/10.2.1/thumb/v7e-m/nofp\libgcc.a(_aeabi_uldivmod.o)
                              CMakeFiles/rfid.elf.dir/Drivers/STM32F4xx_HAL_Driver/Src/stm32f4xx_hal_rcc.c.obj (__aeabi_uldivmod)
c:/users/muzaffer/desktop/gcc-arm-none-eabi-10-2020-q4-major/bin/../lib/gcc/arm-none-eabi/10.2.1/thumb/v7e-m/nofp\libgcc.a(_udivmoddi4.o)
                              c:/users/muzaffer/desktop/gcc-arm-none-eabi-10-2020-q4-major/bin/../lib/gcc/arm-none-eabi/10.2.1/thumb/v7e-m/nofp\libgcc.a(_aeabi_uldivmod.o) (__udivmoddi4)
c:/users/muzaffer/desktop/gcc-arm-none-eabi-10-2020-q4-major/bin/../lib/gcc/arm-none-eabi/10.2.1/thumb/v7e-m/nofp\libgcc.a(_dvmd_tls.o)
                              c:/users/muzaffer/desktop/gcc-arm-none-eabi-10-2020-q4-major/bin/../lib/gcc/arm-none-eabi/10.2.1/thumb/v7e-m/nofp\libgcc.a(_aeabi_uldivmod.o) (__aeabi_ldiv0)
c:/users/muzaffer/desktop/gcc-arm-none-eabi-10-2020-q4-major/bin/../lib/gcc/arm-none-eabi/10.2.1/../../../../arm-none-eabi/lib/thumb/v7e-m/nofp\libg.a(lib_a-ctype_.o)
                              CMakeFiles/rfid.elf.dir/Core/Src/ESP8266.c.obj (_ctype_)
c:/users/muzaffer/desktop/gcc-arm-none-eabi-10-2020-q4-major/bin/../lib/gcc/arm-none-eabi/10.2.1/../../../../arm-none-eabi/lib/thumb/v7e-m/nofp\libg.a(lib_a-errno.o)
                              CMakeFiles/rfid.elf.dir/Core/Src/syscalls.c.obj (__errno)
c:/users/muzaffer/desktop/gcc-arm-none-eabi-10-2020-q4-major/bin/../lib/gcc/arm-none-eabi/10.2.1/../../../../arm-none-eabi/lib/thumb/v7e-m/nofp\libg.a(lib_a-exit.o)
                              c:/users/muzaffer/desktop/gcc-arm-none-eabi-10-2020-q4-major/bin/../lib/gcc/arm-none-eabi/10.2.1/../../../../arm-none-eabi/lib/thumb/v7e-m/nofp/crt0.o (exit)
c:/users/muzaffer/desktop/gcc-arm-none-eabi-10-2020-q4-major/bin/../lib/gcc/arm-none-eabi/10.2.1/../../../../arm-none-eabi/lib/thumb/v7e-m/nofp\libg.a(lib_a-impure.o)
                              c:/users/muzaffer/desktop/gcc-arm-none-eabi-10-2020-q4-major/bin/../lib/gcc/arm-none-eabi/10.2.1/../../../../arm-none-eabi/lib/thumb/v7e-m/nofp\libg.a(lib_a-exit.o) (_global_impure_ptr)
c:/users/muzaffer/desktop/gcc-arm-none-eabi-10-2020-q4-major/bin/../lib/gcc/arm-none-eabi/10.2.1/../../../../arm-none-eabi/lib/thumb/v7e-m/nofp\libg.a(lib_a-init.o)
                              c:/users/muzaffer/desktop/gcc-arm-none-eabi-10-2020-q4-major/bin/../lib/gcc/arm-none-eabi/10.2.1/../../../../arm-none-eabi/lib/thumb/v7e-m/nofp/crt0.o (__libc_init_array)
c:/users/muzaffer/desktop/gcc-arm-none-eabi-10-2020-q4-major/bin/../lib/gcc/arm-none-eabi/10.2.1/../../../../arm-none-eabi/lib/thumb/v7e-m/nofp\libg.a(lib_a-malloc.o)
                              CMakeFiles/rfid.elf.dir/Core/Src/main.c.obj (malloc)
c:/users/muzaffer/desktop/gcc-arm-none-eabi-10-2020-q4-major/bin/../lib/gcc/arm-none-eabi/10.2.1/../../../../arm-none-eabi/lib/thumb/v7e-m/nofp\libg.a(lib_a-mallocr.o)
[...]
Memory Configuration

Name             Origin             Length             Attributes
CCMRAM           0x10000000         0x00010000         xrw
RAM              0x20000000         0x00020000         xrw
FLASH            0x08000000         0x00100000         xr
*default*        0x00000000         0xffffffff

Linker script and memory map

LOAD c:/users/muzaffer/desktop/gcc-arm-none-eabi-10-2020-q4-major/bin/../lib/gcc/arm-none-eabi/10.2.1/thumb/v7e-m/nofp/crti.o
LOAD c:/users/muzaffer/desktop/gcc-arm-none-eabi-10-2020-q4-major/bin/../lib/gcc/arm-none-eabi/10.2.1/thumb/v7e-m/nofp/crtbegin.o
LOAD c:/users/muzaffer/desktop/gcc-arm-none-eabi-10-2020-q4-major/bin/../lib/gcc/arm-none-eabi/10.2.1/../../../../arm-none-eabi/lib/thumb/v7e-m/nofp/crt0.o
LOAD CMakeFiles/rfid.elf.dir/Core/Src/ESP8266.c.obj
LOAD CMakeFiles/rfid.elf.dir/Core/Src/main.c.obj
LOAD CMakeFiles/rfid.elf.dir/Core/Src/ssd1306.c.obj
LOAD CMakeFiles/rfid.elf.dir/Core/Src/ssd1306_fonts.c.obj
LOAD CMakeFiles/rfid.elf.dir/Core/Src/ssd1306_tests.c.obj
LOAD CMakeFiles/rfid.elf.dir/Core/Src/stm32f4xx_hal_msp.c.obj
LOAD CMakeFiles/rfid.elf.dir/Core/Src/stm32f4xx_it.c.obj
LOAD CMakeFiles/rfid.elf.dir/Core/Src/syscalls.c.obj
LOAD CMakeFiles/rfid.elf.dir/Core/Src/sysmem.c.obj
LOAD CMakeFiles/rfid.elf.dir/Core/Src/system_stm32f4xx.c.obj
LOAD CMakeFiles/rfid.elf.dir/Core/Startup/startup_stm32f407vgtx.s.obj
LOAD CMakeFiles/rfid.elf.dir/Drivers/STM32F4xx_HAL_Driver/Src/stm32f4xx_hal.c.obj
LOAD CMakeFiles/rfid.elf.dir/Drivers/STM32F4xx_HAL_Driver/Src/stm32f4xx_hal_cortex.c.obj
LOAD CMakeFiles/rfid.elf.dir/Drivers/STM32F4xx_HAL_Driver/Src/stm32f4xx_hal_dma.c.obj
LOAD CMakeFiles/rfid.elf.dir/Drivers/STM32F4xx_HAL_Driver/Src/stm32f4xx_hal_dma_ex.c.obj
LOAD CMakeFiles/rfid.elf.dir/Drivers/STM32F4xx_HAL_Driver/Src/stm32f4xx_hal_exti.c.obj
LOAD CMakeFiles/rfid.elf.dir/Drivers/STM32F4xx_HAL_Driver/Src/stm32f4xx_hal_flash.c.obj
LOAD CMakeFiles/rfid.elf.dir/Drivers/STM32F4xx_HAL_Driver/Src/stm32f4xx_hal_flash_ex.c.obj
LOAD CMakeFiles/rfid.elf.dir/Drivers/STM32F4xx_HAL_Driver/Src/stm32f4xx_hal_flash_ramfunc.c.obj
LOAD CMakeFiles/rfid.elf.dir/Drivers/STM32F4xx_HAL_Driver/Src/stm32f4xx_hal_gpio.c.obj
LOAD CMakeFiles/rfid.elf.dir/Drivers/STM32F4xx_HAL_Driver/Src/stm32f4xx_hal_i2c.c.obj
LOAD CMakeFiles/rfid.elf.dir/Drivers/STM32F4xx_HAL_Driver/Src/stm32f4xx_hal_i2c_ex.c.obj
LOAD CMakeFiles/rfid.elf.dir/Drivers/STM32F4xx_HAL_Driver/Src/stm32f4xx_hal_pwr.c.obj
LOAD CMakeFiles/rfid.elf.dir/Drivers/STM32F4xx_HAL_Driver/Src/stm32f4xx_hal_pwr_ex.c.obj
LOAD CMakeFiles/rfid.elf.dir/Drivers/STM32F4xx_HAL_Driver/Src/stm32f4xx_hal_rcc.c.obj
LOAD CMakeFiles/rfid.elf.dir/Drivers/STM32F4xx_HAL_Driver/Src/stm32f4xx_hal_rcc_ex.c.obj
LOAD CMakeFiles/rfid.elf.dir/Drivers/STM32F4xx_HAL_Driver/Src/stm32f4xx_hal_spi.c.obj
LOAD CMakeFiles/rfid.elf.dir/Drivers/STM32F4xx_HAL_Driver/Src/stm32f4xx_hal_tim.c.obj
LOAD CMakeFiles/rfid.elf.dir/Drivers/STM32F4xx_HAL_Driver/Src/stm32f4xx_hal_tim_ex.c.obj
LOAD CMakeFiles/rfid.elf.dir/Drivers/STM32F4xx_HAL_Driver/Src/stm32f4xx_hal_uart.c.obj
START GROUP
LOAD c:/users/muzaffer/desktop/gcc-arm-none-eabi-10-2020-q4-major/bin/../lib/gcc/arm-none-eabi/10.2.1/thumb/v7e-m/nofp\libgcc.a
LOAD c:/users/muzaffer/desktop/gcc-arm-none-eabi-10-2020-q4-major/bin/../lib/gcc/arm-none-eabi/10.2.1/../../../../arm-none-eabi/lib/thumb/v7e-m/nofp\libg.a
LOAD c:/users/muzaffer/desktop/gcc-arm-none-eabi-10-2020-q4-major/bin/../lib/gcc/arm-none-eabi/10.2.1/../../../../arm-none-eabi/lib/thumb/v7e-m/nofp\libc.a
END GROUP
LOAD c:/users/muzaffer/desktop/gcc-arm-none-eabi-10-2020-q4-major/bin/../lib/gcc/arm-none-eabi/10.2.1/thumb/v7e-m/nofp/crtend.o
LOAD c:/users/muzaffer/desktop/gcc-arm-none-eabi-10-2020-q4-major/bin/../lib/gcc/arm-none-eabi/10.2.1/thumb/v7e-m/nofp/crtn.o
                0x20020000                _estack = (ORIGIN (RAM) + LENGTH (RAM))
                0x00000200                _Min_Heap_Size = 0x200
                0x00000400                _Min_Stack_Size = 0x400

.isr_vector     0x08000000      0x188
                0x08000000                . = ALIGN (0x4)
 *(.isr_vector)
 .isr_vector    0x08000000      0x188 CMakeFiles/rfid.elf.dir/Core/Startup/startup_stm32f407vgtx.s.obj
                0x08000000                g_pfnVectors
                0x08000188                . = ALIGN (0x4)

.text           0x080001c0     0x9a7c
                0x080001c0                . = ALIGN (0x4)
 *(.text)
 .text          0x080001c0       0x40 c:/users/muzaffer/desktop/gcc-arm-none-eabi-10-2020-q4-major/bin/../lib/gcc/arm-none-eabi/10.2.1/thumb/v7e-m/nofp/crtbegin.o
 .text          0x08000200      0x378 c:/users/muzaffer/desktop/gcc-arm-none-eabi-10-2020-q4-major/bin/../lib/gcc/arm-none-eabi/10.2.1/thumb/v7e-m/nofp\libgcc.a(_arm_addsubdf3.o)
                0x08000200                __aeabi_drsub
                0x08000208                __aeabi_dsub
                0x08000208                __subdf3
                0x0800020c                __aeabi_dadd
                0x0800020c                __adddf3
                0x08000484                __floatunsidf
                0x08000484                __aeabi_ui2d
                0x080004a4                __floatsidf
                0x080004a4                __aeabi_i2d
                0x080004c8                __aeabi_f2d
                0x080004c8                __extendsfdf2
                0x0800050c                __floatundidf
                0x0800050c                __aeabi_ul2d
                0x0800051c                __floatdidf
                0x0800051c                __aeabi_l2d
 .text          0x08000578      0x424 c:/users/muzaffer/desktop/gcc-arm-none-eabi-10-2020-q4-major/bin/../lib/gcc/arm-none-eabi/10.2.1/thumb/v7e-m/nofp\libgcc.a(_arm_muldivdf3.o)
                0x08000578                __aeabi_dmul
                0x08000578                __muldf3
                0x080007cc                __divdf3
                0x080007cc                __aeabi_ddiv
 .text          0x0800099c       0x50 c:/users/muzaffer/desktop/gcc-arm-none-eabi-10-2020-q4-major/bin/../lib/gcc/arm-none-eabi/10.2.1/thumb/v7e-m/nofp\libgcc.a(_arm_fixdfsi.o)
                0x0800099c                __aeabi_d2iz
                0x0800099c                __fixdfsi
 .text          0x080009ec       0x30 c:/users/muzaffer/desktop/gcc-arm-none-eabi-10-2020-q4-major/bin/../lib/gcc/arm-none-eabi/10.2.1/thumb/v7e-m/nofp\libgcc.a(_aeabi_uldivmod.o)
                0x080009ec                __aeabi_uldivmod
 .text          0x08000a1c      0x2d0 c:/users/muzaffer/desktop/gcc-arm-none-eabi-10-2020-q4-major/bin/../lib/gcc/arm-none-eabi/10.2.1/thumb/v7e-m/nofp\libgcc.a(_udivmoddi4.o)
                0x08000a1c                __udivmoddi4
 .text          0x08000cec        0x4 c:/users/muzaffer/desktop/gcc-arm-none-eabi-10-2020-q4-major/bin/../lib/gcc/arm-none-eabi/10.2.1/thumb/v7e-m/nofp\libgcc.a(_dvmd_tls.o)
                0x08000cec                __aeabi_idiv0
                0x08000cec                __aeabi_ldiv0
 .text          0x08000cf0      0x134 c:/users/muzaffer/desktop/gcc-arm-none-eabi-10-2020-q4-major/bin/../lib/gcc/arm-none-eabi/10.2.1/../../../../arm-none-eabi/lib/thumb/v7e-m/nofp\libg.a(lib_a-memcpy.o)
                0x08000cf0                memcpy
 *fill*         0x08000e24        0xc 
 .text          0x08000e30       0xa0 c:/users/muzaffer/desktop/gcc-arm-none-eabi-10-2020-q4-major/bin/../lib/gcc/arm-none-eabi/10.2.1/../../../../arm-none-eabi/lib/thumb/v7e-m/nofp\libg.a(lib_a-memchr.o)
                0x08000e30                memchr
 *fill*         0x08000ed0       0x30 
 .text          0x08000f00       0xdc c:/users/muzaffer/desktop/gcc-arm-none-eabi-10-2020-q4-major/bin/../lib/gcc/arm-none-eabi/10.2.1/../../../../arm-none-eabi/lib/thumb/v7e-m/nofp\libg.a(lib_a-strlen.o)
                0x08000f00                strlen
 .text          0x08000fdc      0x110 c:/users/muzaffer/desktop/gcc-arm-none-eabi-10-2020-q4-major/bin/../lib/gcc/arm-none-eabi/10.2.1/thumb/v7e-m/nofp\libgcc.a(_arm_cmpdf2.o)
                0x08000fdc                __gtdf2
                0x08000fdc                __gedf2
                0x08000fe4                __ltdf2
                0x08000fe4                __ledf2
                0x08000fec                __nedf2
                0x08000fec                __eqdf2
                0x08000fec                __cmpdf2
                0x08001068                __aeabi_cdrcmple
                0x08001078                __aeabi_cdcmpeq
                0x08001078                __aeabi_cdcmple
                0x08001088                __aeabi_dcmpeq
                0x0800109c                __aeabi_dcmplt
                0x080010b0                __aeabi_dcmple
                0x080010c4                __aeabi_dcmpge
                0x080010d8                __aeabi_dcmpgt
 .text          0x080010ec       0x2c c:/users/muzaffer/desktop/gcc-arm-none-eabi-10-2020-q4-major/bin/../lib/gcc/arm-none-eabi/10.2.1/thumb/v7e-m/nofp\libgcc.a(_arm_unorddf2.o)
                0x080010ec                __unorddf2
                0x080010ec                __aeabi_dcmpun
 *(.text*)
 .text.delete_white_space
                0x08001118       0x3c CMakeFiles/rfid.elf.dir/Core/Src/ESP8266.c.obj
                0x08001118                delete_white_space
 .text.ESP8266_TransmitReceive
                0x08001154       0x88 CMakeFiles/rfid.elf.dir/Core/Src/ESP8266.c.obj
                0x08001154                ESP8266_TransmitReceive
 .text.MX_GPIO_Init
                0x080011dc       0x68 CMakeFiles/rfid.elf.dir/Core/Src/main.c.obj
 .text.spi_transfer
                0x08001244       0x2c CMakeFiles/rfid.elf.dir/Core/Src/main.c.obj
                0x08001244                spi_transfer
 .text.Write_MFRC522
                0x08001270       0x2c CMakeFiles/rfid.elf.dir/Core/Src/main.c.obj
                0x08001270                Write_MFRC522
 .text.Read_MFRC522
                0x0800129c       0x30 CMakeFiles/rfid.elf.dir/Core/Src/main.c.obj
                0x0800129c                Read_MFRC522
 .text.MFRC522_Reset
                0x080012cc        0xc CMakeFiles/rfid.elf.dir/Core/Src/main.c.obj
                0x080012cc                MFRC522_Reset
 .text.SetBitMask
                0x080012d8       0x18 CMakeFiles/rfid.elf.dir/Core/Src/main.c.obj
                0x080012d8                SetBitMask
 .text.AntennaOn
                0x080012f0        0xc CMakeFiles/rfid.elf.dir/Core/Src/main.c.obj
                0x080012f0                AntennaOn
 .text.MFRC522_Init
                0x080012fc       0x3c CMakeFiles/rfid.elf.dir/Core/Src/main.c.obj
                0x080012fc                MFRC522_Init
 .text.ClearBitMask
                0x08001338       0x18 CMakeFiles/rfid.elf.dir/Core/Src/main.c.obj
                0x08001338                ClearBitMask
 .text.MFRC522_ToCard
                0x08001350      0x106 CMakeFiles/rfid.elf.dir/Core/Src/main.c.obj
                0x08001350                MFRC522_ToCard
 .text.MFRC522_Request
                0x08001456       0x34 CMakeFiles/rfid.elf.dir/Core/Src/main.c.obj
                0x08001456                MFRC522_Request
 .text.MFRC522_Anticoll
                0x0800148a       0x4a CMakeFiles/rfid.elf.dir/Core/Src/main.c.obj
                0x0800148a                MFRC522_Anticoll
 .text.print_line
                0x080014d4       0x80 CMakeFiles/rfid.elf.dir/Core/Src/main.c.obj
                0x080014d4                print_line
 .text.Error_Handler
                0x08001554        0x4 CMakeFiles/rfid.elf.dir/Core/Src/main.c.obj
                0x08001554                Error_Handler
 .text.MX_SPI1_Init
                0x08001558       0x40 CMakeFiles/rfid.elf.dir/Core/Src/main.c.obj
 .text.MX_I2C1_Init
                0x08001598       0x38 CMakeFiles/rfid.elf.dir/Core/Src/main.c.obj
 .text.MX_UART4_Init
                0x080015d0       0x34 CMakeFiles/rfid.elf.dir/Core/Src/main.c.obj
 .text.SystemClock_Config
                0x08001604       0xa4 CMakeFiles/rfid.elf.dir/Core/Src/main.c.obj
                0x08001604                SystemClock_Config
 .text.main     0x080016a8      0x33c CMakeFiles/rfid.elf.dir/Core/Src/main.c.obj
                0x080016a8                main
 .text.ssd1306_WriteCommand
                0x080019e4       0x2c CMakeFiles/rfid.elf.dir/Core/Src/ssd1306.c.obj
                0x080019e4                ssd1306_WriteCommand
 .text.ssd1306_WriteData
                0x08001a10       0x28 CMakeFiles/rfid.elf.dir/Core/Src/ssd1306.c.obj
                0x08001a10                ssd1306_WriteData
 .text.ssd1306_Fill
                0x08001a38       0x20 CMakeFiles/rfid.elf.dir/Core/Src/ssd1306.c.obj
                0x08001a38                ssd1306_Fill
 .text.ssd1306_UpdateScreen
                0x08001a58       0x38 CMakeFiles/rfid.elf.dir/Core/Src/ssd1306.c.obj
                0x08001a58                ssd1306_UpdateScreen
 .text.ssd1306_DrawPixel
                0x08001a90       0x44 CMakeFiles/rfid.elf.dir/Core/Src/ssd1306.c.obj
                0x08001a90                ssd1306_DrawPixel
 .text.ssd1306_WriteChar
                0x08001ad4       0xb0 CMakeFiles/rfid.elf.dir/Core/Src/ssd1306.c.obj
                0x08001ad4                ssd1306_WriteChar
 .text.ssd1306_WriteString
                0x08001b84       0x2e CMakeFiles/rfid.elf.dir/Core/Src/ssd1306.c.obj
                0x08001b84                ssd1306_WriteString
 *fill*         0x08001bb2        0x2 
 .text.ssd1306_SetCursor
                0x08001bb4        0xc CMakeFiles/rfid.elf.dir/Core/Src/ssd1306.c.obj
                0x08001bb4                ssd1306_SetCursor
 .text.ssd1306_SetContrast
                0x08001bc0       0x12 CMakeFiles/rfid.elf.dir/Core/Src/ssd1306.c.obj
                0x08001bc0                ssd1306_SetContrast
 *fill*         0x08001bd2        0x2 
 .text.ssd1306_SetDisplayOn
                0x08001bd4       0x20 CMakeFiles/rfid.elf.dir/Core/Src/ssd1306.c.obj
                0x08001bd4                ssd1306_SetDisplayOn
 .text.ssd1306_Init
                0x08001bf4       0xc8 CMakeFiles/rfid.elf.dir/Core/Src/ssd1306.c.obj
                0x08001bf4                ssd1306_Init
 .text.HAL_MspInit
                0x08001cbc       0x40 CMakeFiles/rfid.elf.dir/Core/Src/stm32f4xx_hal_msp.c.obj
                0x08001cbc                HAL_MspInit
 .text.HAL_I2C_MspInit
                0x08001cfc       0x70 CMakeFiles/rfid.elf.dir/Core/Src/stm32f4xx_hal_msp.c.obj
                0x08001cfc                HAL_I2C_MspInit
 .text.HAL_SPI_MspInit
                0x08001d6c       0x70 CMakeFiles/rfid.elf.dir/Core/Src/stm32f4xx_hal_msp.c.obj
                0x08001d6c                HAL_SPI_MspInit
 .text.HAL_UART_MspInit
                0x08001ddc       0x6c CMakeFiles/rfid.elf.dir/Core/Src/stm32f4xx_hal_msp.c.obj
                0x08001ddc                HAL_UART_MspInit
 .text.NMI_Handler
                0x08001e48        0x2 CMakeFiles/rfid.elf.dir/Core/Src/stm32f4xx_it.c.obj
                0x08001e48                NMI_Handler
 .text.HardFault_Handler
                0x08001e4a        0x2 CMakeFiles/rfid.elf.dir/Core/Src/stm32f4xx_it.c.obj
                0x08001e4a                HardFault_Handler
 .text.MemManage_Handler
                0x08001e4c        0x2 CMakeFiles/rfid.elf.dir/Core/Src/stm32f4xx_it.c.obj
                0x08001e4c                MemManage_Handler
 .text.BusFault_Handler
                0x08001e4e        0x2 CMakeFiles/rfid.elf.dir/Core/Src/stm32f4xx_it.c.obj
                0x08001e4e                BusFault_Handler
 .text.UsageFault_Handler
                0x08001e50        0x2 CMakeFiles/rfid.elf.dir/Core/Src/stm32f4xx_it.c.obj
                0x08001e50                UsageFault_Handler
 .text.SVC_Handler
                0x08001e52        0x2 CMakeFiles/rfid.elf.dir/Core/Src/stm32f4xx_it.c.obj
                0x08001e52                SVC_Handler
 .text.DebugMon_Handler
                0x08001e54        0x2 CMakeFiles/rfid.elf.dir/Core/Src/stm32f4xx_it.c.obj
                0x08001e54                DebugMon_Handler
 .text.PendSV_Handler
                0x08001e56        0x2 CMakeFiles/rfid.elf.dir/Core/Src/stm32f4xx_it.c.obj
                0x08001e56                PendSV_Handler
 .text.SysTick_Handler
                0x08001e58        0x8 CMakeFiles/rfid.elf.dir/Core/Src/stm32f4xx_it.c.obj
                0x08001e58                SysTick_Handler
 .text._getpid  0x08001e60        0x4 CMakeFiles/rfid.elf.dir/Core/Src/syscalls.c.obj
                0x08001e60                _getpid
 .text._kill    0x08001e64       0x10 CMakeFiles/rfid.elf.dir/Core/Src/syscalls.c.obj
                0x08001e64                _kill
 .text._exit    0x08001e74        0xc CMakeFiles/rfid.elf.dir/Core/Src/syscalls.c.obj
                0x08001e74                _exit
 .text._read    0x08001e80       0x20 CMakeFiles/rfid.elf.dir/Core/Src/syscalls.c.obj
                0x08001e80                _read
 .text._write   0x08001ea0       0x1c CMakeFiles/rfid.elf.dir/Core/Src/syscalls.c.obj
                0x08001ea0                _write
 .text._close   0x08001ebc        0x6 CMakeFiles/rfid.elf.dir/Core/Src/syscalls.c.obj
                0x08001ebc                _close
 .text._fstat   0x08001ec2        0xa CMakeFiles/rfid.elf.dir/Core/Src/syscalls.c.obj
                0x08001ec2                _fstat
 .text._isatty  0x08001ecc        0x4 CMakeFiles/rfid.elf.dir/Core/Src/syscalls.c.obj
                0x08001ecc                _isatty
 .text._lseek   0x08001ed0        0x4 CMakeFiles/rfid.elf.dir/Core/Src/syscalls.c.obj
                0x08001ed0                _lseek
 .text._sbrk    0x08001ed4       0x48 CMakeFiles/rfid.elf.dir/Core/Src/sysmem.c.obj
                0x08001ed4                _sbrk
 .text.SystemInit
                0x08001f1c        0x2 CMakeFiles/rfid.elf.dir/Core/Src/system_stm32f4xx.c.obj
                0x08001f1c                SystemInit
 *fill*         0x08001f1e        0x2 
 .text.Reset_Handler
                0x08001f20       0x50 CMakeFiles/rfid.elf.dir/Core/Startup/startup_stm32f407vgtx.s.obj
                0x08001f20                Reset_Handler
 .text.Default_Handler
                0x08001f70        0x2 CMakeFiles/rfid.elf.dir/Core/Startup/startup_stm32f407vgtx.s.obj
                0x08001f70                RTC_Alarm_IRQHandler
                0x08001f70                HASH_RNG_IRQHandler
                0x08001f70                EXTI2_IRQHandler
                0x08001f70                TIM8_CC_IRQHandler
                0x08001f70                TIM1_CC_IRQHandler
                0x08001f70                DMA2_Stream5_IRQHandler
                0x08001f70                DMA1_Stream5_IRQHandler
                0x08001f70                PVD_IRQHandler
                0x08001f70                SDIO_IRQHandler
                0x08001f70                TAMP_STAMP_IRQHandler
                0x08001f70                CAN2_RX1_IRQHandler
                0x08001f70                EXTI3_IRQHandler
                0x08001f70                TIM8_TRG_COM_TIM14_IRQHandler
                0x08001f70                TIM1_UP_TIM10_IRQHandler
                0x08001f70                TIM8_UP_TIM13_IRQHandler
                0x08001f70                I2C3_ER_IRQHandler
                0x08001f70                EXTI0_IRQHandler
                0x08001f70                I2C2_EV_IRQHandler
                0x08001f70                DMA1_Stream2_IRQHandler
                0x08001f70                CAN1_RX0_IRQHandler
                0x08001f70                FPU_IRQHandler
                0x08001f70                OTG_HS_WKUP_IRQHandler
                0x08001f70                CAN2_SCE_IRQHandler
                0x08001f70                DMA2_Stream2_IRQHandler
                0x08001f70                SPI1_IRQHandler
                0x08001f70                TIM6_DAC_IRQHandler
                0x08001f70                TIM1_BRK_TIM9_IRQHandler
                0x08001f70                DCMI_IRQHandler
                0x08001f70                CAN2_RX0_IRQHandler
                0x08001f70                DMA2_Stream3_IRQHandler
                0x08001f70                USART6_IRQHandler
                0x08001f70                USART3_IRQHandler
                0x08001f70                CAN1_RX1_IRQHandler
                0x08001f70                UART5_IRQHandler
                0x08001f70                DMA2_Stream0_IRQHandler
                0x08001f70                TIM4_IRQHandler
                0x08001f70                I2C1_EV_IRQHandler
                0x08001f70                DMA1_Stream6_IRQHandler
                0x08001f70                DMA1_Stream1_IRQHandler
                0x08001f70                UART4_IRQHandler
                0x08001f70                TIM3_IRQHandler
                0x08001f70                RCC_IRQHandler
                0x08001f70                TIM8_BRK_TIM12_IRQHandler
                0x08001f70                Default_Handler
                0x08001f70                EXTI15_10_IRQHandler
                0x08001f70                ADC_IRQHandler
                0x08001f70                DMA1_Stream7_IRQHandler
                0x08001f70                TIM7_IRQHandler
                0x08001f70                CAN2_TX_IRQHandler
                0x08001f70                TIM5_IRQHandler
                0x08001f70                DMA2_Stream7_IRQHandler
                0x08001f70                I2C3_EV_IRQHandler
                0x08001f70                EXTI9_5_IRQHandler
                0x08001f70                RTC_WKUP_IRQHandler
                0x08001f70                ETH_WKUP_IRQHandler
                0x08001f70                SPI2_IRQHandler
                0x08001f70                OTG_HS_EP1_IN_IRQHandler
                0x08001f70                DMA1_Stream0_IRQHandler
                0x08001f70                CAN1_TX_IRQHandler
                0x08001f70                EXTI4_IRQHandler
                0x08001f70                FSMC_IRQHandler
                0x08001f70                ETH_IRQHandler
                0x08001f70                OTG_HS_EP1_OUT_IRQHandler
                0x08001f70                WWDG_IRQHandler
                0x08001f70                TIM2_IRQHandler
                0x08001f70                OTG_FS_WKUP_IRQHandler
                0x08001f70                TIM1_TRG_COM_TIM11_IRQHandler
                0x08001f70                OTG_HS_IRQHandler
                0x08001f70                EXTI1_IRQHandler
                0x08001f70                USART2_IRQHandler
                0x08001f70                I2C2_ER_IRQHandler
                0x08001f70                DMA2_Stream1_IRQHandler
                0x08001f70                CAN1_SCE_IRQHandler
                0x08001f70                FLASH_IRQHandler
                0x08001f70                DMA2_Stream4_IRQHandler
                0x08001f70                USART1_IRQHandler
                0x08001f70                OTG_FS_IRQHandler
                0x08001f70                SPI3_IRQHandler
                0x08001f70                DMA1_Stream4_IRQHandler
                0x08001f70                I2C1_ER_IRQHandler
                0x08001f70                DMA2_Stream6_IRQHandler
                0x08001f70                DMA1_Stream3_IRQHandler
 *fill*         0x08001f72        0x2 
 .text.HAL_InitTick
                0x08001f74       0x4c CMakeFiles/rfid.elf.dir/Drivers/STM32F4xx_HAL_Driver/Src/stm32f4xx_hal.c.obj
                0x08001f74                HAL_InitTick
 .text.HAL_Init
                0x08001fc0       0x34 CMakeFiles/rfid.elf.dir/Drivers/STM32F4xx_HAL_Driver/Src/stm32f4xx_hal.c.obj
                0x08001fc0                HAL_Init
 .text.HAL_IncTick
                0x08001ff4       0x18 CMakeFiles/rfid.elf.dir/Drivers/STM32F4xx_HAL_Driver/Src/stm32f4xx_hal.c.obj
                0x08001ff4                HAL_IncTick
 .text.HAL_GetTick
                0x0800200c        0xc CMakeFiles/rfid.elf.dir/Drivers/STM32F4xx_HAL_Driver/Src/stm32f4xx_hal.c.obj
                0x0800200c                HAL_GetTick
 .text.HAL_Delay
                0x08002018       0x28 CMakeFiles/rfid.elf.dir/Drivers/STM32F4xx_HAL_Driver/Src/stm32f4xx_hal.c.obj
                0x08002018                HAL_Delay
 .text.HAL_NVIC_SetPriorityGrouping
                0x08002040       0x24 CMakeFiles/rfid.elf.dir/Drivers/STM32F4xx_HAL_Driver/Src/stm32f4xx_hal_cortex.c.obj
                0x08002040                HAL_NVIC_SetPriorityGrouping
 .text.HAL_NVIC_SetPriority
                0x08002064       0x70 CMakeFiles/rfid.elf.dir/Drivers/STM32F4xx_HAL_Driver/Src/stm32f4xx_hal_cortex.c.obj
                0x08002064                HAL_NVIC_SetPriority
 .text.HAL_SYSTICK_Config
                0x080020d4       0x28 CMakeFiles/rfid.elf.dir/Drivers/STM32F4xx_HAL_Driver/Src/stm32f4xx_hal_cortex.c.obj
                0x080020d4                HAL_SYSTICK_Config
 .text.HAL_GPIO_Init
                0x080020fc      0x1e4 CMakeFiles/rfid.elf.dir/Drivers/STM32F4xx_HAL_Driver/Src/stm32f4xx_hal_gpio.c.obj
                0x080020fc                HAL_GPIO_Init
 .text.HAL_GPIO_WritePin
                0x080022e0        0xc CMakeFiles/rfid.elf.dir/Drivers/STM32F4xx_HAL_Driver/Src/stm32f4xx_hal_gpio.c.obj
                0x080022e0                HAL_GPIO_WritePin
 .text.I2C_IsAcknowledgeFailed
                0x080022ec       0x32 CMakeFiles/rfid.elf.dir/Drivers/STM32F4xx_HAL_Driver/Src/stm32f4xx_hal_i2c.c.obj
 .text.I2C_WaitOnFlagUntilTimeout
                0x0800231e       0x7c CMakeFiles/rfid.elf.dir/Drivers/STM32F4xx_HAL_Driver/Src/stm32f4xx_hal_i2c.c.obj
 .text.I2C_WaitOnMasterAddressFlagUntilTimeout
                0x0800239a       0xaa CMakeFiles/rfid.elf.dir/Drivers/STM32F4xx_HAL_Driver/Src/stm32f4xx_hal_i2c.c.obj
 .text.I2C_WaitOnTXEFlagUntilTimeout
                0x08002444       0x54 CMakeFiles/rfid.elf.dir/Drivers/STM32F4xx_HAL_Driver/Src/stm32f4xx_hal_i2c.c.obj
 .text.I2C_RequestMemoryWrite
                0x08002498       0xd8 CMakeFiles/rfid.elf.dir/Drivers/STM32F4xx_HAL_Driver/Src/stm32f4xx_hal_i2c.c.obj
 .text.I2C_WaitOnBTFFlagUntilTimeout
                0x08002570       0x54 CMakeFiles/rfid.elf.dir/Drivers/STM32F4xx_HAL_Driver/Src/stm32f4xx_hal_i2c.c.obj
 .text.HAL_I2C_Init
                0x080025c4      0x1bc CMakeFiles/rfid.elf.dir/Drivers/STM32F4xx_HAL_Driver/Src/stm32f4xx_hal_i2c.c.obj
                0x080025c4                HAL_I2C_Init
 .text.HAL_I2C_Mem_Write
                0x08002780      0x164 CMakeFiles/rfid.elf.dir/Drivers/STM32F4xx_HAL_Driver/Src/stm32f4xx_hal_i2c.c.obj
                0x08002780                HAL_I2C_Mem_Write
 .text.HAL_RCC_OscConfig
                0x080028e4      0x3f8 CMakeFiles/rfid.elf.dir/Drivers/STM32F4xx_HAL_Driver/Src/stm32f4xx_hal_rcc.c.obj
                0x080028e4                HAL_RCC_OscConfig
 .text.HAL_RCC_GetSysClockFreq
                0x08002cdc       0xd4 CMakeFiles/rfid.elf.dir/Drivers/STM32F4xx_HAL_Driver/Src/stm32f4xx_hal_rcc.c.obj
                0x08002cdc                HAL_RCC_GetSysClockFreq
 .text.HAL_RCC_ClockConfig
                0x08002db0      0x160 CMakeFiles/rfid.elf.dir/Drivers/STM32F4xx_HAL_Driver/Src/stm32f4xx_hal_rcc.c.obj
                0x08002db0                HAL_RCC_ClockConfig
 .text.HAL_RCC_GetHCLKFreq
                0x08002f10        0xc CMakeFiles/rfid.elf.dir/Drivers/STM32F4xx_HAL_Driver/Src/stm32f4xx_hal_rcc.c.obj
                0x08002f10                HAL_RCC_GetHCLKFreq
 .text.HAL_RCC_GetPCLK1Freq
                0x08002f1c       0x20 CMakeFiles/rfid.elf.dir/Drivers/STM32F4xx_HAL_Driver/Src/stm32f4xx_hal_rcc.c.obj
                0x08002f1c                HAL_RCC_GetPCLK1Freq
 .text.HAL_RCC_GetPCLK2Freq
                0x08002f3c       0x20 CMakeFiles/rfid.elf.dir/Drivers/STM32F4xx_HAL_Driver/Src/stm32f4xx_hal_rcc.c.obj
                0x08002f3c                HAL_RCC_GetPCLK2Freq
 .text.SPI_WaitFlagStateUntilTimeout
                0x08002f5c       0xd4 CMakeFiles/rfid.elf.dir/Drivers/STM32F4xx_HAL_Driver/Src/stm32f4xx_hal_spi.c.obj
 .text.SPI_EndRxTxTransaction
                0x08003030       0x68 CMakeFiles/rfid.elf.dir/Drivers/STM32F4xx_HAL_Driver/Src/stm32f4xx_hal_spi.c.obj
 .text.HAL_SPI_Init
                0x08003098       0xbe CMakeFiles/rfid.elf.dir/Drivers/STM32F4xx_HAL_Driver/Src/stm32f4xx_hal_spi.c.obj
                0x08003098                HAL_SPI_Init
 .text.HAL_SPI_TransmitReceive
                0x08003156      0x238 CMakeFiles/rfid.elf.dir/Drivers/STM32F4xx_HAL_Driver/Src/stm32f4xx_hal_spi.c.obj
                0x08003156                HAL_SPI_TransmitReceive
 *fill*         0x0800338e        0x2 
 .text.UART_SetConfig
                0x08003390      0x110 CMakeFiles/rfid.elf.dir/Drivers/STM32F4xx_HAL_Driver/Src/stm32f4xx_hal_uart.c.obj
 .text.UART_WaitOnFlagUntilTimeout
                0x080034a0       0x88 CMakeFiles/rfid.elf.dir/Drivers/STM32F4xx_HAL_Driver/Src/stm32f4xx_hal_uart.c.obj
 .text.HAL_UART_Init
                0x08003528       0x5e CMakeFiles/rfid.elf.dir/Drivers/STM32F4xx_HAL_Driver/Src/stm32f4xx_hal_uart.c.obj
                0x08003528                HAL_UART_Init
 .text.HAL_UART_Transmit
                0x08003586       0xd8 CMakeFiles/rfid.elf.dir/Drivers/STM32F4xx_HAL_Driver/Src/stm32f4xx_hal_uart.c.obj
                0x08003586                HAL_UART_Transmit
 .text.HAL_UART_Receive
                0x0800365e       0xe4 CMakeFiles/rfid.elf.dir/Drivers/STM32F4xx_HAL_Driver/Src/stm32f4xx_hal_uart.c.obj
                0x0800365e                HAL_UART_Receive
 *fill*         0x08003742        0x2 
 .text.__errno  0x08003744        0xc c:/users/muzaffer/desktop/gcc-arm-none-eabi-10-2020-q4-major/bin/../lib/gcc/arm-none-eabi/10.2.1/../../../../arm-none-eabi/lib/thumb/v7e-m/nofp\libg.a(lib_a-errno.o)
                0x08003744                __errno
 .text.__libc_init_array
                0x08003750       0x48 c:/users/muzaffer/desktop/gcc-arm-none-eabi-10-2020-q4-major/bin/../lib/gcc/arm-none-eabi/10.2.1/../../../../arm-none-eabi/lib/thumb/v7e-m/nofp\libg.a(lib_a-init.o)
                0x08003750                __libc_init_array
 .text.malloc   0x08003798       0x10 c:/users/muzaffer/desktop/gcc-arm-none-eabi-10-2020-q4-major/bin/../lib/gcc/arm-none-eabi/10.2.1/../../../../arm-none-eabi/lib/thumb/v7e-m/nofp\libg.a(lib_a-malloc.o)
                0x08003798                malloc
 .text._malloc_r
                0x080037a8      0x560 c:/users/muzaffer/desktop/gcc-arm-none-eabi-10-2020-q4-major/bin/../lib/gcc/arm-none-eabi/10.2.1/../../../../arm-none-eabi/lib/thumb/v7e-m/nofp\libg.a(lib_a-mallocr.o)
                0x080037a8                _malloc_r
 .text.memmove  0x08003d08       0xf8 c:/users/muzaffer/desktop/gcc-arm-none-eabi-10-2020-q4-major/bin/../lib/gcc/arm-none-eabi/10.2.1/../../../../arm-none-eabi/lib/thumb/v7e-m/nofp\libg.a(lib_a-memmove.o)
                0x08003d08                memmove
 .text.memset   0x08003e00       0xa4 c:/users/muzaffer/desktop/gcc-arm-none-eabi-10-2020-q4-major/bin/../lib/gcc/arm-none-eabi/10.2.1/../../../../arm-none-eabi/lib/thumb/v7e-m/nofp\libg.a(lib_a-memset.o)
                0x08003e00                memset
 .text.__malloc_lock
                0x08003ea4        0xc c:/users/muzaffer/desktop/gcc-arm-none-eabi-10-2020-q4-major/bin/../lib/gcc/arm-none-eabi/10.2.1/../../../../arm-none-eabi/lib/thumb/v7e-m/nofp\libg.a(lib_a-mlock.o)
                0x08003ea4                __malloc_lock
 .text.__malloc_unlock
                0x08003eb0        0xc c:/users/muzaffer/desktop/gcc-arm-none-eabi-10-2020-q4-major/bin/../lib/gcc/arm-none-eabi/10.2.1/../../../../arm-none-eabi/lib/thumb/v7e-m/nofp\libg.a(lib_a-mlock.o)
                0x08003eb0                __malloc_unlock
 .text._sbrk_r  0x08003ebc       0x24 c:/users/muzaffer/desktop/gcc-arm-none-eabi-10-2020-q4-major/bin/../lib/gcc/arm-none-eabi/10.2.1/../../../../arm-none-eabi/lib/thumb/v7e-m/nofp\libg.a(lib_a-sbrkr.o)
                0x08003ebc                _sbrk_r
 .text.sprintf  0x08003ee0       0x40 c:/users/muzaffer/desktop/gcc-arm-none-eabi-10-2020-q4-major/bin/../lib/gcc/arm-none-eabi/10.2.1/../../../../arm-none-eabi/lib/thumb/v7e-m/nofp\libg.a(lib_a-sprintf.o)
                0x08003ee0                sprintf
 .text.strcpy   0x08003f20       0xbc c:/users/muzaffer/desktop/gcc-arm-none-eabi-10-2020-q4-major/bin/../lib/gcc/arm-none-eabi/10.2.1/../../../../arm-none-eabi/lib/thumb/v7e-m/nofp\libg.a(lib_a-strcpy.o)
                0x08003f20                strcpy
 .text.strncpy  0x08003fdc       0x64 c:/users/muzaffer/desktop/gcc-arm-none-eabi-10-2020-q4-major/bin/../lib/gcc/arm-none-eabi/10.2.1/../../../../arm-none-eabi/lib/thumb/v7e-m/nofp\libg.a(lib_a-strncpy.o)
                0x08003fdc                strncpy
 .text.two_way_long_needle
                0x08004040      0x2b4 c:/users/muzaffer/desktop/gcc-arm-none-eabi-10-2020-q4-major/bin/../lib/gcc/arm-none-eabi/10.2.1/../../../../arm-none-eabi/lib/thumb/v7e-m/nofp\libg.a(lib_a-strstr.o)
 .text.strstr   0x080042f4      0x164 c:/users/muzaffer/desktop/gcc-arm-none-eabi-10-2020-q4-major/bin/../lib/gcc/arm-none-eabi/10.2.1/../../../../arm-none-eabi/lib/thumb/v7e-m/nofp\libg.a(lib_a-strstr.o)
                0x080042f4                strstr
 .text._svfprintf_r
                0x08004458     0x1a3c c:/users/muzaffer/desktop/gcc-arm-none-eabi-10-2020-q4-major/bin/../lib/gcc/arm-none-eabi/10.2.1/../../../../arm-none-eabi/lib/thumb/v7e-m/nofp\libg.a(lib_a-svfprintf.o)
                0x08004458                _svfprintf_r
 .text.startup.register_fini
                0x08005e94       0x14 c:/users/muzaffer/desktop/gcc-arm-none-eabi-10-2020-q4-major/bin/../lib/gcc/arm-none-eabi/10.2.1/../../../../arm-none-eabi/lib/thumb/v7e-m/nofp\libg.a(lib_a-__call_atexit.o)
 .text.atexit   0x08005ea8        0xc c:/users/muzaffer/desktop/gcc-arm-none-eabi-10-2020-q4-major/bin/../lib/gcc/arm-none-eabi/10.2.1/../../../../arm-none-eabi/lib/thumb/v7e-m/nofp\libg.a(lib_a-atexit.o)
                0x08005ea8                atexit
 .text.quorem   0x08005eb4      0x124 c:/users/muzaffer/desktop/gcc-arm-none-eabi-10-2020-q4-major/bin/../lib/gcc/arm-none-eabi/10.2.1/../../../../arm-none-eabi/lib/thumb/v7e-m/nofp\libg.a(lib_a-dtoa.o)
 .text._dtoa_r  0x08005fd8      0xec4 c:/users/muzaffer/desktop/gcc-arm-none-eabi-10-2020-q4-major/bin/../lib/gcc/arm-none-eabi/10.2.1/../../../../arm-none-eabi/lib/thumb/v7e-m/nofp\libg.a(lib_a-dtoa.o)
                0x08005fd8                _dtoa_r
 .text.__libc_fini_array
                0x08006e9c       0x2c c:/users/muzaffer/desktop/gcc-arm-none-eabi-10-2020-q4-major/bin/../lib/gcc/arm-none-eabi/10.2.1/../../../../arm-none-eabi/lib/thumb/v7e-m/nofp\libg.a(lib_a-fini.o)
                0x08006e9c                __libc_fini_array
 .text._malloc_trim_r
                0x08006ec8       0xa0 c:/users/muzaffer/desktop/gcc-arm-none-eabi-10-2020-q4-major/bin/../lib/gcc/arm-none-eabi/10.2.1/../../../../arm-none-eabi/lib/thumb/v7e-m/nofp\libg.a(lib_a-freer.o)
                0x08006ec8                _malloc_trim_r
 .text._free_r  0x08006f68      0x20c c:/users/muzaffer/desktop/gcc-arm-none-eabi-10-2020-q4-major/bin/../lib/gcc/arm-none-eabi/10.2.1/../../../../arm-none-eabi/lib/thumb/v7e-m/nofp\libg.a(lib_a-freer.o)
                0x08006f68                _free_r
 .text._localeconv_r
                0x08007174        0x8 c:/users/muzaffer/desktop/gcc-arm-none-eabi-10-2020-q4-major/bin/../lib/gcc/arm-none-eabi/10.2.1/../../../../arm-none-eabi/lib/thumb/v7e-m/nofp\libg.a(lib_a-localeconv.o)
                0x08007174                _localeconv_r
 .text.__retarget_lock_init_recursive
                0x0800717c        0x4 c:/users/muzaffer/desktop/gcc-arm-none-eabi-10-2020-q4-major/bin/../lib/gcc/arm-none-eabi/10.2.1/../../../../arm-none-eabi/lib/thumb/v7e-m/nofp\libg.a(lib_a-lock.o)
                0x0800717c                __retarget_lock_init_recursive
 .text.__retarget_lock_close_recursive
                0x08007180        0x4 c:/users/muzaffer/desktop/gcc-arm-none-eabi-10-2020-q4-major/bin/../lib/gcc/arm-none-eabi/10.2.1/../../../../arm-none-eabi/lib/thumb/v7e-m/nofp\libg.a(lib_a-lock.o)
                0x08007180                __retarget_lock_close_recursive
 .text.__retarget_lock_acquire_recursive
                0x08007184        0x4 c:/users/muzaffer/desktop/gcc-arm-none-eabi-10-2020-q4-major/bin/../lib/gcc/arm-none-eabi/10.2.1/../../../../arm-none-eabi/lib/thumb/v7e-m/nofp\libg.a(lib_a-lock.o)
                0x08007184                __retarget_lock_acquire_recursive
 .text.__retarget_lock_release_recursive
                0x08007188        0x4 c:/users/muzaffer/desktop/gcc-arm-none-eabi-10-2020-q4-major/bin/../lib/gcc/arm-none-eabi/10.2.1/../../../../arm-none-eabi/lib/thumb/v7e-m/nofp\libg.a(lib_a-lock.o)
                0x08007188                __retarget_lock_release_recursive
 .text.memcmp   0x0800718c       0x68 c:/users/muzaffer/desktop/gcc-arm-none-eabi-10-2020-q4-major/bin/../lib/gcc/arm-none-eabi/10.2.1/../../../../arm-none-eabi/lib/thumb/v7e-m/nofp\libg.a(lib_a-memcmp.o)
                0x0800718c                memcmp
 .text._Balloc  0x080071f4       0x4c c:/users/muzaffer/desktop/gcc-arm-none-eabi-10-2020-q4-major/bin/../lib/gcc/arm-none-eabi/10.2.1/../../../../arm-none-eabi/lib/thumb/v7e-m/nofp\libg.a(lib_a-mprec.o)
                0x080071f4                _Balloc
 .text._Bfree   0x08007240       0x14 c:/users/muzaffer/desktop/gcc-arm-none-eabi-10-2020-q4-major/bin/../lib/gcc/arm-none-eabi/10.2.1/../../../../arm-none-eabi/lib/thumb/v7e-m/nofp\libg.a(lib_a-mprec.o)
                0x08007240                _Bfree
 .text.__multadd
                0x08007254       0xa0 c:/users/muzaffer/desktop/gcc-arm-none-eabi-10-2020-q4-major/bin/../lib/gcc/arm-none-eabi/10.2.1/../../../../arm-none-eabi/lib/thumb/v7e-m/nofp\libg.a(lib_a-mprec.o)
                0x08007254                __multadd
 .text.__hi0bits
                0x080072f4       0x40 c:/users/muzaffer/desktop/gcc-arm-none-eabi-10-2020-q4-major/bin/../lib/gcc/arm-none-eabi/10.2.1/../../../../arm-none-eabi/lib/thumb/v7e-m/nofp\libg.a(lib_a-mprec.o)
                0x080072f4                __hi0bits
 .text.__lo0bits
                0x08007334       0x5c c:/users/muzaffer/desktop/gcc-arm-none-eabi-10-2020-q4-major/bin/../lib/gcc/arm-none-eabi/10.2.1/../../../../arm-none-eabi/lib/thumb/v7e-m/nofp\libg.a(lib_a-mprec.o)
                0x08007334                __lo0bits
 .text.__i2b    0x08007390       0x5c c:/users/muzaffer/desktop/gcc-arm-none-eabi-10-2020-q4-major/bin/../lib/gcc/arm-none-eabi/10.2.1/../../../../arm-none-eabi/lib/thumb/v7e-m/nofp\libg.a(lib_a-mprec.o)
                0x08007390                __i2b
 .text.__multiply
                0x080073ec      0x15c c:/users/muzaffer/desktop/gcc-arm-none-eabi-10-2020-q4-major/bin/../lib/gcc/arm-none-eabi/10.2.1/../../../../arm-none-eabi/lib/thumb/v7e-m/nofp\libg.a(lib_a-mprec.o)
                0x080073ec                __multiply
 .text.__pow5mult
                0x08007548       0xc0 c:/users/muzaffer/desktop/gcc-arm-none-eabi-10-2020-q4-major/bin/../lib/gcc/arm-none-eabi/10.2.1/../../../../arm-none-eabi/lib/thumb/v7e-m/nofp\libg.a(lib_a-mprec.o)
                0x08007548                __pow5mult
 .text.__lshift
                0x08007608       0xf0 c:/users/muzaffer/desktop/gcc-arm-none-eabi-10-2020-q4-major/bin/../lib/gcc/arm-none-eabi/10.2.1/../../../../arm-none-eabi/lib/thumb/v7e-m/nofp\libg.a(lib_a-mprec.o)
                0x08007608                __lshift
 .text.__mcmp   0x080076f8       0x40 c:/users/muzaffer/desktop/gcc-arm-none-eabi-10-2020-q4-major/bin/../lib/gcc/arm-none-eabi/10.2.1/../../../../arm-none-eabi/lib/thumb/v7e-m/nofp\libg.a(lib_a-mprec.o)
                0x080076f8                __mcmp
 .text.__mdiff  0x08007738      0x14c c:/users/muzaffer/desktop/gcc-arm-none-eabi-10-2020-q4-major/bin/../lib/gcc/arm-none-eabi/10.2.1/../../../../arm-none-eabi/lib/thumb/v7e-m/nofp\libg.a(lib_a-mprec.o)
                0x08007738                __mdiff
 .text.__d2b    0x08007884       0xc4 c:/users/muzaffer/desktop/gcc-arm-none-eabi-10-2020-q4-major/bin/../lib/gcc/arm-none-eabi/10.2.1/../../../../arm-none-eabi/lib/thumb/v7e-m/nofp\libg.a(lib_a-mprec.o)
                0x08007884                __d2b
 .text.frexp    0x08007948       0x70 c:/users/muzaffer/desktop/gcc-arm-none-eabi-10-2020-q4-major/bin/../lib/gcc/arm-none-eabi/10.2.1/../../../../arm-none-eabi/lib/thumb/v7e-m/nofp\libg.a(lib_a-s_frexp.o)
                0x08007948                frexp
 .text.strchr   0x080079b8       0xcc c:/users/muzaffer/desktop/gcc-arm-none-eabi-10-2020-q4-major/bin/../lib/gcc/arm-none-eabi/10.2.1/../../../../arm-none-eabi/lib/thumb/v7e-m/nofp\libg.a(lib_a-strchr.o)
                0x080079b8                strchr
 .text.strnlen  0x08007a84       0x24 c:/users/muzaffer/desktop/gcc-arm-none-eabi-10-2020-q4-major/bin/../lib/gcc/arm-none-eabi/10.2.1/../../../../arm-none-eabi/lib/thumb/v7e-m/nofp\libg.a(lib_a-strnlen.o)
                0x08007a84                strnlen
 .text.__ssprint_r
                0x08007aa8       0xf8 c:/users/muzaffer/desktop/gcc-arm-none-eabi-10-2020-q4-major/bin/../lib/gcc/arm-none-eabi/10.2.1/../../../../arm-none-eabi/lib/thumb/v7e-m/nofp\libg.a(lib_a-svfiprintf.o)
                0x08007aa8                __ssprint_r
 .text.__register_exitproc
                0x08007ba0       0x8c c:/users/muzaffer/desktop/gcc-arm-none-eabi-10-2020-q4-major/bin/../lib/gcc/arm-none-eabi/10.2.1/../../../../arm-none-eabi/lib/thumb/v7e-m/nofp\libg.a(lib_a-__atexit.o)
                0x08007ba0                __register_exitproc
 .text.__assert_func
                0x08007c2c       0x40 c:/users/muzaffer/desktop/gcc-arm-none-eabi-10-2020-q4-major/bin/../lib/gcc/arm-none-eabi/10.2.1/../../../../arm-none-eabi/lib/thumb/v7e-m/nofp\libg.a(lib_a-assert.o)
                0x08007c2c                __assert_func
 .text._calloc_r
                0x08007c6c       0x60 c:/users/muzaffer/desktop/gcc-arm-none-eabi-10-2020-q4-major/bin/../lib/gcc/arm-none-eabi/10.2.1/../../../../arm-none-eabi/lib/thumb/v7e-m/nofp\libg.a(lib_a-callocr.o)
                0x08007c6c                _calloc_r
 .text.fiprintf
                0x08007ccc       0x28 c:/users/muzaffer/desktop/gcc-arm-none-eabi-10-2020-q4-major/bin/../lib/gcc/arm-none-eabi/10.2.1/../../../../arm-none-eabi/lib/thumb/v7e-m/nofp\libg.a(lib_a-fiprintf.o)
                0x08007ccc                fiprintf
 .text.__locale_mb_cur_max
                0x08007cf4        0xc c:/users/muzaffer/desktop/gcc-arm-none-eabi-10-2020-q4-major/bin/../lib/gcc/arm-none-eabi/10.2.1/../../../../arm-none-eabi/lib/thumb/v7e-m/nofp\libg.a(lib_a-locale.o)
                0x08007cf4                __locale_mb_cur_max
 .text.__ascii_mbtowc
                0x08007d00       0x2c c:/users/muzaffer/desktop/gcc-arm-none-eabi-10-2020-q4-major/bin/../lib/gcc/arm-none-eabi/10.2.1/../../../../arm-none-eabi/lib/thumb/v7e-m/nofp\libg.a(lib_a-mbtowc_r.o)
                0x08007d00                __ascii_mbtowc
 .text._realloc_r
                0x08007d2c      0x3d8 c:/users/muzaffer/desktop/gcc-arm-none-eabi-10-2020-q4-major/bin/../lib/gcc/arm-none-eabi/10.2.1/../../../../arm-none-eabi/lib/thumb/v7e-m/nofp\libg.a(lib_a-reallocr.o)
                0x08007d2c                _realloc_r
 .text.__sprint_r.part.0
                0x08008104       0x78 c:/users/muzaffer/desktop/gcc-arm-none-eabi-10-2020-q4-major/bin/../lib/gcc/arm-none-eabi/10.2.1/../../../../arm-none-eabi/lib/thumb/v7e-m/nofp\libg.a(lib_a-vfiprintf.o)
 .text._vfiprintf_r
                0x0800817c      0xd94 c:/users/muzaffer/desktop/gcc-arm-none-eabi-10-2020-q4-major/bin/../lib/gcc/arm-none-eabi/10.2.1/../../../../arm-none-eabi/lib/thumb/v7e-m/nofp\libg.a(lib_a-vfiprintf.o)
                0x0800817c                _vfiprintf_r
 .text.__sbprintf
                0x08008f10       0x80 c:/users/muzaffer/desktop/gcc-arm-none-eabi-10-2020-q4-major/bin/../lib/gcc/arm-none-eabi/10.2.1/../../../../arm-none-eabi/lib/thumb/v7e-m/nofp\libg.a(lib_a-vfiprintf.o)
 .text.__ascii_wctomb
                0x08008f90       0x1c c:/users/muzaffer/desktop/gcc-arm-none-eabi-10-2020-q4-major/bin/../lib/gcc/arm-none-eabi/10.2.1/../../../../arm-none-eabi/lib/thumb/v7e-m/nofp\libg.a(lib_a-wctomb_r.o)
                0x08008f90                __ascii_wctomb
 .text.__swsetup_r
                0x08008fac       0xd4 c:/users/muzaffer/desktop/gcc-arm-none-eabi-10-2020-q4-major/bin/../lib/gcc/arm-none-eabi/10.2.1/../../../../arm-none-eabi/lib/thumb/v7e-m/nofp\libg.a(lib_a-wsetup.o)
                0x08008fac                __swsetup_r
 .text.abort    0x08009080       0x10 c:/users/muzaffer/desktop/gcc-arm-none-eabi-10-2020-q4-major/bin/../lib/gcc/arm-none-eabi/10.2.1/../../../../arm-none-eabi/lib/thumb/v7e-m/nofp\libg.a(lib_a-abort.o)
                0x08009080                abort
 .text.__sflush_r
                0x08009090      0x120 c:/users/muzaffer/desktop/gcc-arm-none-eabi-10-2020-q4-major/bin/../lib/gcc/arm-none-eabi/10.2.1/../../../../arm-none-eabi/lib/thumb/v7e-m/nofp\libg.a(lib_a-fflush.o)
                0x08009090                __sflush_r
 .text._fflush_r
                0x080091b0       0x5c c:/users/muzaffer/desktop/gcc-arm-none-eabi-10-2020-q4-major/bin/../lib/gcc/arm-none-eabi/10.2.1/../../../../arm-none-eabi/lib/thumb/v7e-m/nofp\libg.a(lib_a-fflush.o)
                0x080091b0                _fflush_r
 .text._cleanup_r
                0x0800920c        0xc c:/users/muzaffer/desktop/gcc-arm-none-eabi-10-2020-q4-major/bin/../lib/gcc/arm-none-eabi/10.2.1/../../../../arm-none-eabi/lib/thumb/v7e-m/nofp\libg.a(lib_a-findfp.o)
                0x0800920c                _cleanup_r
 .text.__sinit  0x08009218      0x10c c:/users/muzaffer/desktop/gcc-arm-none-eabi-10-2020-q4-major/bin/../lib/gcc/arm-none-eabi/10.2.1/../../../../arm-none-eabi/lib/thumb/v7e-m/nofp\libg.a(lib_a-findfp.o)
                0x08009218                __sinit
 .text.__sfp_lock_acquire
                0x08009324        0xc c:/users/muzaffer/desktop/gcc-arm-none-eabi-10-2020-q4-major/bin/../lib/gcc/arm-none-eabi/10.2.1/../../../../arm-none-eabi/lib/thumb/v7e-m/nofp\libg.a(lib_a-findfp.o)
                0x08009324                __sfp_lock_acquire
 .text.__sfp_lock_release
                0x08009330        0xc c:/users/muzaffer/desktop/gcc-arm-none-eabi-10-2020-q4-major/bin/../lib/gcc/arm-none-eabi/10.2.1/../../../../arm-none-eabi/lib/thumb/v7e-m/nofp\libg.a(lib_a-findfp.o)
                0x08009330                __sfp_lock_release
 .text.__fputwc
                0x0800933c       0xa8 c:/users/muzaffer/desktop/gcc-arm-none-eabi-10-2020-q4-major/bin/../lib/gcc/arm-none-eabi/10.2.1/../../../../arm-none-eabi/lib/thumb/v7e-m/nofp\libg.a(lib_a-fputwc.o)
                0x0800933c                __fputwc
 .text._fputwc_r
                0x080093e4       0x68 c:/users/muzaffer/desktop/gcc-arm-none-eabi-10-2020-q4-major/bin/../lib/gcc/arm-none-eabi/10.2.1/../../../../arm-none-eabi/lib/thumb/v7e-m/nofp\libg.a(lib_a-fputwc.o)
                0x080093e4                _fputwc_r
 .text.__sfvwrite_r
                0x0800944c      0x2e8 c:/users/muzaffer/desktop/gcc-arm-none-eabi-10-2020-q4-major/bin/../lib/gcc/arm-none-eabi/10.2.1/../../../../arm-none-eabi/lib/thumb/v7e-m/nofp\libg.a(lib_a-fvwrite.o)
                0x0800944c                __sfvwrite_r
 .text._fwalk_reent
                0x08009734       0x48 c:/users/muzaffer/desktop/gcc-arm-none-eabi-10-2020-q4-major/bin/../lib/gcc/arm-none-eabi/10.2.1/../../../../arm-none-eabi/lib/thumb/v7e-m/nofp\libg.a(lib_a-fwalk.o)
                0x08009734                _fwalk_reent
 .text.__smakebuf_r
                0x0800977c       0xe0 c:/users/muzaffer/desktop/gcc-arm-none-eabi-10-2020-q4-major/bin/../lib/gcc/arm-none-eabi/10.2.1/../../../../arm-none-eabi/lib/thumb/v7e-m/nofp\libg.a(lib_a-makebuf.o)
                0x0800977c                __smakebuf_r
 .text.raise    0x0800985c       0x5c c:/users/muzaffer/desktop/gcc-arm-none-eabi-10-2020-q4-major/bin/../lib/gcc/arm-none-eabi/10.2.1/../../../../arm-none-eabi/lib/thumb/v7e-m/nofp\libg.a(lib_a-signal.o)
                0x0800985c                raise
 .text._kill_r  0x080098b8       0x2c c:/users/muzaffer/desktop/gcc-arm-none-eabi-10-2020-q4-major/bin/../lib/gcc/arm-none-eabi/10.2.1/../../../../arm-none-eabi/lib/thumb/v7e-m/nofp\libg.a(lib_a-signalr.o)
                0x080098b8                _kill_r
 .text._getpid_r
                0x080098e4        0x4 c:/users/muzaffer/desktop/gcc-arm-none-eabi-10-2020-q4-major/bin/../lib/gcc/arm-none-eabi/10.2.1/../../../../arm-none-eabi/lib/thumb/v7e-m/nofp\libg.a(lib_a-signalr.o)
                0x080098e4                _getpid_r
 .text.__sread  0x080098e8       0x24 c:/users/muzaffer/desktop/gcc-arm-none-eabi-10-2020-q4-major/bin/../lib/gcc/arm-none-eabi/10.2.1/../../../../arm-none-eabi/lib/thumb/v7e-m/nofp\libg.a(lib_a-stdio.o)
                0x080098e8                __sread
 .text.__swrite
                0x0800990c       0x40 c:/users/muzaffer/desktop/gcc-arm-none-eabi-10-2020-q4-major/bin/../lib/gcc/arm-none-eabi/10.2.1/../../../../arm-none-eabi/lib/thumb/v7e-m/nofp\libg.a(lib_a-stdio.o)
                0x0800990c                __swrite
 .text.__sseek  0x0800994c       0x20 c:/users/muzaffer/desktop/gcc-arm-none-eabi-10-2020-q4-major/bin/../lib/gcc/arm-none-eabi/10.2.1/../../../../arm-none-eabi/lib/thumb/v7e-m/nofp\libg.a(lib_a-stdio.o)
                0x0800994c                __sseek
 .text.__sclose
                0x0800996c        0x8 c:/users/muzaffer/desktop/gcc-arm-none-eabi-10-2020-q4-major/bin/../lib/gcc/arm-none-eabi/10.2.1/../../../../arm-none-eabi/lib/thumb/v7e-m/nofp\libg.a(lib_a-stdio.o)
                0x0800996c                __sclose
 .text.__swbuf_r
                0x08009974       0xb0 c:/users/muzaffer/desktop/gcc-arm-none-eabi-10-2020-q4-major/bin/../lib/gcc/arm-none-eabi/10.2.1/../../../../arm-none-eabi/lib/thumb/v7e-m/nofp\libg.a(lib_a-wbuf.o)
                0x08009974                __swbuf_r
 .text._wcrtomb_r
                0x08009a24       0x3c c:/users/muzaffer/desktop/gcc-arm-none-eabi-10-2020-q4-major/bin/../lib/gcc/arm-none-eabi/10.2.1/../../../../arm-none-eabi/lib/thumb/v7e-m/nofp\libg.a(lib_a-wcrtomb.o)
                0x08009a24                _wcrtomb_r
 .text._write_r
                0x08009a60       0x2c c:/users/muzaffer/desktop/gcc-arm-none-eabi-10-2020-q4-major/bin/../lib/gcc/arm-none-eabi/10.2.1/../../../../arm-none-eabi/lib/thumb/v7e-m/nofp\libg.a(lib_a-writer.o)
                0x08009a60                _write_r
 .text._close_r
                0x08009a8c       0x24 c:/users/muzaffer/desktop/gcc-arm-none-eabi-10-2020-q4-major/bin/../lib/gcc/arm-none-eabi/10.2.1/../../../../arm-none-eabi/lib/thumb/v7e-m/nofp\libg.a(lib_a-closer.o)
                0x08009a8c                _close_r
 .text._fclose_r
                0x08009ab0       0xcc c:/users/muzaffer/desktop/gcc-arm-none-eabi-10-2020-q4-major/bin/../lib/gcc/arm-none-eabi/10.2.1/../../../../arm-none-eabi/lib/thumb/v7e-m/nofp\libg.a(lib_a-fclose.o)
                0x08009ab0                _fclose_r
 .text._fstat_r
                0x08009b7c       0x2c c:/users/muzaffer/desktop/gcc-arm-none-eabi-10-2020-q4-major/bin/../lib/gcc/arm-none-eabi/10.2.1/../../../../arm-none-eabi/lib/thumb/v7e-m/nofp\libg.a(lib_a-fstatr.o)
                0x08009b7c                _fstat_r
 .text._isatty_r
                0x08009ba8       0x24 c:/users/muzaffer/desktop/gcc-arm-none-eabi-10-2020-q4-major/bin/../lib/gcc/arm-none-eabi/10.2.1/../../../../arm-none-eabi/lib/thumb/v7e-m/nofp\libg.a(lib_a-isattyr.o)
                0x08009ba8                _isatty_r
 .text._lseek_r
                0x08009bcc       0x2c c:/users/muzaffer/desktop/gcc-arm-none-eabi-10-2020-q4-major/bin/../lib/gcc/arm-none-eabi/10.2.1/../../../../arm-none-eabi/lib/thumb/v7e-m/nofp\libg.a(lib_a-lseekr.o)
                0x08009bcc                _lseek_r
 .text._read_r  0x08009bf8       0x2c c:/users/muzaffer/desktop/gcc-arm-none-eabi-10-2020-q4-major/bin/../lib/gcc/arm-none-eabi/10.2.1/../../../../arm-none-eabi/lib/thumb/v7e-m/nofp\libg.a(lib_a-readr.o)
                0x08009bf8                _read_r
 *(.glue_7)
 .glue_7        0x08009c24        0x0 linker stubs
 *(.glue_7t)
 .glue_7t       0x08009c24        0x0 linker stubs
 *(.eh_frame)
 .eh_frame      0x08009c24        0x0 c:/users/muzaffer/desktop/gcc-arm-none-eabi-10-2020-q4-major/bin/../lib/gcc/arm-none-eabi/10.2.1/thumb/v7e-m/nofp/crtbegin.o
 *(.init)
 .init          0x08009c24        0x4 c:/users/muzaffer/desktop/gcc-arm-none-eabi-10-2020-q4-major/bin/../lib/gcc/arm-none-eabi/10.2.1/thumb/v7e-m/nofp/crti.o
                0x08009c24                _init
 .init          0x08009c28        0x8 c:/users/muzaffer/desktop/gcc-arm-none-eabi-10-2020-q4-major/bin/../lib/gcc/arm-none-eabi/10.2.1/thumb/v7e-m/nofp/crtn.o
 *(.fini)
 .fini          0x08009c30        0x4 c:/users/muzaffer/desktop/gcc-arm-none-eabi-10-2020-q4-major/bin/../lib/gcc/arm-none-eabi/10.2.1/thumb/v7e-m/nofp/crti.o
                0x08009c30                _fini
 .fini          0x08009c34        0x8 c:/users/muzaffer/desktop/gcc-arm-none-eabi-10-2020-q4-major/bin/../lib/gcc/arm-none-eabi/10.2.1/thumb/v7e-m/nofp/crtn.o
                0x08009c3c                . = ALIGN (0x4)
                0x08009c3c                _etext = .

.vfp11_veneer   0x08009c3c        0x0
 .vfp11_veneer  0x08009c3c        0x0 linker stubs

.v4_bx          0x08009c3c        0x0
 .v4_bx         0x08009c3c        0x0 linker stubs

.iplt           0x08009c3c        0x0
 .iplt          0x08009c3c        0x0 c:/users/muzaffer/desktop/gcc-arm-none-eabi-10-2020-q4-major/bin/../lib/gcc/arm-none-eabi/10.2.1/thumb/v7e-m/nofp/crtbegin.o

.rodata         0x08009c40      0xb34
                0x08009c40                . = ALIGN (0x4)
 *(.rodata)
 .rodata        0x08009c40       0x64 CMakeFiles/rfid.elf.dir/Core/Src/main.c.obj
 *(.rodata*)
 .rodata.main.str1.4
                0x08009ca4       0xcc CMakeFiles/rfid.elf.dir/Core/Src/main.c.obj
 .rodata.Font6x8
                0x08009d70      0x5f0 CMakeFiles/rfid.elf.dir/Core/Src/ssd1306_fonts.c.obj
 .rodata.AHBPrescTable
                0x0800a360       0x10 CMakeFiles/rfid.elf.dir/Core/Src/system_stm32f4xx.c.obj
                0x0800a360                AHBPrescTable
 .rodata.APBPrescTable
                0x0800a370        0x8 CMakeFiles/rfid.elf.dir/Core/Src/system_stm32f4xx.c.obj
                0x0800a370                APBPrescTable
 .rodata._ctype_
                0x0800a378      0x101 c:/users/muzaffer/desktop/gcc-arm-none-eabi-10-2020-q4-major/bin/../lib/gcc/arm-none-eabi/10.2.1/../../../../arm-none-eabi/lib/thumb/v7e-m/nofp\libg.a(lib_a-ctype_.o)
                0x0800a378                _ctype_
 *fill*         0x0800a479        0x3 
 .rodata._global_impure_ptr
                0x0800a47c        0x4 c:/users/muzaffer/desktop/gcc-arm-none-eabi-10-2020-q4-major/bin/../lib/gcc/arm-none-eabi/10.2.1/../../../../arm-none-eabi/lib/thumb/v7e-m/nofp\libg.a(lib_a-impure.o)
                0x0800a47c                _global_impure_ptr
 .rodata._svfprintf_r.str1.4
                0x0800a480       0x42 c:/users/muzaffer/desktop/gcc-arm-none-eabi-10-2020-q4-major/bin/../lib/gcc/arm-none-eabi/10.2.1/../../../../arm-none-eabi/lib/thumb/v7e-m/nofp\libg.a(lib_a-svfprintf.o)
 *fill*         0x0800a4c2        0x2 
 .rodata.blanks.1
                0x0800a4c4       0x10 c:/users/muzaffer/desktop/gcc-arm-none-eabi-10-2020-q4-major/bin/../lib/gcc/arm-none-eabi/10.2.1/../../../../arm-none-eabi/lib/thumb/v7e-m/nofp\libg.a(lib_a-svfprintf.o)
 .rodata.zeroes.0
                0x0800a4d4       0x10 c:/users/muzaffer/desktop/gcc-arm-none-eabi-10-2020-q4-major/bin/../lib/gcc/arm-none-eabi/10.2.1/../../../../arm-none-eabi/lib/thumb/v7e-m/nofp\libg.a(lib_a-svfprintf.o)
 .rodata._dtoa_r.str1.4
                0x0800a4e4       0xa1 c:/users/muzaffer/desktop/gcc-arm-none-eabi-10-2020-q4-major/bin/../lib/gcc/arm-none-eabi/10.2.1/../../../../arm-none-eabi/lib/thumb/v7e-m/nofp\libg.a(lib_a-dtoa.o)
                                 0xa5 (size before relaxing)
 *fill*         0x0800a585        0x3 
 .rodata.__multadd.str1.4
                0x0800a588       0x7e c:/users/muzaffer/desktop/gcc-arm-none-eabi-10-2020-q4-major/bin/../lib/gcc/arm-none-eabi/10.2.1/../../../../arm-none-eabi/lib/thumb/v7e-m/nofp\libg.a(lib_a-mprec.o)
                                 0x92 (size before relaxing)
 *fill*         0x0800a606        0x2 
 .rodata.__mprec_bigtens
                0x0800a608       0x28 c:/users/muzaffer/desktop/gcc-arm-none-eabi-10-2020-q4-major/bin/../lib/gcc/arm-none-eabi/10.2.1/../../../../arm-none-eabi/lib/thumb/v7e-m/nofp\libg.a(lib_a-mprec.o)
                0x0800a608                __mprec_bigtens
 .rodata.__mprec_tens
                0x0800a630       0xc8 c:/users/muzaffer/desktop/gcc-arm-none-eabi-10-2020-q4-major/bin/../lib/gcc/arm-none-eabi/10.2.1/../../../../arm-none-eabi/lib/thumb/v7e-m/nofp\libg.a(lib_a-mprec.o)
                0x0800a630                __mprec_tens
 .rodata.p05.0  0x0800a6f8        0xc c:/users/muzaffer/desktop/gcc-arm-none-eabi-10-2020-q4-major/bin/../lib/gcc/arm-none-eabi/10.2.1/../../../../arm-none-eabi/lib/thumb/v7e-m/nofp\libg.a(lib_a-mprec.o)
 .rodata.__assert_func.str1.4
                0x0800a704       0x3f c:/users/muzaffer/desktop/gcc-arm-none-eabi-10-2020-q4-major/bin/../lib/gcc/arm-none-eabi/10.2.1/../../../../arm-none-eabi/lib/thumb/v7e-m/nofp\libg.a(lib_a-assert.o)
                                 0x43 (size before relaxing)
 *fill*         0x0800a743        0x1 
 .rodata._setlocale_r.str1.4
                0x0800a744        0xa c:/users/muzaffer/desktop/gcc-arm-none-eabi-10-2020-q4-major/bin/../lib/gcc/arm-none-eabi/10.2.1/../../../../arm-none-eabi/lib/thumb/v7e-m/nofp\libg.a(lib_a-locale.o)
                                  0xd (size before relaxing)
 *fill*         0x0800a74e        0x2 
 .rodata.str1.4
                0x0800a750        0x2 c:/users/muzaffer/desktop/gcc-arm-none-eabi-10-2020-q4-major/bin/../lib/gcc/arm-none-eabi/10.2.1/../../../../arm-none-eabi/lib/thumb/v7e-m/nofp\libg.a(lib_a-locale.o)
 .rodata._vfiprintf_r.str1.4
                0x0800a752       0x2f c:/users/muzaffer/desktop/gcc-arm-none-eabi-10-2020-q4-major/bin/../lib/gcc/arm-none-eabi/10.2.1/../../../../arm-none-eabi/lib/thumb/v7e-m/nofp\libg.a(lib_a-vfiprintf.o)
 *fill*         0x0800a752        0x2 
 .rodata.blanks.1
                0x0800a754       0x10 c:/users/muzaffer/desktop/gcc-arm-none-eabi-10-2020-q4-major/bin/../lib/gcc/arm-none-eabi/10.2.1/../../../../arm-none-eabi/lib/thumb/v7e-m/nofp\libg.a(lib_a-vfiprintf.o)
 .rodata.zeroes.0
                0x0800a764       0x10 c:/users/muzaffer/desktop/gcc-arm-none-eabi-10-2020-q4-major/bin/../lib/gcc/arm-none-eabi/10.2.1/../../../../arm-none-eabi/lib/thumb/v7e-m/nofp\libg.a(lib_a-vfiprintf.o)
                0x0800a774                . = ALIGN (0x4)

.ARM.extab      0x0800a774        0x0
                0x0800a774                . = ALIGN (0x4)
 *(.ARM.extab* .gnu.linkonce.armextab.*)
                0x0800a774                . = ALIGN (0x4)

.ARM            0x0800a774        0x8
                0x0800a774                . = ALIGN (0x4)
                0x0800a774                __exidx_start = .
 *(.ARM.exidx*)
 .ARM.exidx     0x0800a774        0x8 c:/users/muzaffer/desktop/gcc-arm-none-eabi-10-2020-q4-major/bin/../lib/gcc/arm-none-eabi/10.2.1/thumb/v7e-m/nofp\libgcc.a(_udivmoddi4.o)
                0x0800a77c                __exidx_end = .
                0x0800a77c                . = ALIGN (0x4)

.rel.dyn        0x0800a77c        0x0
 .rel.iplt      0x0800a77c        0x0 c:/users/muzaffer/desktop/gcc-arm-none-eabi-10-2020-q4-major/bin/../lib/gcc/arm-none-eabi/10.2.1/thumb/v7e-m/nofp/crtbegin.o

.preinit_array  0x0800a77c        0x0
                0x0800a77c                . = ALIGN (0x4)
                0x0800a77c                PROVIDE (__preinit_array_start = .)
 *(.preinit_array*)
                0x0800a77c                PROVIDE (__preinit_array_end = .)
                0x0800a77c                . = ALIGN (0x4)

.init_array     0x0800a77c        0x8
                0x0800a77c                . = ALIGN (0x4)
                0x0800a77c                PROVIDE (__init_array_start = .)
 *(SORT_BY_NAME(.init_array.*))
 .init_array.00000
                0x0800a77c        0x4 c:/users/muzaffer/desktop/gcc-arm-none-eabi-10-2020-q4-major/bin/../lib/gcc/arm-none-eabi/10.2.1/../../../../arm-none-eabi/lib/thumb/v7e-m/nofp\libg.a(lib_a-__call_atexit.o)
 *(.init_array*)
 .init_array    0x0800a780        0x4 c:/users/muzaffer/desktop/gcc-arm-none-eabi-10-2020-q4-major/bin/../lib/gcc/arm-none-eabi/10.2.1/thumb/v7e-m/nofp/crtbegin.o
                0x0800a784                PROVIDE (__init_array_end = .)
                0x0800a784                . = ALIGN (0x4)

.fini_array     0x0800a784        0x4
                0x0800a784                . = ALIGN (0x4)
                0x0800a784                PROVIDE (__fini_array_start = .)
 *(SORT_BY_NAME(.fini_array.*))
 *(.fini_array*)
 .fini_array    0x0800a784        0x4 c:/users/muzaffer/desktop/gcc-arm-none-eabi-10-2020-q4-major/bin/../lib/gcc/arm-none-eabi/10.2.1/thumb/v7e-m/nofp/crtbegin.o
                0x0800a788                PROVIDE (__fini_array_end = .)
                0x0800a788                . = ALIGN (0x4)
                0x0800a788                _sidata = LOADADDR (.data)

.data           0x20000000      0x9c8 load address 0x0800a788
                0x20000000                . = ALIGN (0x4)
                0x20000000                _sdata = .
 *(.data)
 *(.data*)
 .data.cursor_x
                0x20000000        0x4 CMakeFiles/rfid.elf.dir/Core/Src/main.c.obj
                0x20000000                cursor_x
 .data.cursor_y
                0x20000004        0x4 CMakeFiles/rfid.elf.dir/Core/Src/main.c.obj
                0x20000004                cursor_y
 .data.Font_6x8
                0x20000008        0x8 CMakeFiles/rfid.elf.dir/Core/Src/ssd1306_fonts.c.obj
                0x20000008                Font_6x8
 .data.SystemCoreClock
                0x20000010        0x4 CMakeFiles/rfid.elf.dir/Core/Src/system_stm32f4xx.c.obj
                0x20000010                SystemCoreClock
 .data.uwTickFreq
                0x20000014        0x1 CMakeFiles/rfid.elf.dir/Drivers/STM32F4xx_HAL_Driver/Src/stm32f4xx_hal.c.obj
                0x20000014                uwTickFreq
 *fill*         0x20000015        0x3 
 .data.uwTickPrio
                0x20000018        0x4 CMakeFiles/rfid.elf.dir/Drivers/STM32F4xx_HAL_Driver/Src/stm32f4xx_hal.c.obj
                0x20000018                uwTickPrio
 .data._impure_ptr
                0x2000001c        0x4 c:/users/muzaffer/desktop/gcc-arm-none-eabi-10-2020-q4-major/bin/../lib/gcc/arm-none-eabi/10.2.1/../../../../arm-none-eabi/lib/thumb/v7e-m/nofp\libg.a(lib_a-impure.o)
                0x2000001c                _impure_ptr
 .data.impure_data
                0x20000020      0x428 c:/users/muzaffer/desktop/gcc-arm-none-eabi-10-2020-q4-major/bin/../lib/gcc/arm-none-eabi/10.2.1/../../../../arm-none-eabi/lib/thumb/v7e-m/nofp\libg.a(lib_a-impure.o)
 .data.__malloc_av_
                0x20000448      0x408 c:/users/muzaffer/desktop/gcc-arm-none-eabi-10-2020-q4-major/bin/../lib/gcc/arm-none-eabi/10.2.1/../../../../arm-none-eabi/lib/thumb/v7e-m/nofp\libg.a(lib_a-mallocr.o)
                0x20000448                __malloc_av_
 .data.__malloc_sbrk_base
                0x20000850        0x4 c:/users/muzaffer/desktop/gcc-arm-none-eabi-10-2020-q4-major/bin/../lib/gcc/arm-none-eabi/10.2.1/../../../../arm-none-eabi/lib/thumb/v7e-m/nofp\libg.a(lib_a-mallocr.o)
                0x20000850                __malloc_sbrk_base
 .data.__malloc_trim_threshold
                0x20000854        0x4 c:/users/muzaffer/desktop/gcc-arm-none-eabi-10-2020-q4-major/bin/../lib/gcc/arm-none-eabi/10.2.1/../../../../arm-none-eabi/lib/thumb/v7e-m/nofp\libg.a(lib_a-mallocr.o)
                0x20000854                __malloc_trim_threshold
 .data.__atexit_recursive_mutex
                0x20000858        0x4 c:/users/muzaffer/desktop/gcc-arm-none-eabi-10-2020-q4-major/bin/../lib/gcc/arm-none-eabi/10.2.1/../../../../arm-none-eabi/lib/thumb/v7e-m/nofp\libg.a(lib_a-__call_atexit.o)
                0x20000858                __atexit_recursive_mutex
 .data.__global_locale
                0x2000085c      0x16c c:/users/muzaffer/desktop/gcc-arm-none-eabi-10-2020-q4-major/bin/../lib/gcc/arm-none-eabi/10.2.1/../../../../arm-none-eabi/lib/thumb/v7e-m/nofp\libg.a(lib_a-locale.o)
                0x2000085c                __global_locale
 *(.RamFunc)
 *(.RamFunc*)
                0x200009c8                . = ALIGN (0x4)
                0x200009c8                _edata = .
                0x0800b150                _siccmram = LOADADDR (.ccmram)

.igot.plt       0x200009c8        0x0 load address 0x0800b150
 .igot.plt      0x200009c8        0x0 c:/users/muzaffer/desktop/gcc-arm-none-eabi-10-2020-q4-major/bin/../lib/gcc/arm-none-eabi/10.2.1/thumb/v7e-m/nofp/crtbegin.o

.ccmram         0x10000000        0x0 load address 0x0800b150
                0x10000000                . = ALIGN (0x4)
                0x10000000                _sccmram = .
 *(.ccmram)
 *(.ccmram*)
                0x10000000                . = ALIGN (0x4)
                0x10000000                _eccmram = .
                0x10000000                . = ALIGN (0x4)

.bss            0x200009c8      0x564
                0x200009c8                _sbss = .
                0x200009c8                __bss_start__ = _sbss
 *(.bss)
 .bss           0x200009c8       0x1c c:/users/muzaffer/desktop/gcc-arm-none-eabi-10-2020-q4-major/bin/../lib/gcc/arm-none-eabi/10.2.1/thumb/v7e-m/nofp/crtbegin.o
 *(.bss*)
 .bss.hi2c1     0x200009e4       0x54 CMakeFiles/rfid.elf.dir/Core/Src/main.c.obj
                0x200009e4                hi2c1
 .bss.hspi1     0x20000a38       0x58 CMakeFiles/rfid.elf.dir/Core/Src/main.c.obj
                0x20000a38                hspi1
 .bss.huart4    0x20000a90       0x44 CMakeFiles/rfid.elf.dir/Core/Src/main.c.obj
                0x20000a90                huart4
 .bss.SSD1306   0x20000ad4        0x6 CMakeFiles/rfid.elf.dir/Core/Src/ssd1306.c.obj
 *fill*         0x20000ada        0x2 
 .bss.SSD1306_Buffer
                0x20000adc      0x400 CMakeFiles/rfid.elf.dir/Core/Src/ssd1306.c.obj
 .bss.__sbrk_heap_end
                0x20000edc        0x4 CMakeFiles/rfid.elf.dir/Core/Src/sysmem.c.obj
 .bss.uwTick    0x20000ee0        0x4 CMakeFiles/rfid.elf.dir/Drivers/STM32F4xx_HAL_Driver/Src/stm32f4xx_hal.c.obj
                0x20000ee0                uwTick
 .bss.__malloc_current_mallinfo
                0x20000ee4       0x28 c:/users/muzaffer/desktop/gcc-arm-none-eabi-10-2020-q4-major/bin/../lib/gcc/arm-none-eabi/10.2.1/../../../../arm-none-eabi/lib/thumb/v7e-m/nofp\libg.a(lib_a-mallocr.o)
                0x20000ee4                __malloc_current_mallinfo
 .bss.__malloc_max_sbrked_mem
                0x20000f0c        0x4 c:/users/muzaffer/desktop/gcc-arm-none-eabi-10-2020-q4-major/bin/../lib/gcc/arm-none-eabi/10.2.1/../../../../arm-none-eabi/lib/thumb/v7e-m/nofp\libg.a(lib_a-mallocr.o)
                0x20000f0c                __malloc_max_sbrked_mem
 .bss.__malloc_max_total_mem
                0x20000f10        0x4 c:/users/muzaffer/desktop/gcc-arm-none-eabi-10-2020-q4-major/bin/../lib/gcc/arm-none-eabi/10.2.1/../../../../arm-none-eabi/lib/thumb/v7e-m/nofp\libg.a(lib_a-mallocr.o)
                0x20000f10                __malloc_max_total_mem
 .bss.__malloc_top_pad
                0x20000f14        0x4 c:/users/muzaffer/desktop/gcc-arm-none-eabi-10-2020-q4-major/bin/../lib/gcc/arm-none-eabi/10.2.1/../../../../arm-none-eabi/lib/thumb/v7e-m/nofp\libg.a(lib_a-mallocr.o)
                0x20000f14                __malloc_top_pad
 .bss.__lock___atexit_recursive_mutex
                0x20000f18        0x1 c:/users/muzaffer/desktop/gcc-arm-none-eabi-10-2020-q4-major/bin/../lib/gcc/arm-none-eabi/10.2.1/../../../../arm-none-eabi/lib/thumb/v7e-m/nofp\libg.a(lib_a-lock.o)
                0x20000f18                __lock___atexit_recursive_mutex
 *fill*         0x20000f19        0x3 
 .bss.__lock___malloc_recursive_mutex
                0x20000f1c        0x1 c:/users/muzaffer/desktop/gcc-arm-none-eabi-10-2020-q4-major/bin/../lib/gcc/arm-none-eabi/10.2.1/../../../../arm-none-eabi/lib/thumb/v7e-m/nofp\libg.a(lib_a-lock.o)
                0x20000f1c                __lock___malloc_recursive_mutex
 *fill*         0x20000f1d        0x3 
 .bss.__lock___sfp_recursive_mutex
                0x20000f20        0x1 c:/users/muzaffer/desktop/gcc-arm-none-eabi-10-2020-q4-major/bin/../lib/gcc/arm-none-eabi/10.2.1/../../../../arm-none-eabi/lib/thumb/v7e-m/nofp\libg.a(lib_a-lock.o)
                0x20000f20                __lock___sfp_recursive_mutex
 *fill*         0x20000f21        0x3 
 .bss.__lock___sinit_recursive_mutex
                0x20000f24        0x1 c:/users/muzaffer/desktop/gcc-arm-none-eabi-10-2020-q4-major/bin/../lib/gcc/arm-none-eabi/10.2.1/../../../../arm-none-eabi/lib/thumb/v7e-m/nofp\libg.a(lib_a-lock.o)
                0x20000f24                __lock___sinit_recursive_mutex
 *fill*         0x20000f25        0x3 
 .bss.errno     0x20000f28        0x4 c:/users/muzaffer/desktop/gcc-arm-none-eabi-10-2020-q4-major/bin/../lib/gcc/arm-none-eabi/10.2.1/../../../../arm-none-eabi/lib/thumb/v7e-m/nofp\libg.a(lib_a-reent.o)
                0x20000f28                errno
 *(COMMON)
                0x20000f2c                . = ALIGN (0x4)
                0x20000f2c                _ebss = .
                0x20000f2c                __bss_end__ = _ebss

._user_heap_stack
                0x20000f2c      0x604
                0x20000f30                . = ALIGN (0x8)
 *fill*         0x20000f2c        0x4 
                [!provide]                PROVIDE (end = .)
                0x20000f30                PROVIDE (_end = .)
                0x20001130                . = (. + _Min_Heap_Size)
 *fill*         0x20000f30      0x200 
                0x20001530                . = (. + _Min_Stack_Size)
 *fill*         0x20001130      0x400 
                0x20001530                . = ALIGN (0x8)

/DISCARD/
 libc.a(*)
 libm.a(*)
 libgcc.a(*)

.ARM.attributes
                0x00000000       0x2a
 *(.ARM.attributes)
 .ARM.attributes
                0x00000000       0x1e c:/users/muzaffer/desktop/gcc-arm-none-eabi-10-2020-q4-major/bin/../lib/gcc/arm-none-eabi/10.2.1/thumb/v7e-m/nofp/crti.o
 .ARM.attributes
                0x0000001e       0x2e c:/users/muzaffer/desktop/gcc-arm-none-eabi-10-2020-q4-major/bin/../lib/gcc/arm-none-eabi/10.2.1/thumb/v7e-m/nofp/crtbegin.o
 .ARM.attributes
                0x0000004c       0x2e CMakeFiles/rfid.elf.dir/Core/Src/ESP8266.c.obj
 .ARM.attributes
                0x0000007a       0x2e CMakeFiles/rfid.elf.dir/Core/Src/main.c.obj
 .ARM.attributes
                0x000000a8       0x2e CMakeFiles/rfid.elf.dir/Core/Src/ssd1306.c.obj
 .ARM.attributes
                0x000000d6       0x33 CMakeFiles/rfid.elf.dir/Core/Src/ssd1306_fonts.c.obj
 .ARM.attributes
                0x00000109       0x2e CMakeFiles/rfid.elf.dir/Core/Src/stm32f4xx_hal_msp.c.obj
 .ARM.attributes
                0x00000137       0x2e CMakeFiles/rfid.elf.dir/Core/Src/stm32f4xx_it.c.obj
 .ARM.attributes
                0x00000165       0x2e CMakeFiles/rfid.elf.dir/Core/Src/syscalls.c.obj
 .ARM.attributes
                0x00000193       0x2e CMakeFiles/rfid.elf.dir/Core/Src/sysmem.c.obj
 .ARM.attributes
                0x000001c1       0x2e CMakeFiles/rfid.elf.dir/Core/Src/system_stm32f4xx.c.obj
 .ARM.attributes
                0x000001ef       0x21 CMakeFiles/rfid.elf.dir/Core/Startup/startup_stm32f407vgtx.s.obj
 .ARM.attributes
                0x00000210       0x2e CMakeFiles/rfid.elf.dir/Drivers/STM32F4xx_HAL_Driver/Src/stm32f4xx_hal.c.obj
 .ARM.attributes
                0x0000023e       0x2e CMakeFiles/rfid.elf.dir/Drivers/STM32F4xx_HAL_Driver/Src/stm32f4xx_hal_cortex.c.obj
 .ARM.attributes
                0x0000026c       0x2e CMakeFiles/rfid.elf.dir/Drivers/STM32F4xx_HAL_Driver/Src/stm32f4xx_hal_gpio.c.obj
 .ARM.attributes
                0x0000029a       0x2e CMakeFiles/rfid.elf.dir/Drivers/STM32F4xx_HAL_Driver/Src/stm32f4xx_hal_i2c.c.obj
 .ARM.attributes
                0x000002c8       0x2e CMakeFiles/rfid.elf.dir/Drivers/STM32F4xx_HAL_Driver/Src/stm32f4xx_hal_rcc.c.obj
 .ARM.attributes
                0x000002f6       0x2e CMakeFiles/rfid.elf.dir/Drivers/STM32F4xx_HAL_Driver/Src/stm32f4xx_hal_spi.c.obj
 .ARM.attributes
                0x00000324       0x2e CMakeFiles/rfid.elf.dir/Drivers/STM32F4xx_HAL_Driver/Src/stm32f4xx_hal_uart.c.obj
 .ARM.attributes
                0x00000352       0x1e c:/users/muzaffer/desktop/gcc-arm-none-eabi-10-2020-q4-major/bin/../lib/gcc/arm-none-eabi/10.2.1/thumb/v7e-m/nofp\libgcc.a(_arm_addsubdf3.o)
 .ARM.attributes
                0x00000370       0x1e c:/users/muzaffer/desktop/gcc-arm-none-eabi-10-2020-q4-major/bin/../lib/gcc/arm-none-eabi/10.2.1/thumb/v7e-m/nofp\libgcc.a(_arm_muldivdf3.o)
 .ARM.attributes
                0x0000038e       0x1e c:/users/muzaffer/desktop/gcc-arm-none-eabi-10-2020-q4-major/bin/../lib/gcc/arm-none-eabi/10.2.1/thumb/v7e-m/nofp\libgcc.a(_arm_fixdfsi.o)
 .ARM.attributes
                0x000003ac       0x1e c:/users/muzaffer/desktop/gcc-arm-none-eabi-10-2020-q4-major/bin/../lib/gcc/arm-none-eabi/10.2.1/thumb/v7e-m/nofp\libgcc.a(_aeabi_uldivmod.o)
 .ARM.attributes
                0x000003ca       0x2e c:/users/muzaffer/desktop/gcc-arm-none-eabi-10-2020-q4-major/bin/../lib/gcc/arm-none-eabi/10.2.1/thumb/v7e-m/nofp\libgcc.a(_udivmoddi4.o)
 .ARM.attributes
                0x000003f8       0x1e c:/users/muzaffer/desktop/gcc-arm-none-eabi-10-2020-q4-major/bin/../lib/gcc/arm-none-eabi/10.2.1/thumb/v7e-m/nofp\libgcc.a(_dvmd_tls.o)
 .ARM.attributes
                0x00000416       0x2e c:/users/muzaffer/desktop/gcc-arm-none-eabi-10-2020-q4-major/bin/../lib/gcc/arm-none-eabi/10.2.1/../../../../arm-none-eabi/lib/thumb/v7e-m/nofp\libg.a(lib_a-ctype_.o)
 .ARM.attributes
                0x00000444       0x2e c:/users/muzaffer/desktop/gcc-arm-none-eabi-10-2020-q4-major/bin/../lib/gcc/arm-none-eabi/10.2.1/../../../../arm-none-eabi/lib/thumb/v7e-m/nofp\libg.a(lib_a-errno.o)
 .ARM.attributes
                0x00000472       0x2e c:/users/muzaffer/desktop/gcc-arm-none-eabi-10-2020-q4-major/bin/../lib/gcc/arm-none-eabi/10.2.1/../../../../arm-none-eabi/lib/thumb/v7e-m/nofp\libg.a(lib_a-impure.o)
 .ARM.attributes
                0x000004a0       0x2e c:/users/muzaffer/desktop/gcc-arm-none-eabi-10-2020-q4-major/bin/../lib/gcc/arm-none-eabi/10.2.1/../../../../arm-none-eabi/lib/thumb/v7e-m/nofp\libg.a(lib_a-init.o)
 .ARM.attributes
                0x000004ce       0x2e c:/users/muzaffer/desktop/gcc-arm-none-eabi-10-2020-q4-major/bin/../lib/gcc/arm-none-eabi/10.2.1/../../../../arm-none-eabi/lib/thumb/v7e-m/nofp\libg.a(lib_a-malloc.o)
 .ARM.attributes
                0x000004fc       0x2e c:/users/muzaffer/desktop/gcc-arm-none-eabi-10-2020-q4-major/bin/../lib/gcc/arm-none-eabi/10.2.1/../../../../arm-none-eabi/lib/thumb/v7e-m/nofp\libg.a(lib_a-mallocr.o)
 .ARM.attributes
                0x0000052a       0x1c c:/users/muzaffer/desktop/gcc-arm-none-eabi-10-2020-q4-major/bin/../lib/gcc/arm-none-eabi/10.2.1/../../../../arm-none-eabi/lib/thumb/v7e-m/nofp\libg.a(lib_a-memcpy.o)
 .ARM.attributes
                0x00000546       0x2e c:/users/muzaffer/desktop/gcc-arm-none-eabi-10-2020-q4-major/bin/../lib/gcc/arm-none-eabi/10.2.1/../../../../arm-none-eabi/lib/thumb/v7e-m/nofp\libg.a(lib_a-memmove.o)
 .ARM.attributes
                0x00000574       0x2e c:/users/muzaffer/desktop/gcc-arm-none-eabi-10-2020-q4-major/bin/../lib/gcc/arm-none-eabi/10.2.1/../../../../arm-none-eabi/lib/thumb/v7e-m/nofp\libg.a(lib_a-memset.o)
 .ARM.attributes
                0x000005a2       0x2e c:/users/muzaffer/desktop/gcc-arm-none-eabi-10-2020-q4-major/bin/../lib/gcc/arm-none-eabi/10.2.1/../../../../arm-none-eabi/lib/thumb/v7e-m/nofp\libg.a(lib_a-mlock.o)
 .ARM.attributes
                0x000005d0       0x2e c:/users/muzaffer/desktop/gcc-arm-none-eabi-10-2020-q4-major/bin/../lib/gcc/arm-none-eabi/10.2.1/../../../../arm-none-eabi/lib/thumb/v7e-m/nofp\libg.a(lib_a-sbrkr.o)
 .ARM.attributes
                0x000005fe       0x2e c:/users/muzaffer/desktop/gcc-arm-none-eabi-10-2020-q4-major/bin/../lib/gcc/arm-none-eabi/10.2.1/../../../../arm-none-eabi/lib/thumb/v7e-m/nofp\libg.a(lib_a-sprintf.o)
 .ARM.attributes
                0x0000062c       0x2e c:/users/muzaffer/desktop/gcc-arm-none-eabi-10-2020-q4-major/bin/../lib/gcc/arm-none-eabi/10.2.1/../../../../arm-none-eabi/lib/thumb/v7e-m/nofp\libg.a(lib_a-strcpy.o)
 .ARM.attributes
                0x0000065a       0x2e c:/users/muzaffer/desktop/gcc-arm-none-eabi-10-2020-q4-major/bin/../lib/gcc/arm-none-eabi/10.2.1/../../../../arm-none-eabi/lib/thumb/v7e-m/nofp\libg.a(lib_a-strncpy.o)
 .ARM.attributes
                0x00000688       0x2e c:/users/muzaffer/desktop/gcc-arm-none-eabi-10-2020-q4-major/bin/../lib/gcc/arm-none-eabi/10.2.1/../../../../arm-none-eabi/lib/thumb/v7e-m/nofp\libg.a(lib_a-strstr.o)
 .ARM.attributes
                0x000006b6       0x2e c:/users/muzaffer/desktop/gcc-arm-none-eabi-10-2020-q4-major/bin/../lib/gcc/arm-none-eabi/10.2.1/../../../../arm-none-eabi/lib/thumb/v7e-m/nofp\libg.a(lib_a-svfprintf.o)
 .ARM.attributes
                0x000006e4       0x2e c:/users/muzaffer/desktop/gcc-arm-none-eabi-10-2020-q4-major/bin/../lib/gcc/arm-none-eabi/10.2.1/../../../../arm-none-eabi/lib/thumb/v7e-m/nofp\libg.a(lib_a-__call_atexit.o)
 .ARM.attributes
                0x00000712       0x2e c:/users/muzaffer/desktop/gcc-arm-none-eabi-10-2020-q4-major/bin/../lib/gcc/arm-none-eabi/10.2.1/../../../../arm-none-eabi/lib/thumb/v7e-m/nofp\libg.a(lib_a-atexit.o)
 .ARM.attributes
                0x00000740       0x2e c:/users/muzaffer/desktop/gcc-arm-none-eabi-10-2020-q4-major/bin/../lib/gcc/arm-none-eabi/10.2.1/../../../../arm-none-eabi/lib/thumb/v7e-m/nofp\libg.a(lib_a-dtoa.o)
 .ARM.attributes
                0x0000076e       0x2e c:/users/muzaffer/desktop/gcc-arm-none-eabi-10-2020-q4-major/bin/../lib/gcc/arm-none-eabi/10.2.1/../../../../arm-none-eabi/lib/thumb/v7e-m/nofp\libg.a(lib_a-fini.o)
 .ARM.attributes
                0x0000079c       0x2e c:/users/muzaffer/desktop/gcc-arm-none-eabi-10-2020-q4-major/bin/../lib/gcc/arm-none-eabi/10.2.1/../../../../arm-none-eabi/lib/thumb/v7e-m/nofp\libg.a(lib_a-freer.o)
 .ARM.attributes
                0x000007ca       0x2e c:/users/muzaffer/desktop/gcc-arm-none-eabi-10-2020-q4-major/bin/../lib/gcc/arm-none-eabi/10.2.1/../../../../arm-none-eabi/lib/thumb/v7e-m/nofp\libg.a(lib_a-localeconv.o)
 .ARM.attributes
                0x000007f8       0x2e c:/users/muzaffer/desktop/gcc-arm-none-eabi-10-2020-q4-major/bin/../lib/gcc/arm-none-eabi/10.2.1/../../../../arm-none-eabi/lib/thumb/v7e-m/nofp\libg.a(lib_a-lock.o)
 .ARM.attributes
                0x00000826       0x1c c:/users/muzaffer/desktop/gcc-arm-none-eabi-10-2020-q4-major/bin/../lib/gcc/arm-none-eabi/10.2.1/../../../../arm-none-eabi/lib/thumb/v7e-m/nofp\libg.a(lib_a-memchr.o)
 .ARM.attributes
                0x00000842       0x2e c:/users/muzaffer/desktop/gcc-arm-none-eabi-10-2020-q4-major/bin/../lib/gcc/arm-none-eabi/10.2.1/../../../../arm-none-eabi/lib/thumb/v7e-m/nofp\libg.a(lib_a-memcmp.o)
 .ARM.attributes
                0x00000870       0x2e c:/users/muzaffer/desktop/gcc-arm-none-eabi-10-2020-q4-major/bin/../lib/gcc/arm-none-eabi/10.2.1/../../../../arm-none-eabi/lib/thumb/v7e-m/nofp\libg.a(lib_a-mprec.o)
 .ARM.attributes
                0x0000089e       0x2e c:/users/muzaffer/desktop/gcc-arm-none-eabi-10-2020-q4-major/bin/../lib/gcc/arm-none-eabi/10.2.1/../../../../arm-none-eabi/lib/thumb/v7e-m/nofp\libg.a(lib_a-reent.o)
 .ARM.attributes
                0x000008cc       0x2e c:/users/muzaffer/desktop/gcc-arm-none-eabi-10-2020-q4-major/bin/../lib/gcc/arm-none-eabi/10.2.1/../../../../arm-none-eabi/lib/thumb/v7e-m/nofp\libg.a(lib_a-s_frexp.o)
 .ARM.attributes
                0x000008fa       0x2e c:/users/muzaffer/desktop/gcc-arm-none-eabi-10-2020-q4-major/bin/../lib/gcc/arm-none-eabi/10.2.1/../../../../arm-none-eabi/lib/thumb/v7e-m/nofp\libg.a(lib_a-strchr.o)
 .ARM.attributes
                0x00000928       0x1c c:/users/muzaffer/desktop/gcc-arm-none-eabi-10-2020-q4-major/bin/../lib/gcc/arm-none-eabi/10.2.1/../../../../arm-none-eabi/lib/thumb/v7e-m/nofp\libg.a(lib_a-strlen.o)
 .ARM.attributes
                0x00000944       0x2e c:/users/muzaffer/desktop/gcc-arm-none-eabi-10-2020-q4-major/bin/../lib/gcc/arm-none-eabi/10.2.1/../../../../arm-none-eabi/lib/thumb/v7e-m/nofp\libg.a(lib_a-strnlen.o)
 .ARM.attributes
                0x00000972       0x2e c:/users/muzaffer/desktop/gcc-arm-none-eabi-10-2020-q4-major/bin/../lib/gcc/arm-none-eabi/10.2.1/../../../../arm-none-eabi/lib/thumb/v7e-m/nofp\libg.a(lib_a-svfiprintf.o)
 .ARM.attributes
                0x000009a0       0x2e c:/users/muzaffer/desktop/gcc-arm-none-eabi-10-2020-q4-major/bin/../lib/gcc/arm-none-eabi/10.2.1/../../../../arm-none-eabi/lib/thumb/v7e-m/nofp\libg.a(lib_a-__atexit.o)
 .ARM.attributes
                0x000009ce       0x2e c:/users/muzaffer/desktop/gcc-arm-none-eabi-10-2020-q4-major/bin/../lib/gcc/arm-none-eabi/10.2.1/../../../../arm-none-eabi/lib/thumb/v7e-m/nofp\libg.a(lib_a-assert.o)
 .ARM.attributes
                0x000009fc       0x2e c:/users/muzaffer/desktop/gcc-arm-none-eabi-10-2020-q4-major/bin/../lib/gcc/arm-none-eabi/10.2.1/../../../../arm-none-eabi/lib/thumb/v7e-m/nofp\libg.a(lib_a-callocr.o)
 .ARM.attributes
                0x00000a2a       0x2e c:/users/muzaffer/desktop/gcc-arm-none-eabi-10-2020-q4-major/bin/../lib/gcc/arm-none-eabi/10.2.1/../../../../arm-none-eabi/lib/thumb/v7e-m/nofp\libg.a(lib_a-fiprintf.o)
 .ARM.attributes
                0x00000a58       0x2e c:/users/muzaffer/desktop/gcc-arm-none-eabi-10-2020-q4-major/bin/../lib/gcc/arm-none-eabi/10.2.1/../../../../arm-none-eabi/lib/thumb/v7e-m/nofp\libg.a(lib_a-locale.o)
 .ARM.attributes
                0x00000a86       0x2e c:/users/muzaffer/desktop/gcc-arm-none-eabi-10-2020-q4-major/bin/../lib/gcc/arm-none-eabi/10.2.1/../../../../arm-none-eabi/lib/thumb/v7e-m/nofp\libg.a(lib_a-mbtowc_r.o)
 .ARM.attributes
                0x00000ab4       0x2e c:/users/muzaffer/desktop/gcc-arm-none-eabi-10-2020-q4-major/bin/../lib/gcc/arm-none-eabi/10.2.1/../../../../arm-none-eabi/lib/thumb/v7e-m/nofp\libg.a(lib_a-reallocr.o)
 .ARM.attributes
                0x00000ae2       0x2e c:/users/muzaffer/desktop/gcc-arm-none-eabi-10-2020-q4-major/bin/../lib/gcc/arm-none-eabi/10.2.1/../../../../arm-none-eabi/lib/thumb/v7e-m/nofp\libg.a(lib_a-vfiprintf.o)
 .ARM.attributes
                0x00000b10       0x2e c:/users/muzaffer/desktop/gcc-arm-none-eabi-10-2020-q4-major/bin/../lib/gcc/arm-none-eabi/10.2.1/../../../../arm-none-eabi/lib/thumb/v7e-m/nofp\libg.a(lib_a-wctomb_r.o)
 .ARM.attributes
                0x00000b3e       0x2e c:/users/muzaffer/desktop/gcc-arm-none-eabi-10-2020-q4-major/bin/../lib/gcc/arm-none-eabi/10.2.1/../../../../arm-none-eabi/lib/thumb/v7e-m/nofp\libg.a(lib_a-wsetup.o)
 .ARM.attributes
                0x00000b6c       0x2e c:/users/muzaffer/desktop/gcc-arm-none-eabi-10-2020-q4-major/bin/../lib/gcc/arm-none-eabi/10.2.1/../../../../arm-none-eabi/lib/thumb/v7e-m/nofp\libg.a(lib_a-abort.o)
 .ARM.attributes
                0x00000b9a       0x2e c:/users/muzaffer/desktop/gcc-arm-none-eabi-10-2020-q4-major/bin/../lib/gcc/arm-none-eabi/10.2.1/../../../../arm-none-eabi/lib/thumb/v7e-m/nofp\libg.a(lib_a-fflush.o)
 .ARM.attributes
                0x00000bc8       0x2e c:/users/muzaffer/desktop/gcc-arm-none-eabi-10-2020-q4-major/bin/../lib/gcc/arm-none-eabi/10.2.1/../../../../arm-none-eabi/lib/thumb/v7e-m/nofp\libg.a(lib_a-findfp.o)
 .ARM.attributes
                0x00000bf6       0x2e c:/users/muzaffer/desktop/gcc-arm-none-eabi-10-2020-q4-major/bin/../lib/gcc/arm-none-eabi/10.2.1/../../../../arm-none-eabi/lib/thumb/v7e-m/nofp\libg.a(lib_a-fputwc.o)
 .ARM.attributes
                0x00000c24       0x2e c:/users/muzaffer/desktop/gcc-arm-none-eabi-10-2020-q4-major/bin/../lib/gcc/arm-none-eabi/10.2.1/../../../../arm-none-eabi/lib/thumb/v7e-m/nofp\libg.a(lib_a-fvwrite.o)
 .ARM.attributes
                0x00000c52       0x2e c:/users/muzaffer/desktop/gcc-arm-none-eabi-10-2020-q4-major/bin/../lib/gcc/arm-none-eabi/10.2.1/../../../../arm-none-eabi/lib/thumb/v7e-m/nofp\libg.a(lib_a-fwalk.o)
 .ARM.attributes
                0x00000c80       0x2e c:/users/muzaffer/desktop/gcc-arm-none-eabi-10-2020-q4-major/bin/../lib/gcc/arm-none-eabi/10.2.1/../../../../arm-none-eabi/lib/thumb/v7e-m/nofp\libg.a(lib_a-makebuf.o)
 .ARM.attributes
                0x00000cae       0x2e c:/users/muzaffer/desktop/gcc-arm-none-eabi-10-2020-q4-major/bin/../lib/gcc/arm-none-eabi/10.2.1/../../../../arm-none-eabi/lib/thumb/v7e-m/nofp\libg.a(lib_a-signal.o)
 .ARM.attributes
                0x00000cdc       0x2e c:/users/muzaffer/desktop/gcc-arm-none-eabi-10-2020-q4-major/bin/../lib/gcc/arm-none-eabi/10.2.1/../../../../arm-none-eabi/lib/thumb/v7e-m/nofp\libg.a(lib_a-signalr.o)
 .ARM.attributes
                0x00000d0a       0x2e c:/users/muzaffer/desktop/gcc-arm-none-eabi-10-2020-q4-major/bin/../lib/gcc/arm-none-eabi/10.2.1/../../../../arm-none-eabi/lib/thumb/v7e-m/nofp\libg.a(lib_a-stdio.o)
 .ARM.attributes
                0x00000d38       0x2e c:/users/muzaffer/desktop/gcc-arm-none-eabi-10-2020-q4-major/bin/../lib/gcc/arm-none-eabi/10.2.1/../../../../arm-none-eabi/lib/thumb/v7e-m/nofp\libg.a(lib_a-wbuf.o)
 .ARM.attributes
                0x00000d66       0x2e c:/users/muzaffer/desktop/gcc-arm-none-eabi-10-2020-q4-major/bin/../lib/gcc/arm-none-eabi/10.2.1/../../../../arm-none-eabi/lib/thumb/v7e-m/nofp\libg.a(lib_a-wcrtomb.o)
 .ARM.attributes
                0x00000d94       0x2e c:/users/muzaffer/desktop/gcc-arm-none-eabi-10-2020-q4-major/bin/../lib/gcc/arm-none-eabi/10.2.1/../../../../arm-none-eabi/lib/thumb/v7e-m/nofp\libg.a(lib_a-writer.o)
 .ARM.attributes
                0x00000dc2       0x2e c:/users/muzaffer/desktop/gcc-arm-none-eabi-10-2020-q4-major/bin/../lib/gcc/arm-none-eabi/10.2.1/../../../../arm-none-eabi/lib/thumb/v7e-m/nofp\libg.a(lib_a-closer.o)
 .ARM.attributes
                0x00000df0       0x2e c:/users/muzaffer/desktop/gcc-arm-none-eabi-10-2020-q4-major/bin/../lib/gcc/arm-none-eabi/10.2.1/../../../../arm-none-eabi/lib/thumb/v7e-m/nofp\libg.a(lib_a-fclose.o)
 .ARM.attributes
                0x00000e1e       0x2e c:/users/muzaffer/desktop/gcc-arm-none-eabi-10-2020-q4-major/bin/../lib/gcc/arm-none-eabi/10.2.1/../../../../arm-none-eabi/lib/thumb/v7e-m/nofp\libg.a(lib_a-fstatr.o)
 .ARM.attributes
                0x00000e4c       0x2e c:/users/muzaffer/desktop/gcc-arm-none-eabi-10-2020-q4-major/bin/../lib/gcc/arm-none-eabi/10.2.1/../../../../arm-none-eabi/lib/thumb/v7e-m/nofp\libg.a(lib_a-isattyr.o)
 .ARM.attributes
                0x00000e7a       0x2e c:/users/muzaffer/desktop/gcc-arm-none-eabi-10-2020-q4-major/bin/../lib/gcc/arm-none-eabi/10.2.1/../../../../arm-none-eabi/lib/thumb/v7e-m/nofp\libg.a(lib_a-lseekr.o)
 .ARM.attributes
                0x00000ea8       0x2e c:/users/muzaffer/desktop/gcc-arm-none-eabi-10-2020-q4-major/bin/../lib/gcc/arm-none-eabi/10.2.1/../../../../arm-none-eabi/lib/thumb/v7e-m/nofp\libg.a(lib_a-readr.o)
 .ARM.attributes
                0x00000ed6       0x1e c:/users/muzaffer/desktop/gcc-arm-none-eabi-10-2020-q4-major/bin/../lib/gcc/arm-none-eabi/10.2.1/thumb/v7e-m/nofp\libgcc.a(_arm_cmpdf2.o)
 .ARM.attributes
                0x00000ef4       0x1e c:/users/muzaffer/desktop/gcc-arm-none-eabi-10-2020-q4-major/bin/../lib/gcc/arm-none-eabi/10.2.1/thumb/v7e-m/nofp\libgcc.a(_arm_unorddf2.o)
 .ARM.attributes
                0x00000f12       0x1e c:/users/muzaffer/desktop/gcc-arm-none-eabi-10-2020-q4-major/bin/../lib/gcc/arm-none-eabi/10.2.1/thumb/v7e-m/nofp/crtn.o
OUTPUT(rfid.elf elf32-littlearm)
LOAD linker stubs
LOAD c:/users/muzaffer/desktop/gcc-arm-none-eabi-10-2020-q4-major/bin/../lib/gcc/arm-none-eabi/10.2.1/../../../../arm-none-eabi/lib/thumb/v7e-m/nofp\libc.a
LOAD c:/users/muzaffer/desktop/gcc-arm-none-eabi-10-2020-q4-major/bin/../lib/gcc/arm-none-eabi/10.2.1/../../../../arm-none-eabi/lib/thumb/v7e-m/nofp\libm.a
LOAD c:/users/muzaffer/desktop/gcc-arm-none-eabi-10-2020-q4-major/bin/../lib/gcc/arm-none-eabi/10.2.1/thumb/v7e-m/nofp\libgcc.a

.debug_info     0x00000000    0x13022
 .debug_info    0x00000000      0x7e7 CMakeFiles/rfid.elf.dir/Core/Src/ESP8266.c.obj
 .debug_info    0x000007e7     0x28fc CMakeFiles/rfid.elf.dir/Core/Src/main.c.obj
 .debug_info    0x000030e3     0x1765 CMakeFiles/rfid.elf.dir/Core/Src/ssd1306.c.obj
 .debug_info    0x00004848      0x1ee CMakeFiles/rfid.elf.dir/Core/Src/ssd1306_fonts.c.obj
 .debug_info    0x00004a36     0x1098 CMakeFiles/rfid.elf.dir/Core/Src/stm32f4xx_hal_msp.c.obj
 .debug_info    0x00005ace      0x12f CMakeFiles/rfid.elf.dir/Core/Src/stm32f4xx_it.c.obj
 .debug_info    0x00005bfd      0x7af CMakeFiles/rfid.elf.dir/Core/Src/syscalls.c.obj
 .debug_info    0x000063ac      0x174 CMakeFiles/rfid.elf.dir/Core/Src/sysmem.c.obj
 .debug_info    0x00006520      0x37d CMakeFiles/rfid.elf.dir/Core/Src/system_stm32f4xx.c.obj
 .debug_info    0x0000689d       0x22 CMakeFiles/rfid.elf.dir/Core/Startup/startup_stm32f407vgtx.s.obj
 .debug_info    0x000068bf      0x9f0 CMakeFiles/rfid.elf.dir/Drivers/STM32F4xx_HAL_Driver/Src/stm32f4xx_hal.c.obj
 .debug_info    0x000072af     0x1098 CMakeFiles/rfid.elf.dir/Drivers/STM32F4xx_HAL_Driver/Src/stm32f4xx_hal_cortex.c.obj
 .debug_info    0x00008347      0x7b0 CMakeFiles/rfid.elf.dir/Drivers/STM32F4xx_HAL_Driver/Src/stm32f4xx_hal_gpio.c.obj
 .debug_info    0x00008af7     0x3944 CMakeFiles/rfid.elf.dir/Drivers/STM32F4xx_HAL_Driver/Src/stm32f4xx_hal_i2c.c.obj
 .debug_info    0x0000c43b      0xb03 CMakeFiles/rfid.elf.dir/Drivers/STM32F4xx_HAL_Driver/Src/stm32f4xx_hal_rcc.c.obj
 .debug_info    0x0000cf3e     0x1e96 CMakeFiles/rfid.elf.dir/Drivers/STM32F4xx_HAL_Driver/Src/stm32f4xx_hal_spi.c.obj
 .debug_info    0x0000edd4     0x424e CMakeFiles/rfid.elf.dir/Drivers/STM32F4xx_HAL_Driver/Src/stm32f4xx_hal_uart.c.obj

.debug_abbrev   0x00000000     0x2170
 .debug_abbrev  0x00000000      0x1fa CMakeFiles/rfid.elf.dir/Core/Src/ESP8266.c.obj
 .debug_abbrev  0x000001fa      0x393 CMakeFiles/rfid.elf.dir/Core/Src/main.c.obj
 .debug_abbrev  0x0000058d      0x365 CMakeFiles/rfid.elf.dir/Core/Src/ssd1306.c.obj
 .debug_abbrev  0x000008f2       0xbb CMakeFiles/rfid.elf.dir/Core/Src/ssd1306_fonts.c.obj
 .debug_abbrev  0x000009ad      0x1dd CMakeFiles/rfid.elf.dir/Core/Src/stm32f4xx_hal_msp.c.obj
 .debug_abbrev  0x00000b8a       0x7e CMakeFiles/rfid.elf.dir/Core/Src/stm32f4xx_it.c.obj
 .debug_abbrev  0x00000c08      0x1a3 CMakeFiles/rfid.elf.dir/Core/Src/syscalls.c.obj
 .debug_abbrev  0x00000dab       0xe7 CMakeFiles/rfid.elf.dir/Core/Src/sysmem.c.obj
 .debug_abbrev  0x00000e92      0x119 CMakeFiles/rfid.elf.dir/Core/Src/system_stm32f4xx.c.obj
 .debug_abbrev  0x00000fab       0x12 CMakeFiles/rfid.elf.dir/Core/Startup/startup_stm32f407vgtx.s.obj
 .debug_abbrev  0x00000fbd      0x206 CMakeFiles/rfid.elf.dir/Drivers/STM32F4xx_HAL_Driver/Src/stm32f4xx_hal.c.obj
 .debug_abbrev  0x000011c3      0x36a CMakeFiles/rfid.elf.dir/Drivers/STM32F4xx_HAL_Driver/Src/stm32f4xx_hal_cortex.c.obj
 .debug_abbrev  0x0000152d      0x1ef CMakeFiles/rfid.elf.dir/Drivers/STM32F4xx_HAL_Driver/Src/stm32f4xx_hal_gpio.c.obj
 .debug_abbrev  0x0000171c      0x27f CMakeFiles/rfid.elf.dir/Drivers/STM32F4xx_HAL_Driver/Src/stm32f4xx_hal_i2c.c.obj
 .debug_abbrev  0x0000199b      0x28a CMakeFiles/rfid.elf.dir/Drivers/STM32F4xx_HAL_Driver/Src/stm32f4xx_hal_rcc.c.obj
 .debug_abbrev  0x00001c25      0x24e CMakeFiles/rfid.elf.dir/Drivers/STM32F4xx_HAL_Driver/Src/stm32f4xx_hal_spi.c.obj
 .debug_abbrev  0x00001e73      0x2fd CMakeFiles/rfid.elf.dir/Drivers/STM32F4xx_HAL_Driver/Src/stm32f4xx_hal_uart.c.obj

.debug_loc      0x00000000     0xde2b
 .debug_loc     0x00000000      0x1e1 CMakeFiles/rfid.elf.dir/Core/Src/ESP8266.c.obj
 .debug_loc     0x000001e1      0xc72 CMakeFiles/rfid.elf.dir/Core/Src/main.c.obj
 .debug_loc     0x00000e53      0xc69 CMakeFiles/rfid.elf.dir/Core/Src/ssd1306.c.obj
 .debug_loc     0x00001abc      0x16f CMakeFiles/rfid.elf.dir/Core/Src/stm32f4xx_hal_msp.c.obj
 .debug_loc     0x00001c2b      0x3c5 CMakeFiles/rfid.elf.dir/Core/Src/syscalls.c.obj
 .debug_loc     0x00001ff0       0x64 CMakeFiles/rfid.elf.dir/Core/Src/sysmem.c.obj
 .debug_loc     0x00002054      0x158 CMakeFiles/rfid.elf.dir/Core/Src/system_stm32f4xx.c.obj
 .debug_loc     0x000021ac      0x141 CMakeFiles/rfid.elf.dir/Drivers/STM32F4xx_HAL_Driver/Src/stm32f4xx_hal.c.obj
 .debug_loc     0x000022ed      0x744 CMakeFiles/rfid.elf.dir/Drivers/STM32F4xx_HAL_Driver/Src/stm32f4xx_hal_cortex.c.obj
 .debug_loc     0x00002a31      0x520 CMakeFiles/rfid.elf.dir/Drivers/STM32F4xx_HAL_Driver/Src/stm32f4xx_hal_gpio.c.obj
 .debug_loc     0x00002f51     0x41b6 CMakeFiles/rfid.elf.dir/Drivers/STM32F4xx_HAL_Driver/Src/stm32f4xx_hal_i2c.c.obj
 .debug_loc     0x00007107      0x58c CMakeFiles/rfid.elf.dir/Drivers/STM32F4xx_HAL_Driver/Src/stm32f4xx_hal_rcc.c.obj
 .debug_loc     0x00007693     0x1ded CMakeFiles/rfid.elf.dir/Drivers/STM32F4xx_HAL_Driver/Src/stm32f4xx_hal_spi.c.obj
 .debug_loc     0x00009480     0x49ab CMakeFiles/rfid.elf.dir/Drivers/STM32F4xx_HAL_Driver/Src/stm32f4xx_hal_uart.c.obj

.debug_aranges  0x00000000      0xcc0
 .debug_aranges
                0x00000000       0x28 CMakeFiles/rfid.elf.dir/Core/Src/ESP8266.c.obj
 .debug_aranges
                0x00000028      0x108 CMakeFiles/rfid.elf.dir/Core/Src/main.c.obj
 .debug_aranges
                0x00000130       0xc8 CMakeFiles/rfid.elf.dir/Core/Src/ssd1306.c.obj
 .debug_aranges
                0x000001f8       0x18 CMakeFiles/rfid.elf.dir/Core/Src/ssd1306_fonts.c.obj
 .debug_aranges
                0x00000210       0x50 CMakeFiles/rfid.elf.dir/Core/Src/stm32f4xx_hal_msp.c.obj
 .debug_aranges
                0x00000260       0x60 CMakeFiles/rfid.elf.dir/Core/Src/stm32f4xx_it.c.obj
 .debug_aranges
                0x000002c0       0xa8 CMakeFiles/rfid.elf.dir/Core/Src/syscalls.c.obj
 .debug_aranges
                0x00000368       0x20 CMakeFiles/rfid.elf.dir/Core/Src/sysmem.c.obj
 .debug_aranges
                0x00000388       0x28 CMakeFiles/rfid.elf.dir/Core/Src/system_stm32f4xx.c.obj
 .debug_aranges
                0x000003b0       0x28 CMakeFiles/rfid.elf.dir/Core/Startup/startup_stm32f407vgtx.s.obj
 .debug_aranges
                0x000003d8       0xf0 CMakeFiles/rfid.elf.dir/Drivers/STM32F4xx_HAL_Driver/Src/stm32f4xx_hal.c.obj
 .debug_aranges